Archive member included to satisfy reference by file (symbol)

C:/devkitPro/libogc/lib/wii\libwiiuse.a(wpad.o)
                              core.o (WPAD_SetDataFormat)
C:/devkitPro/libogc/lib/wii\libwiiuse.a(motion_plus.o)
                              C:/devkitPro/libogc/lib/wii\libwiiuse.a(wpad.o) (wiiuse_set_motion_plus)
C:/devkitPro/libogc/lib/wii\libwiiuse.a(dynamics.o)
                              C:/devkitPro/libogc/lib/wii\libwiiuse.a(wpad.o) (calculate_gforce)
C:/devkitPro/libogc/lib/wii\libwiiuse.a(io.o)
                              C:/devkitPro/libogc/lib/wii\libwiiuse.a(motion_plus.o) (wiiuse_disable_expansion)
C:/devkitPro/libogc/lib/wii\libwiiuse.a(io_wii.o)
                              C:/devkitPro/libogc/lib/wii\libwiiuse.a(wpad.o) (__wiiuse_sensorbar_enable)
C:/devkitPro/libogc/lib/wii\libwiiuse.a(ir.o)
                              C:/devkitPro/libogc/lib/wii\libwiiuse.a(motion_plus.o) (wiiuse_set_ir_mode)
C:/devkitPro/libogc/lib/wii\libwiiuse.a(nunchuk.o)
                              C:/devkitPro/libogc/lib/wii\libwiiuse.a(io.o) (nunchuk_handshake)
C:/devkitPro/libogc/lib/wii\libwiiuse.a(wiiboard.o)
                              C:/devkitPro/libogc/lib/wii\libwiiuse.a(io.o) (wii_board_handshake)
C:/devkitPro/libogc/lib/wii\libwiiuse.a(wiiuse.o)
                              C:/devkitPro/libogc/lib/wii\libwiiuse.a(wpad.o) (wiiuse_init)
C:/devkitPro/libogc/lib/wii\libwiiuse.a(speaker.o)
                              C:/devkitPro/libogc/lib/wii\libwiiuse.a(wpad.o) (wencdata)
C:/devkitPro/libogc/lib/wii\libwiiuse.a(classic.o)
                              C:/devkitPro/libogc/lib/wii\libwiiuse.a(io.o) (classic_ctrl_handshake)
C:/devkitPro/libogc/lib/wii\libwiiuse.a(events.o)
                              C:/devkitPro/libogc/lib/wii\libwiiuse.a(io_wii.o) (parse_event)
C:/devkitPro/libogc/lib/wii\libwiiuse.a(guitar_hero_3.o)
                              C:/devkitPro/libogc/lib/wii\libwiiuse.a(io.o) (guitar_hero_3_handshake)
C:/devkitPro/libogc/lib/wii\libbte.a(bte.o)
                              C:/devkitPro/libogc/lib/wii\libwiiuse.a(wpad.o) (BTE_Init)
C:/devkitPro/libogc/lib/wii\libbte.a(hci.o)
                              C:/devkitPro/libogc/lib/wii\libbte.a(bte.o) (hci_init)
C:/devkitPro/libogc/lib/wii\libbte.a(l2cap.o)
                              C:/devkitPro/libogc/lib/wii\libbte.a(bte.o) (l2cap_init)
C:/devkitPro/libogc/lib/wii\libbte.a(btmemb.o)
                              C:/devkitPro/libogc/lib/wii\libbte.a(bte.o) (btmemb_init)
C:/devkitPro/libogc/lib/wii\libbte.a(btmemr.o)
                              C:/devkitPro/libogc/lib/wii\libbte.a(hci.o) (btmemr_init)
C:/devkitPro/libogc/lib/wii\libbte.a(btpbuf.o)
                              C:/devkitPro/libogc/lib/wii\libbte.a(hci.o) (btpbuf_init)
C:/devkitPro/libogc/lib/wii\libbte.a(physbusif.o)
                              C:/devkitPro/libogc/lib/wii\libbte.a(bte.o) (physbusif_init)
C:/devkitPro/portlibs/ppc/lib\libvorbisidec.a(vorbisfile.o)
                              oggplayer.o (ov_clear)
C:/devkitPro/portlibs/ppc/lib\libvorbisidec.a(block.o)
                              C:/devkitPro/portlibs/ppc/lib\libvorbisidec.a(vorbisfile.o) (vorbis_block_init)
C:/devkitPro/portlibs/ppc/lib\libvorbisidec.a(window.o)
                              C:/devkitPro/portlibs/ppc/lib\libvorbisidec.a(block.o) (_vorbis_window)
C:/devkitPro/portlibs/ppc/lib\libvorbisidec.a(synthesis.o)
                              C:/devkitPro/portlibs/ppc/lib\libvorbisidec.a(vorbisfile.o) (vorbis_synthesis)
C:/devkitPro/portlibs/ppc/lib\libvorbisidec.a(info.o)
                              C:/devkitPro/portlibs/ppc/lib\libvorbisidec.a(vorbisfile.o) (vorbis_comment_init)
C:/devkitPro/portlibs/ppc/lib\libvorbisidec.a(registry.o)
                              C:/devkitPro/portlibs/ppc/lib\libvorbisidec.a(block.o) (_mapping_P)
C:/devkitPro/portlibs/ppc/lib\libvorbisidec.a(codebook.o)
                              C:/devkitPro/portlibs/ppc/lib\libvorbisidec.a(info.o) (vorbis_staticbook_unpack)
C:/devkitPro/portlibs/ppc/lib\libvorbisidec.a(sharedbook.o)
                              C:/devkitPro/portlibs/ppc/lib\libvorbisidec.a(codebook.o) (_ilog)
C:/devkitPro/portlibs/ppc/lib\libvorbisidec.a(floor1.o)
                              C:/devkitPro/portlibs/ppc/lib\libvorbisidec.a(registry.o) (floor1_exportbundle)
C:/devkitPro/portlibs/ppc/lib\libvorbisidec.a(floor0.o)
                              C:/devkitPro/portlibs/ppc/lib\libvorbisidec.a(registry.o) (floor0_exportbundle)
C:/devkitPro/portlibs/ppc/lib\libvorbisidec.a(res012.o)
                              C:/devkitPro/portlibs/ppc/lib\libvorbisidec.a(registry.o) (residue2_exportbundle)
C:/devkitPro/portlibs/ppc/lib\libvorbisidec.a(mapping0.o)
                              C:/devkitPro/portlibs/ppc/lib\libvorbisidec.a(registry.o) (mapping0_exportbundle)
C:/devkitPro/portlibs/ppc/lib\libvorbisidec.a(mdct.o)
                              C:/devkitPro/portlibs/ppc/lib\libvorbisidec.a(mapping0.o) (mdct_backward)
[...]
Memory Configuration

Name             Origin             Length             Attributes
*default*        0x00000000         0xffffffff

Linker script and memory map

                0x00003400                        . = 0x3400

.stub
 *(.stub)
                0x80004000                        . = 0x80004000

.init           0x80004000      0x194
 *crt0.o(*.init)
 .init          0x80004000      0x170 C:/devkitPro/libogc/lib/wii\libogc.a(ogc_crt0.o)
                0x80004000                _start
                0x80004140                _memset
 *(.init)
 .init          0x80004170        0xc C:/devkitPro/devkitPPC/bin/../lib/gcc/powerpc-eabi/15.1.0/ecrti.o
                0x80004170                __init
 .init          0x8000417c        0x4 C:/devkitPro/devkitPPC/bin/../lib/gcc/powerpc-eabi/15.1.0/crtbegin.o
 .init          0x80004180        0x4 C:/devkitPro/devkitPPC/bin/../lib/gcc/powerpc-eabi/15.1.0/crtend.o
 .init          0x80004184       0x10 C:/devkitPro/devkitPPC/bin/../lib/gcc/powerpc-eabi/15.1.0/ecrtn.o

.rela.dyn       0x80004194        0x0
 .rela.iplt     0x80004194        0x0 C:/devkitPro/devkitPPC/bin/../lib/gcc/powerpc-eabi/15.1.0/crtbegin.o

.plt
 *(.plt)

.interp
 *(.interp)

.hash
 *(.hash)

.dynsym
 *(.dynsym)

.dynstr
 *(.dynstr)

.gnu.version
 *(.gnu.version)

.gnu.version_d
 *(.gnu.version_d)

.gnu.version_r
 *(.gnu.version_r)

.rel.init
 *(.rel.init)

.rela.init
 *(.rela.init)

.rel.text
 *(.rel.text .rel.text.* .rel.gnu.linkonce.t.*)

.rela.text      0x80004194        0x0
 *(.rela.text .rela.text.* .rela.gnu.linkonce.t.*)
 .rela.text.__do_global_dtors_aux
                0x80004194        0x0 C:/devkitPro/devkitPPC/bin/../lib/gcc/powerpc-eabi/15.1.0/crtbegin.o
 .rela.text.frame_dummy
                0x80004194        0x0 C:/devkitPro/devkitPPC/bin/../lib/gcc/powerpc-eabi/15.1.0/crtbegin.o
 .rela.text.unlikely.abort
                0x80004194        0x0 C:/devkitPro/devkitPPC/bin/../lib/gcc/powerpc-eabi/15.1.0/crtbegin.o
 .rela.text.__assert_func
                0x80004194        0x0 C:/devkitPro/devkitPPC/bin/../lib/gcc/powerpc-eabi/15.1.0/crtbegin.o

.rel.fini
 *(.rel.fini)

.rela.fini
 *(.rela.fini)

.rel.rodata
 *(.rel.rodata .rel.rodata.* .rel.gnu.linkonce.r.*)

.rela.rodata
 *(.rela.rodata .rela.rodata.* .rela.gnu.linkonce.r.*)

.rel.data
 *(.rel.data .rel.data.* .rel.gnu.linkonce.d.*)

.rela.data
 *(.rela.data .rela.data.* .rela.gnu.linkonce.d.*)

.rel.tdata
 *(.rel.tdata .rel.tdata.* .rel.gnu.linkonce.td.*)

.rela.tdata
 *(.rela.tdata .rela.tdata.* .rela.gnu.linkonce.td.*)

.rel.tbss
 *(.rel.tbss .rel.tbss.* .rel.gnu.linkonce.tb.*)

.rela.tbss
 *(.rela.tbss .rela.tbss.* .rela.gnu.linkonce.tb.*)

.rel.ctors
 *(.rel.ctors)

.rela.ctors
 *(.rela.ctors)

.rel.dtors
 *(.rel.dtors)

.rela.dtors
 *(.rela.dtors)

.rel.got
 *(.rel.got)

.rela.got
 *(.rela.got)

.rela.got1
 *(.rela.got1)

.rela.got2
 *(.rela.got2)

.rel.sdata
 *(.rel.sdata .rel.sdata.* .rel.gnu.linkonce.s.*)

.rela.sdata
 *(.rela.sdata .rela.sdata.* .rela.gnu.linkonce.s.*)

.rel.sbss
 *(.rel.sbss .rel.sbss.* .rel.gnu.linkonce.sb.*)

.rela.sbss
 *(.rela.sbss .rela.sbss.* .rel.gnu.linkonce.sb.*)

.rel.sdata2
 *(.rel.sdata2 .rel.sdata2.* .rel.gnu.linkonce.s2.*)

.rela.sdata2
 *(.rela.sdata2 .rela.sdata2.* .rela.gnu.linkonce.s2.*)

.rel.sbss2
 *(.rel.sbss2 .rel.sbss2.* .rel.gnu.linkonce.sb2.*)

.rela.sbss2
 *(.rela.sbss2 .rela.sbss2.* .rela.gnu.linkonce.sb2.*)

.rel.bss
 *(.rel.bss .rel.bss.* .rel.gnu.linkonce.b.*)

.rela.bss
 *(.rela.bss .rela.bss.* .rela.gnu.linkonce.b.*)

.rel.plt
 *(.rel.plt)

.rela.plt
 *(.rela.plt)

.text           0x800041a0    0x554a0
 *(.text)
 .text          0x800041a0      0x44c C:/devkitPro/libogc/lib/wii\libogc.a(lwp_handler.o)
                0x800041a0                _cpu_context_save_fp
                0x800042e0                _cpu_context_restore_fp
                0x80004420                _cpu_context_switch
                0x80004500                _cpu_context_save
                0x80004580                _cpu_context_restore
 .text          0x800045ec      0x4f4 C:/devkitPro/libogc/lib/wii\libogc.a(cache_asm.o)
                0x800045ec                DCFlashInvalidate
                0x80004600                DCEnable
                0x80004614                DCDisable
                0x80004628                DCFreeze
                0x8000463c                DCUnfreeze
                0x80004650                DCTouchLoad
                0x80004658                DCBlockZero
                0x80004660                DCBlockStore
                0x80004668                DCBlockFlush
                0x80004670                DCBlockInvalidate
                0x80004678                DCInvalidateRange
                0x800046a8                DCFlushRange
                0x800046dc                DCStoreRange
                0x80004710                DCFlushRangeNoSync
                0x80004740                DCStoreRangeNoSync
                0x80004770                DCZeroRange
                0x800047a0                DCTouchRange
                0x800047d0                ICInvalidateRange
                0x80004808                ICFlashInvalidate
                0x8000481c                ICEnable
                0x80004830                ICDisable
                0x80004844                ICFreeze
                0x80004858                ICUnfreeze
                0x8000486c                ICBlockInvalidate
                0x80004874                ICSync
                0x8000487c                L2Init
                0x800048c4                L2Enable
                0x800048e0                L2Disable
                0x800048f8                L2GlobalInvalidate
                0x80004950                __LCEnable
                0x80004a1c                LCDisable
                0x80004a44                LCAllocOneTag
                0x80004a58                LCAllocTags
                0x80004a98                LCLoadBlocks
                0x80004abc                LCStoreBlocks
 .text          0x80004ae0      0x46c C:/devkitPro/libogc/lib/wii\libogc.a(system_asm.o)
                0x80004ae0                __realmode
                0x80004af8                __configBATS
                0x80004c28                __InitFPRS
                0x80004d54                __InitPS
                0x80004db0                __InitCache
                0x80004e08                __InitSystem
                0x80004e90                __reset
                0x80004f00                __InitBATS
                0x80004f1c                SYS_SwitchFiber
 .text          0x80004f4c      0x8dc C:/devkitPro/libogc/lib/wii\libogc.a(gu_psasm.o)
                0x80004f4c                ps_guMtxConcat
                0x80005010                ps_guMtxIdentity
                0x8000503c                ps_guMtxCopy
                0x80005070                ps_guMtxTranspose
                0x800050c0                ps_guMtxInverse
                0x800051b8                ps_guMtxInvXpose
                0x80005280                ps_guMtxScale
                0x800052a8                ps_guMtxScaleApply
                0x80005300                ps_guMtxApplyScale
                0x80005364                ps_guMtxTrans
                0x80005398                ps_guMtxTransApply
                0x800053e4                ps_guMtxApplyTrans
                0x80005460                ps_guMtxRotTrig
                0x80005510                __ps_guMtxRotAxisRadInternal
                0x800055d0                ps_guMtxReflect
                0x80005640                ps_guVecAdd
                0x80005664                ps_guVecSub
                0x80005688                ps_guVecScale
                0x800056a4                ps_guVecNormalize
                0x800056e8                ps_guVecCross
                0x80005724                ps_guVecDotProduct
                0x80005744                ps_guVecMultiply
                0x80005798                ps_guVecMultiplySR
                0x80005808                ps_guQuatDotProduct
 .text          0x80005828      0x1ac C:/devkitPro/libogc/lib/wii\libogc.a(irq_handler.o)
                0x80005828                irq_exceptionhandler
 .text          0x800059d4      0x1ac C:/devkitPro/libogc/lib/wii\libogc.a(decrementer_handler.o)
                0x800059d4                dec_exceptionhandler
 .text          0x80005b80      0x35c C:/devkitPro/libogc/lib/wii\libogc.a(exception_handler.o)
                0x80005b80                exceptionhandler_start
                0x80005bfc                exceptionhandler_patch
                0x80005c30                exceptionhandler_end
                0x80005c34                default_exceptionhandler
                0x80005d64                fpu_exceptionhandler
                0x80005eac                systemcallhandler_start
                0x80005ed8                systemcallhandler_end
 .text          0x80005edc       0x48 C:/devkitPro/devkitPPC/bin/../lib/gcc/powerpc-eabi/15.1.0\libgcc.a(eabi.o)
                0x80005edc                __eabi
 .text          0x80005f24       0x58 C:/devkitPro/devkitPPC/bin/../lib/gcc/powerpc-eabi/15.1.0\libgcc.a(crtresxgpr.o)
                0x80005f24                _restgpr_14_x
                0x80005f28                _restgpr_15_x
                0x80005f2c                _restgpr_16_x
                0x80005f30                _restgpr_17_x
                0x80005f34                _restgpr_18_x
                0x80005f38                _restgpr_19_x
                0x80005f3c                _restgpr_20_x
                0x80005f40                _restgpr_21_x
                0x80005f44                _restgpr_22_x
                0x80005f48                _restgpr_23_x
                0x80005f4c                _restgpr_24_x
                0x80005f50                _restgpr_25_x
                0x80005f54                _restgpr_26_x
                0x80005f58                _restgpr_27_x
                0x80005f5c                _restgpr_28_x
                0x80005f60                _restgpr_29_x
                0x80005f64                _restgpr_30_x
                0x80005f68                _restgpr_31_x
 *(.text.*)
 .text.__do_global_dtors_aux
                0x80005f7c       0xcc C:/devkitPro/devkitPPC/bin/../lib/gcc/powerpc-eabi/15.1.0/crtbegin.o
 .text.frame_dummy
                0x80006048       0x24 C:/devkitPro/devkitPPC/bin/../lib/gcc/powerpc-eabi/15.1.0/crtbegin.o
 .text.__crtmain
                0x8000606c       0x40 C:/devkitPro/devkitPPC/bin/../lib/gcc/powerpc-eabi/15.1.0/../../../../powerpc-eabi/lib/crtmain.o
                0x80006070                __crtmain
 .text.startup.main
                0x800060ac      0x108 main.o
                0x800060ac                main
 .text.keyPress_cb
                0x800061b4       0x14 core.o
                0x800061b4                keyPress_cb
 .text.platformInit
                0x800061c8       0x3c core.o
                0x800061c8                platformInit
 .text.finishFrame
                0x80006204      0x144 core.o
                0x80006204                finishFrame
 .text.platformExit
                0x80006348       0x54 core.o
                0x80006348                platformExit
 .text.inputUpdate
                0x8000639c      0x6fc input.o
                0x8000639c                inputUpdate
 .text.inputMode
                0x80006a98      0x104 input.o
                0x80006a98                inputMode
 .text.camSet2D
                0x80006b9c       0xe4 camera.o
                0x80006b9c                camSet2D
 .text.aAssert  0x80006c80      0x118 debug.o
                0x80006c80                aAssert
 .text.invalidateTexCache
                0x80006d98       0x18 render.o
                0x80006d98                invalidateTexCache
 .text.gpuSetTexture
                0x80006db0      0x174 render.o
                0x80006db0                gpuSetTexture
 .text.drawTexture
                0x80006f24      0x190 render.o
                0x80006f24                drawTexture
 .text.drawSprite
                0x800070b4      0x244 render.o
                0x800070b4                drawSprite
 .text.drawRectangleColour
                0x800072f8      0x184 render.o
                0x800072f8                drawRectangleColour
 .text.textureFromRGBA
                0x8000747c      0x260 texture.o
 .text._textureLoad
                0x800076dc       0x94 texture.o
                0x800076dc                _textureLoad
 .text.textureFree
                0x80007770       0x58 texture.o
                0x80007770                textureFree
 .text.prepareVideo
                0x800077c8      0x334 video.o
                0x800077c8                prepareVideo
 .text.platformRender
                0x80007afc       0xbc video.o
                0x80007afc                platformRender
 .text.exitVideo
                0x80007bb8       0x98 video.o
                0x80007bb8                exitVideo
 .text.sceneChange
                0x80007c50       0x98 scenemanager.o
                0x80007c50                sceneChange
 .text.sceneEvent
                0x80007ce8       0x7c scenemanager.o
                0x80007ce8                sceneEvent
 .text.sceneUpdate
                0x80007d64        0x4 title.o
 .text.sceneDraw
                0x80007d68       0x84 title.o
 .text.sceneInit
                0x80007dec        0xc title.o
 .text.sceneExit
                0x80007df8        0x4 title.o
 .text.checkColorValidity
                0x80007dfc       0x84 lodepng.o
 .text.addColorBits
                0x80007e80       0x5c lodepng.o
 .text.color_tree_get
                0x80007edc       0x58 lodepng.o
 .text.getPixelColorRGBA16
                0x80007f34      0x208 lodepng.o
 .text.Adam7_getpassvalues
                0x8000813c      0x1bc lodepng.o
 .text.readChunk_tRNS
                0x800082f8      0x138 lodepng.o
 .text.readChunk_bKGD
                0x80008430       0xf8 lodepng.o
 .text.readChunk_sBIT
                0x80008528      0x1d4 lodepng.o
 .text.color_tree_add
                0x800086fc      0x100 lodepng.o
 .text.HuffmanTree_makeFromLengths2
                0x800087fc      0x798 lodepng.o
 .text.LodePNGText_cleanup
                0x80008f94       0x80 lodepng.o
 .text.LodePNGIText_cleanup
                0x80009014       0xa8 lodepng.o
 .text.lodepng_color_mode_equal
                0x800090bc      0x120 lodepng.o
 .text.readChunk_pHYs.part.0
                0x800091dc       0x74 lodepng.o
 .text.readChunk_cHRM.part.0
                0x80009250      0x174 lodepng.o
 .text.readChunk_mDCV.part.0
                0x800093c4      0x10c lodepng.o
 .text.readChunk_cLLI.part.0
                0x800094d0       0x6c lodepng.o
 .text.lodepng_color_mode_alloc_palette
                0x8000953c      0x124 lodepng.o
 .text.readChunk_PLTE
                0x80009660      0x124 lodepng.o
 .text.huffmanDecodeSymbol.isra.0
                0x80009784       0x88 lodepng.o
 .text.removePaddingBits
                0x8000980c      0x150 lodepng.o
 .text.alloc_string
                0x8000995c       0xc0 lodepng.o
 .text.lodepng_add_itext_sized
                0x80009a1c      0x1d4 lodepng.o
 .text.generateFixedDistanceTree
                0x80009bf0       0xbc lodepng.o
 .text.generateFixedLitLenTree.constprop.0
                0x80009cac      0x11c lodepng.o
 .text.lodepng_add_text_sized
                0x80009dc8      0x154 lodepng.o
 .text.readChunk_tEXt
                0x80009f1c      0x21c lodepng.o
 .text.color_tree_cleanup
                0x8000a138      0x1f4 lodepng.o
 .text.getPixelColorRGBA8
                0x8000a32c      0x37c lodepng.o
 .text.lodepng_inflatev
                0x8000a6a8     0x1250 lodepng.o
 .text.lodepng_zlib_decompressv
                0x8000b8f8      0x254 lodepng.o
 .text.zlib_decompress
                0x8000bb4c      0x144 lodepng.o
 .text.readChunk_zTXt
                0x8000bc90      0x304 lodepng.o
 .text.readChunk_iTXt
                0x8000bf94      0x614 lodepng.o
 .text.readChunk_iCCP
                0x8000c5a8      0x31c lodepng.o
 .text.unfilter
                0x8000c8c4     0x1c00 lodepng.o
 .text.lodepng_crc32
                0x8000e4c4      0x1e4 lodepng.o
                0x8000e4c4                lodepng_crc32
 .text.lodepng_chunk_type_equals
                0x8000e6a8       0x78 lodepng.o
                0x8000e6a8                lodepng_chunk_type_equals
 .text.lodepng_chunk_check_crc
                0x8000e720       0x4c lodepng.o
                0x8000e720                lodepng_chunk_check_crc
 .text.lodepng_chunk_next
                0x8000e76c       0xb8 lodepng.o
                0x8000e76c                lodepng_chunk_next
 .text.lodepng_chunk_append
                0x8000e824      0x150 lodepng.o
                0x8000e824                lodepng_chunk_append
 .text.lodepng_color_mode_copy
                0x8000e974       0xd8 lodepng.o
                0x8000e974                lodepng_color_mode_copy
 .text.lodepng_set_exif
                0x8000ea4c       0xa4 lodepng.o
                0x8000ea4c                lodepng_set_exif
 .text.lodepng_info_init
                0x8000eaf0      0x114 lodepng.o
                0x8000eaf0                lodepng_info_init
 .text.lodepng_info_cleanup
                0x8000ec04       0xb8 lodepng.o
                0x8000ec04                lodepng_info_cleanup
 .text.lodepng_convert
                0x8000ecbc     0x1238 lodepng.o
                0x8000ecbc                lodepng_convert
 .text.lodepng_inspect
                0x8000fef4      0x294 lodepng.o
                0x8000fef4                lodepng_inspect
 .text.lodepng_decode
                0x80010188     0x1600 lodepng.o
                0x80010188                lodepng_decode
 .text.lodepng_decode_memory
                0x80011788      0x238 lodepng.o
                0x80011788                lodepng_decode_memory
 .text.lodepng_decode32
                0x800119c0        0xc lodepng.o
                0x800119c0                lodepng_decode32
 .text.__wpad_assign_slot
                0x800119cc      0x228 C:/devkitPro/libogc/lib/wii\libwiiuse.a(wpad.o)
                0x800119cc                __wpad_assign_slot
 .text.__wpad_def_powcb
                0x80011bf4        0x4 C:/devkitPro/libogc/lib/wii\libwiiuse.a(wpad.o)
 .text.__readlinkkey_finished
                0x80011bf8       0x34 C:/devkitPro/libogc/lib/wii\libwiiuse.a(wpad.o)
 .text.__wpad_patch_finished
                0x80011c2c       0x2c C:/devkitPro/libogc/lib/wii\libwiiuse.a(wpad.o)
 .text.__wpad_setfmt
                0x80011c58      0x14c C:/devkitPro/libogc/lib/wii\libwiiuse.a(wpad.o)
 .text.__wpad_eventCB
                0x80011da4      0xbf0 C:/devkitPro/libogc/lib/wii\libwiiuse.a(wpad.o)
 .text.__wpad_disconnectCB
                0x80012994       0xd4 C:/devkitPro/libogc/lib/wii\libwiiuse.a(wpad.o)
                0x80012994                __wpad_disconnectCB
 .text.__wpad_timeouthandler
                0x80012a68       0xfc C:/devkitPro/libogc/lib/wii\libwiiuse.a(wpad.o)
 .text.__initcore_finished
                0x80012b64       0x48 C:/devkitPro/libogc/lib/wii\libwiiuse.a(wpad.o)
 .text.__wpad_init_finished
                0x80012bac      0x194 C:/devkitPro/libogc/lib/wii\libwiiuse.a(wpad.o)
 .text.WPAD_ReadEvent
                0x80012d40      0x670 C:/devkitPro/libogc/lib/wii\libwiiuse.a(wpad.o)
                0x80012d40                WPAD_ReadEvent
 .text.WPAD_ReadPending
                0x800133b0      0x1a0 C:/devkitPro/libogc/lib/wii\libwiiuse.a(wpad.o)
                0x800133b0                WPAD_ReadPending
 .text.WPAD_SetDataFormat
                0x80013550      0x188 C:/devkitPro/libogc/lib/wii\libwiiuse.a(wpad.o)
                0x80013550                WPAD_SetDataFormat
 .text.WPAD_SetVRes
                0x800136d8      0x168 C:/devkitPro/libogc/lib/wii\libwiiuse.a(wpad.o)
                0x800136d8                WPAD_SetVRes
 .text.WPAD_Disconnect
                0x80013840      0x128 C:/devkitPro/libogc/lib/wii\libwiiuse.a(wpad.o)
                0x80013840                WPAD_Disconnect
 .text.WPAD_Shutdown
                0x80013968      0x108 C:/devkitPro/libogc/lib/wii\libwiiuse.a(wpad.o)
                0x80013968                WPAD_Shutdown
 .text.WPAD_Init
                0x80013a70      0x280 C:/devkitPro/libogc/lib/wii\libwiiuse.a(wpad.o)
                0x80013a70                WPAD_Init
 .text.__wpad_onreset
                0x80013cf0       0x34 C:/devkitPro/libogc/lib/wii\libwiiuse.a(wpad.o)
 .text.WPAD_ScanPads
                0x80013d24       0x90 C:/devkitPro/libogc/lib/wii\libwiiuse.a(wpad.o)
                0x80013d24                WPAD_ScanPads
 .text.WPAD_Data
                0x80013db4       0x24 C:/devkitPro/libogc/lib/wii\libwiiuse.a(wpad.o)
                0x80013db4                WPAD_Data
 .text.WPAD_ButtonsUp
                0x80013dd8       0x28 C:/devkitPro/libogc/lib/wii\libwiiuse.a(wpad.o)
                0x80013dd8                WPAD_ButtonsUp
 .text.WPAD_ButtonsDown
                0x80013e00       0x28 C:/devkitPro/libogc/lib/wii\libwiiuse.a(wpad.o)
                0x80013e00                WPAD_ButtonsDown
 .text.WPAD_ButtonsHeld
                0x80013e28       0x28 C:/devkitPro/libogc/lib/wii\libwiiuse.a(wpad.o)
                0x80013e28                WPAD_ButtonsHeld
 .text.WPAD_IR  0x80013e50       0x50 C:/devkitPro/libogc/lib/wii\libwiiuse.a(wpad.o)
                0x80013e50                WPAD_IR
 .text.motion_plus_disconnected
                0x80013ea0       0x10 C:/devkitPro/libogc/lib/wii\libwiiuse.a(motion_plus.o)
                0x80013ea0                motion_plus_disconnected
 .text.motion_plus_event
                0x80013eb0       0x64 C:/devkitPro/libogc/lib/wii\libwiiuse.a(motion_plus.o)
                0x80013eb0                motion_plus_event
 .text.calculate_gforce
                0x80013f14      0x114 C:/devkitPro/libogc/lib/wii\libwiiuse.a(dynamics.o)
                0x80013f14                calculate_gforce
 .text.calc_joystick_state
                0x80014028      0x208 C:/devkitPro/libogc/lib/wii\libwiiuse.a(dynamics.o)
                0x80014028                calc_joystick_state
 .text.apply_smoothing
                0x80014230      0x110 C:/devkitPro/libogc/lib/wii\libwiiuse.a(dynamics.o)
                0x80014230                apply_smoothing
 .text.calculate_orientation
                0x80014340      0x360 C:/devkitPro/libogc/lib/wii\libwiiuse.a(dynamics.o)
                0x80014340                calculate_orientation
 .text.calc_balanceboard_state
                0x800146a0      0x3a4 C:/devkitPro/libogc/lib/wii\libwiiuse.a(dynamics.o)
                0x800146a0                calc_balanceboard_state
 .text.wiiuse_handshake
                0x80014a44      0x24c C:/devkitPro/libogc/lib/wii\libwiiuse.a(io.o)
                0x80014a44                wiiuse_handshake
 .text.wiiuse_handshake_expansion
                0x80014c90      0x214 C:/devkitPro/libogc/lib/wii\libwiiuse.a(io.o)
                0x80014c90                wiiuse_handshake_expansion
 .text.wiiuse_handshake_expansion_start
                0x80014ea4       0x5c C:/devkitPro/libogc/lib/wii\libwiiuse.a(io.o)
                0x80014ea4                wiiuse_handshake_expansion_start
 .text.wiiuse_disable_expansion
                0x80014f00      0x1b0 C:/devkitPro/libogc/lib/wii\libwiiuse.a(io.o)
                0x80014f00                wiiuse_disable_expansion
 .text.__wiiuse_connected
                0x800150b0       0x9c C:/devkitPro/libogc/lib/wii\libwiiuse.a(io_wii.o)
 .text.__wiiuse_disconnected
                0x8001514c       0xb4 C:/devkitPro/libogc/lib/wii\libwiiuse.a(io_wii.o)
 .text.__wiiuse_receive
                0x80015200       0xc4 C:/devkitPro/libogc/lib/wii\libwiiuse.a(io_wii.o)
 .text.__wiiuse_sensorbar_enable
                0x800152c4       0x74 C:/devkitPro/libogc/lib/wii\libwiiuse.a(io_wii.o)
                0x800152c4                __wiiuse_sensorbar_enable
 .text.wiiuse_register
                0x80015338       0xe4 C:/devkitPro/libogc/lib/wii\libwiiuse.a(io_wii.o)
                0x80015338                wiiuse_register
 .text.wiiuse_disconnect
                0x8001541c       0x24 C:/devkitPro/libogc/lib/wii\libwiiuse.a(io_wii.o)
                0x8001541c                wiiuse_disconnect
 .text.wiiuse_init_cmd_queue
                0x80015440       0xa4 C:/devkitPro/libogc/lib/wii\libwiiuse.a(io_wii.o)
                0x80015440                wiiuse_init_cmd_queue
 .text.wiiuse_io_write
                0x800154e4       0x1c C:/devkitPro/libogc/lib/wii\libwiiuse.a(io_wii.o)
                0x800154e4                wiiuse_io_write
 .text.rotate_dots
                0x80015500      0x134 C:/devkitPro/libogc/lib/wii\libwiiuse.a(ir.o)
 .text.wiiuse_set_ir_mode
                0x80015634       0x5c C:/devkitPro/libogc/lib/wii\libwiiuse.a(ir.o)
                0x80015634                wiiuse_set_ir_mode
 .text.wiiuse_set_ir
                0x80015690      0x298 C:/devkitPro/libogc/lib/wii\libwiiuse.a(ir.o)
                0x80015690                wiiuse_set_ir
 .text.wiiuse_set_ir_vres
                0x80015928       0x1c C:/devkitPro/libogc/lib/wii\libwiiuse.a(ir.o)
                0x80015928                wiiuse_set_ir_vres
 .text.wiiuse_set_ir_position
                0x80015944       0x80 C:/devkitPro/libogc/lib/wii\libwiiuse.a(ir.o)
                0x80015944                wiiuse_set_ir_position
 .text.wiiuse_set_aspect_ratio
                0x800159c4       0xac C:/devkitPro/libogc/lib/wii\libwiiuse.a(ir.o)
                0x800159c4                wiiuse_set_aspect_ratio
 .text.wiiuse_set_ir_sensitivity
                0x80015a70      0x190 C:/devkitPro/libogc/lib/wii\libwiiuse.a(ir.o)
                0x80015a70                wiiuse_set_ir_sensitivity
 .text.calculate_basic_ir
                0x80015c00       0xe8 C:/devkitPro/libogc/lib/wii\libwiiuse.a(ir.o)
                0x80015c00                calculate_basic_ir
 .text.calculate_extended_ir
                0x80015ce8       0x64 C:/devkitPro/libogc/lib/wii\libwiiuse.a(ir.o)
                0x80015ce8                calculate_extended_ir
 .text.find_sensorbar
                0x80015d4c      0xb00 C:/devkitPro/libogc/lib/wii\libwiiuse.a(ir.o)
                0x80015d4c                find_sensorbar
 .text.apply_ir_smoothing
                0x8001684c      0x120 C:/devkitPro/libogc/lib/wii\libwiiuse.a(ir.o)
                0x8001684c                apply_ir_smoothing
 .text.interpret_ir_data
                0x8001696c      0x3d0 C:/devkitPro/libogc/lib/wii\libwiiuse.a(ir.o)
                0x8001696c                interpret_ir_data
 .text.nunchuk_handshake
                0x80016d3c      0x360 C:/devkitPro/libogc/lib/wii\libwiiuse.a(nunchuk.o)
                0x80016d3c                nunchuk_handshake
 .text.nunchuk_disconnected
                0x8001709c        0xc C:/devkitPro/libogc/lib/wii\libwiiuse.a(nunchuk.o)
                0x8001709c                nunchuk_disconnected
 .text.nunchuk_event
                0x800170a8       0xe8 C:/devkitPro/libogc/lib/wii\libwiiuse.a(nunchuk.o)
                0x800170a8                nunchuk_event
 .text.wii_board_handshake
                0x80017190      0x28c C:/devkitPro/libogc/lib/wii\libwiiuse.a(wiiboard.o)
                0x80017190                wii_board_handshake
 .text.wii_board_disconnected
                0x8001741c        0xc C:/devkitPro/libogc/lib/wii\libwiiuse.a(wiiboard.o)
                0x8001741c                wii_board_disconnected
 .text.wii_board_event
                0x80017428       0x24 C:/devkitPro/libogc/lib/wii\libwiiuse.a(wiiboard.o)
                0x80017428                wii_board_event
 .text.wiiuse_send_next_command
                0x8001744c       0x58 C:/devkitPro/libogc/lib/wii\libwiiuse.a(wiiuse.o)
                0x8001744c                wiiuse_send_next_command
 .text.wiiuse_init
                0x800174a4      0x1fc C:/devkitPro/libogc/lib/wii\libwiiuse.a(wiiuse.o)
                0x800174a4                wiiuse_init
 .text.wiiuse_set_flags
                0x800176a0       0x28 C:/devkitPro/libogc/lib/wii\libwiiuse.a(wiiuse.o)
                0x800176a0                wiiuse_set_flags
 .text.wiiuse_read_data
                0x800176c8      0x12c C:/devkitPro/libogc/lib/wii\libwiiuse.a(wiiuse.o)
                0x800176c8                wiiuse_read_data
 .text.wiiuse_write_data
                0x800177f4      0x160 C:/devkitPro/libogc/lib/wii\libwiiuse.a(wiiuse.o)
                0x800177f4                wiiuse_write_data
 .text.wiiuse_sendcmd
                0x80017954      0x14c C:/devkitPro/libogc/lib/wii\libwiiuse.a(wiiuse.o)
                0x80017954                wiiuse_sendcmd
 .text.wiiuse_set_leds
                0x80017aa0       0x50 C:/devkitPro/libogc/lib/wii\libwiiuse.a(wiiuse.o)
                0x80017aa0                wiiuse_set_leds
 .text.wiiuse_set_report_type
                0x80017af0       0xb4 C:/devkitPro/libogc/lib/wii\libwiiuse.a(wiiuse.o)
                0x80017af0                wiiuse_set_report_type
 .text.wiiuse_status
                0x80017ba4       0x4c C:/devkitPro/libogc/lib/wii\libwiiuse.a(wiiuse.o)
                0x80017ba4                wiiuse_status
 .text.wiiuse_motion_sensing
                0x80017bf0       0x84 C:/devkitPro/libogc/lib/wii\libwiiuse.a(wiiuse.o)
                0x80017bf0                wiiuse_motion_sensing
 .text.wiiuse_set_speaker
                0x80017c74      0x258 C:/devkitPro/libogc/lib/wii\libwiiuse.a(speaker.o)
                0x80017c74                wiiuse_set_speaker
 .text.classic_ctrl_handshake
                0x80017ecc      0x460 C:/devkitPro/libogc/lib/wii\libwiiuse.a(classic.o)
                0x80017ecc                classic_ctrl_handshake
 .text.classic_ctrl_disconnected
                0x8001832c        0xc C:/devkitPro/libogc/lib/wii\libwiiuse.a(classic.o)
                0x8001832c                classic_ctrl_disconnected
 .text.classic_ctrl_event
                0x80018338      0x15c C:/devkitPro/libogc/lib/wii\libwiiuse.a(classic.o)
                0x80018338                classic_ctrl_event
 .text.handle_expansion
                0x80018494       0x54 C:/devkitPro/libogc/lib/wii\libwiiuse.a(events.o)
 .text.parse_event
                0x800184e8      0x76c C:/devkitPro/libogc/lib/wii\libwiiuse.a(events.o)
                0x800184e8                parse_event
 .text.guitar_hero_3_handshake
                0x80018c54       0x5c C:/devkitPro/libogc/lib/wii\libwiiuse.a(guitar_hero_3.o)
                0x80018c54                guitar_hero_3_handshake
 .text.guitar_hero_3_disconnected
                0x80018cb0        0xc C:/devkitPro/libogc/lib/wii\libwiiuse.a(guitar_hero_3.o)
                0x80018cb0                guitar_hero_3_disconnected
 .text.guitar_hero_3_event
                0x80018cbc       0x60 C:/devkitPro/libogc/lib/wii\libwiiuse.a(guitar_hero_3.o)
                0x80018cbc                guitar_hero_3_event
 .text.acl_wlp_completed
                0x80018d1c        0x8 C:/devkitPro/libogc/lib/wii\libbte.a(bte.o)
                0x80018d1c                acl_wlp_completed
 .text.bt_alarmhandler
                0x80018d24       0x58 C:/devkitPro/libogc/lib/wii\libbte.a(bte.o)
 .text.__bte_send_pending_request
                0x80018d7c      0x108 C:/devkitPro/libogc/lib/wii\libbte.a(bte.o)
 .text.acl_conn_complete
                0x80018e84       0x2c C:/devkitPro/libogc/lib/wii\libbte.a(bte.o)
                0x80018e84                acl_conn_complete
 .text.l2cap_accepted
                0x80018eb0      0x11c C:/devkitPro/libogc/lib/wii\libbte.a(bte.o)
                0x80018eb0                l2cap_accepted
 .text.l2cap_disconnect_cfm
                0x80018fcc      0x180 C:/devkitPro/libogc/lib/wii\libbte.a(bte.o)
                0x80018fcc                l2cap_disconnect_cfm
 .text.bte_process_input
                0x8001914c      0x120 C:/devkitPro/libogc/lib/wii\libbte.a(bte.o)
 .text.l2cap_disconnected_ind
                0x8001926c      0x18c C:/devkitPro/libogc/lib/wii\libbte.a(bte.o)
                0x8001926c                l2cap_disconnected_ind
 .text.__bte_shutdown_finished
                0x800193f8       0xe0 C:/devkitPro/libogc/lib/wii\libbte.a(bte.o)
 .text.bte_hci_apply_patch_complete
                0x800194d8      0x168 C:/devkitPro/libogc/lib/wii\libbte.a(bte.o)
                0x800194d8                bte_hci_apply_patch_complete
 .text.bte_hci_patch_complete
                0x80019640      0x370 C:/devkitPro/libogc/lib/wii\libbte.a(bte.o)
                0x80019640                bte_hci_patch_complete
 .text.bte_hci_initcore_complete
                0x800199b0      0x254 C:/devkitPro/libogc/lib/wii\libbte.a(bte.o)
                0x800199b0                bte_hci_initcore_complete
 .text.bte_read_stored_link_key_complete
                0x80019c04      0x268 C:/devkitPro/libogc/lib/wii\libbte.a(bte.o)
                0x80019c04                bte_read_stored_link_key_complete
 .text.bte_hci_initcore_complete2
                0x80019e6c      0x224 C:/devkitPro/libogc/lib/wii\libbte.a(bte.o)
 .text.bte_hci_initsub_complete
                0x8001a090      0x274 C:/devkitPro/libogc/lib/wii\libbte.a(bte.o)
                0x8001a090                bte_hci_initsub_complete
 .text.BTE_Init
                0x8001a304      0x138 C:/devkitPro/libogc/lib/wii\libbte.a(bte.o)
                0x8001a304                BTE_Init
 .text.BTE_Shutdown
                0x8001a43c      0x100 C:/devkitPro/libogc/lib/wii\libbte.a(bte.o)
                0x8001a43c                BTE_Shutdown
 .text.BTE_InitCore
                0x8001a53c       0x8c C:/devkitPro/libogc/lib/wii\libbte.a(bte.o)
                0x8001a53c                BTE_InitCore
 .text.BTE_ApplyPatch
                0x8001a5c8       0xa4 C:/devkitPro/libogc/lib/wii\libbte.a(bte.o)
                0x8001a5c8                BTE_ApplyPatch
 .text.BTE_InitSub
                0x8001a66c       0x90 C:/devkitPro/libogc/lib/wii\libbte.a(bte.o)
                0x8001a66c                BTE_InitSub
 .text.BTE_ReadStoredLinkKey
                0x8001a6fc       0x90 C:/devkitPro/libogc/lib/wii\libbte.a(bte.o)
                0x8001a6fc                BTE_ReadStoredLinkKey
 .text.BTE_SetDisconnectCallback
                0x8001a78c        0x4 C:/devkitPro/libogc/lib/wii\libbte.a(bte.o)
                0x8001a78c                BTE_SetDisconnectCallback
 .text.bte_new  0x8001a790       0x54 C:/devkitPro/libogc/lib/wii\libbte.a(bte.o)
                0x8001a790                bte_new
 .text.bte_registerdeviceasync
                0x8001a7e4      0x168 C:/devkitPro/libogc/lib/wii\libbte.a(bte.o)
                0x8001a7e4                bte_registerdeviceasync
 .text.bte_disconnect
                0x8001a94c       0xd8 C:/devkitPro/libogc/lib/wii\libbte.a(bte.o)
                0x8001a94c                bte_disconnect
 .text.bte_senddata
                0x8001aa24      0x104 C:/devkitPro/libogc/lib/wii\libbte.a(bte.o)
                0x8001aa24                bte_senddata
 .text.bte_arg  0x8001ab28       0x38 C:/devkitPro/libogc/lib/wii\libbte.a(bte.o)
                0x8001ab28                bte_arg
 .text.bte_received
                0x8001ab60       0x38 C:/devkitPro/libogc/lib/wii\libbte.a(bte.o)
                0x8001ab60                bte_received
 .text.bte_disconnected
                0x8001ab98       0x38 C:/devkitPro/libogc/lib/wii\libbte.a(bte.o)
                0x8001ab98                bte_disconnected
 .text.hci_get_link
                0x8001abd0       0x84 C:/devkitPro/libogc/lib/wii\libbte.a(hci.o)
 .text.hci_init
                0x8001ac54       0x7c C:/devkitPro/libogc/lib/wii\libbte.a(hci.o)
                0x8001ac54                hci_init
 .text.hci_close
                0x8001acd0      0x134 C:/devkitPro/libogc/lib/wii\libbte.a(hci.o)
                0x8001acd0                hci_close
 .text.hci_reset_all
                0x8001ae04       0xa8 C:/devkitPro/libogc/lib/wii\libbte.a(hci.o)
                0x8001ae04                hci_reset_all
 .text.hci_arg  0x8001aeac        0xc C:/devkitPro/libogc/lib/wii\libbte.a(hci.o)
                0x8001aeac                hci_arg
 .text.hci_cmd_complete
                0x8001aeb8        0xc C:/devkitPro/libogc/lib/wii\libbte.a(hci.o)
                0x8001aeb8                hci_cmd_complete
 .text.hci_connection_complete
                0x8001aec4        0xc C:/devkitPro/libogc/lib/wii\libbte.a(hci.o)
                0x8001aec4                hci_connection_complete
 .text.hci_wlp_complete
                0x8001aed0        0xc C:/devkitPro/libogc/lib/wii\libbte.a(hci.o)
                0x8001aed0                hci_wlp_complete
 .text.hci_reset
                0x8001aedc       0xa0 C:/devkitPro/libogc/lib/wii\libbte.a(hci.o)
                0x8001aedc                hci_reset
 .text.hci_read_buffer_size
                0x8001af7c       0xa0 C:/devkitPro/libogc/lib/wii\libbte.a(hci.o)
                0x8001af7c                hci_read_buffer_size
 .text.hci_read_bd_addr
                0x8001b01c       0xa0 C:/devkitPro/libogc/lib/wii\libbte.a(hci.o)
                0x8001b01c                hci_read_bd_addr
 .text.hci_read_local_version
                0x8001b0bc       0x9c C:/devkitPro/libogc/lib/wii\libbte.a(hci.o)
                0x8001b0bc                hci_read_local_version
 .text.hci_read_local_features
                0x8001b158       0xa0 C:/devkitPro/libogc/lib/wii\libbte.a(hci.o)
                0x8001b158                hci_read_local_features
 .text.hci_read_stored_link_key
                0x8001b1f8       0xf0 C:/devkitPro/libogc/lib/wii\libbte.a(hci.o)
                0x8001b1f8                hci_read_stored_link_key
 .text.hci_write_page_timeout
                0x8001b2e8       0xc4 C:/devkitPro/libogc/lib/wii\libbte.a(hci.o)
                0x8001b2e8                hci_write_page_timeout
 .text.hci_write_scan_enable
                0x8001b3ac       0xb0 C:/devkitPro/libogc/lib/wii\libbte.a(hci.o)
                0x8001b3ac                hci_write_scan_enable
 .text.hci_accecpt_conn_request
                0x8001b45c       0xd4 C:/devkitPro/libogc/lib/wii\libbte.a(hci.o)
                0x8001b45c                hci_accecpt_conn_request
 .text.hci_write_local_name
                0x8001b530       0xdc C:/devkitPro/libogc/lib/wii\libbte.a(hci.o)
                0x8001b530                hci_write_local_name
 .text.hci_write_pin_type
                0x8001b60c       0xb0 C:/devkitPro/libogc/lib/wii\libbte.a(hci.o)
                0x8001b60c                hci_write_pin_type
 .text.hci_write_inquiry_mode
                0x8001b6bc       0xb0 C:/devkitPro/libogc/lib/wii\libbte.a(hci.o)
                0x8001b6bc                hci_write_inquiry_mode
 .text.hci_write_page_scan_type
                0x8001b76c       0xb0 C:/devkitPro/libogc/lib/wii\libbte.a(hci.o)
                0x8001b76c                hci_write_page_scan_type
 .text.hci_write_inquiry_scan_type
                0x8001b81c       0xb0 C:/devkitPro/libogc/lib/wii\libbte.a(hci.o)
                0x8001b81c                hci_write_inquiry_scan_type
 .text.hci_vendor_specific_command
                0x8001b8cc       0xe8 C:/devkitPro/libogc/lib/wii\libbte.a(hci.o)
                0x8001b8cc                hci_vendor_specific_command
 .text.hci_write_link_policy_settings
                0x8001b9b4       0xf4 C:/devkitPro/libogc/lib/wii\libbte.a(hci.o)
                0x8001b9b4                hci_write_link_policy_settings
 .text.hci_pin_code_request_neg_reply
                0x8001baa8       0xc0 C:/devkitPro/libogc/lib/wii\libbte.a(hci.o)
                0x8001baa8                hci_pin_code_request_neg_reply
 .text.hci_link_key_req_neg_reply
                0x8001bb68       0xc0 C:/devkitPro/libogc/lib/wii\libbte.a(hci.o)
                0x8001bb68                hci_link_key_req_neg_reply
 .text.hci_disconnect
                0x8001bc28       0xec C:/devkitPro/libogc/lib/wii\libbte.a(hci.o)
                0x8001bc28                hci_disconnect
 .text.hci_write_cod
                0x8001bd14       0xc0 C:/devkitPro/libogc/lib/wii\libbte.a(hci.o)
                0x8001bd14                hci_write_cod
 .text.hci_host_buffer_size
                0x8001bdd4      0x100 C:/devkitPro/libogc/lib/wii\libbte.a(hci.o)
                0x8001bdd4                hci_host_buffer_size
 .text.hci_host_num_comp_packets
                0x8001bed4       0xfc C:/devkitPro/libogc/lib/wii\libbte.a(hci.o)
                0x8001bed4                hci_host_num_comp_packets
 .text.lp_pdu_maxsize
                0x8001bfd0        0xc C:/devkitPro/libogc/lib/wii\libbte.a(hci.o)
                0x8001bfd0                lp_pdu_maxsize
 .text.lp_acl_write
                0x8001bfdc      0x154 C:/devkitPro/libogc/lib/wii\libbte.a(hci.o)
                0x8001bfdc                lp_acl_write
 .text.lp_write_flush_timeout
                0x8001c130       0xf4 C:/devkitPro/libogc/lib/wii\libbte.a(hci.o)
                0x8001c130                lp_write_flush_timeout
 .text.hci_event_handler
                0x8001c224      0xc74 C:/devkitPro/libogc/lib/wii\libbte.a(hci.o)
                0x8001c224                hci_event_handler
 .text.hci_acldata_handler
                0x8001ce98      0x110 C:/devkitPro/libogc/lib/wii\libbte.a(hci.o)
                0x8001ce98                hci_acldata_handler
 .text.l2cap_init
                0x8001cfa8       0x60 C:/devkitPro/libogc/lib/wii\libbte.a(l2cap.o)
                0x8001cfa8                l2cap_init
 .text.l2cap_write
                0x8001d008      0x1a0 C:/devkitPro/libogc/lib/wii\libbte.a(l2cap.o)
                0x8001d008                l2cap_write
 .text.l2cap_new
                0x8001d1a8       0x60 C:/devkitPro/libogc/lib/wii\libbte.a(l2cap.o)
                0x8001d1a8                l2cap_new
 .text.l2cap_close
                0x8001d208      0x1c0 C:/devkitPro/libogc/lib/wii\libbte.a(l2cap.o)
                0x8001d208                l2cap_close
 .text.l2cap_reset_all
                0x8001d3c8      0x148 C:/devkitPro/libogc/lib/wii\libbte.a(l2cap.o)
                0x8001d3c8                l2cap_reset_all
 .text.l2cap_signal
                0x8001d510      0x204 C:/devkitPro/libogc/lib/wii\libbte.a(l2cap.o)
                0x8001d510                l2cap_signal
 .text.l2ca_config_req
                0x8001d714      0x13c C:/devkitPro/libogc/lib/wii\libbte.a(l2cap.o)
                0x8001d714                l2ca_config_req
 .text.l2ca_disconnect_req
                0x8001d850       0xcc C:/devkitPro/libogc/lib/wii\libbte.a(l2cap.o)
                0x8001d850                l2ca_disconnect_req
 .text.l2cap_tmr
                0x8001d91c      0x260 C:/devkitPro/libogc/lib/wii\libbte.a(l2cap.o)
                0x8001d91c                l2cap_tmr
 .text.l2cap_process_sig
                0x8001db7c     0x1318 C:/devkitPro/libogc/lib/wii\libbte.a(l2cap.o)
                0x8001db7c                l2cap_process_sig
 .text.l2cap_input
                0x8001ee94      0x5b8 C:/devkitPro/libogc/lib/wii\libbte.a(l2cap.o)
                0x8001ee94                l2cap_input
 .text.l2ca_datawrite
                0x8001f44c      0x128 C:/devkitPro/libogc/lib/wii\libbte.a(l2cap.o)
                0x8001f44c                l2ca_datawrite
 .text.lp_connect_cfm
                0x8001f574      0x17c C:/devkitPro/libogc/lib/wii\libbte.a(l2cap.o)
                0x8001f574                lp_connect_cfm
 .text.lp_connect_ind
                0x8001f6f0        0x4 C:/devkitPro/libogc/lib/wii\libbte.a(l2cap.o)
                0x8001f6f0                lp_connect_ind
 .text.lp_disconnect_ind
                0x8001f6f4      0x1b0 C:/devkitPro/libogc/lib/wii\libbte.a(l2cap.o)
                0x8001f6f4                lp_disconnect_ind
 .text.l2cap_disconnect_bb
                0x8001f8a4       0x10 C:/devkitPro/libogc/lib/wii\libbte.a(l2cap.o)
                0x8001f8a4                l2cap_disconnect_bb
 .text.l2cap_arg
                0x8001f8b4        0x8 C:/devkitPro/libogc/lib/wii\libbte.a(l2cap.o)
                0x8001f8b4                l2cap_arg
 .text.l2cap_connect_ind
                0x8001f8bc      0x100 C:/devkitPro/libogc/lib/wii\libbte.a(l2cap.o)
                0x8001f8bc                l2cap_connect_ind
 .text.l2cap_disconnect_ind
                0x8001f9bc        0x8 C:/devkitPro/libogc/lib/wii\libbte.a(l2cap.o)
                0x8001f9bc                l2cap_disconnect_ind
 .text.l2cap_recv
                0x8001f9c4        0x8 C:/devkitPro/libogc/lib/wii\libbte.a(l2cap.o)
                0x8001f9c4                l2cap_recv
 .text.btmemb_init
                0x8001f9cc       0x24 C:/devkitPro/libogc/lib/wii\libbte.a(btmemb.o)
                0x8001f9cc                btmemb_init
 .text.btmemb_alloc
                0x8001f9f0       0x98 C:/devkitPro/libogc/lib/wii\libbte.a(btmemb.o)
                0x8001f9f0                btmemb_alloc
 .text.btmemb_free
                0x8001fa88       0xe0 C:/devkitPro/libogc/lib/wii\libbte.a(btmemb.o)
                0x8001fa88                btmemb_free
 .text.plug_holes
                0x8001fb68       0xac C:/devkitPro/libogc/lib/wii\libbte.a(btmemr.o)
 .text.btmemr_init
                0x8001fc14       0xa4 C:/devkitPro/libogc/lib/wii\libbte.a(btmemr.o)
                0x8001fc14                btmemr_init
 .text.btmemr_malloc
                0x8001fcb8      0x180 C:/devkitPro/libogc/lib/wii\libbte.a(btmemr.o)
                0x8001fcb8                btmemr_malloc
 .text.btmemr_free
                0x8001fe38       0x98 C:/devkitPro/libogc/lib/wii\libbte.a(btmemr.o)
                0x8001fe38                btmemr_free
 .text.btmemr_realloc
                0x8001fed0      0x120 C:/devkitPro/libogc/lib/wii\libbte.a(btmemr.o)
                0x8001fed0                btmemr_realloc
 .text.btpbuf_init
                0x8001fff0       0x28 C:/devkitPro/libogc/lib/wii\libbte.a(btpbuf.o)
                0x8001fff0                btpbuf_init
 .text.btpbuf_free
                0x80020018      0x104 C:/devkitPro/libogc/lib/wii\libbte.a(btpbuf.o)
                0x80020018                btpbuf_free
 .text.btpbuf_alloc
                0x8002011c      0x270 C:/devkitPro/libogc/lib/wii\libbte.a(btpbuf.o)
                0x8002011c                btpbuf_alloc
 .text.btpbuf_realloc
                0x8002038c      0x120 C:/devkitPro/libogc/lib/wii\libbte.a(btpbuf.o)
                0x8002038c                btpbuf_realloc
 .text.btpbuf_header
                0x800204ac       0x84 C:/devkitPro/libogc/lib/wii\libbte.a(btpbuf.o)
                0x800204ac                btpbuf_header
 .text.btpbuf_ref
                0x80020530       0x48 C:/devkitPro/libogc/lib/wii\libbte.a(btpbuf.o)
                0x80020530                btpbuf_ref
 .text.btpbuf_chain
                0x80020578       0x9c C:/devkitPro/libogc/lib/wii\libbte.a(btpbuf.o)
                0x80020578                btpbuf_chain
 .text.btpbuf_dechain
                0x80020614       0x7c C:/devkitPro/libogc/lib/wii\libbte.a(btpbuf.o)
                0x80020614                btpbuf_dechain
 .text.btpbuf_take
                0x80020690      0x13c C:/devkitPro/libogc/lib/wii\libbte.a(btpbuf.o)
                0x80020690                btpbuf_take
 .text.__usb_closeCB
                0x800207cc       0x10 C:/devkitPro/libogc/lib/wii\libbte.a(physbusif.o)
 .text.__writebulkmsgCB
                0x800207dc       0x3c C:/devkitPro/libogc/lib/wii\libbte.a(physbusif.o)
 .text.__writectrlmsgCB
                0x80020818       0x3c C:/devkitPro/libogc/lib/wii\libbte.a(physbusif.o)
 .text.__issue_intrread.part.0
                0x80020854       0x80 C:/devkitPro/libogc/lib/wii\libbte.a(physbusif.o)
 .text.__readintrdataCB
                0x800208d4      0x150 C:/devkitPro/libogc/lib/wii\libbte.a(physbusif.o)
 .text.__issue_bulkread.part.0
                0x80020a24       0x80 C:/devkitPro/libogc/lib/wii\libbte.a(physbusif.o)
 .text.__readbulkdataCB
                0x80020aa4      0x150 C:/devkitPro/libogc/lib/wii\libbte.a(physbusif.o)
 .text.physbusif_init
                0x80020bf4      0x1ec C:/devkitPro/libogc/lib/wii\libbte.a(physbusif.o)
                0x80020bf4                physbusif_init
 .text.physbusif_close
                0x80020de0       0x20 C:/devkitPro/libogc/lib/wii\libbte.a(physbusif.o)
                0x80020de0                physbusif_close
 .text.physbusif_shutdown
                0x80020e00       0x24 C:/devkitPro/libogc/lib/wii\libbte.a(physbusif.o)
                0x80020e00                physbusif_shutdown
 .text.physbusif_reset_all
                0x80020e24        0x4 C:/devkitPro/libogc/lib/wii\libbte.a(physbusif.o)
                0x80020e24                physbusif_reset_all
 .text.physbusif_output
                0x80020e28      0x1f4 C:/devkitPro/libogc/lib/wii\libbte.a(physbusif.o)
                0x80020e28                physbusif_output
 .text.__dsp_donecallback
                0x8002101c        0xc C:/devkitPro/libogc/lib/wii\libasnd.a(asndlib.o)
 .text.__dsp_initcallback
                0x80021028       0x58 C:/devkitPro/libogc/lib/wii\libasnd.a(asndlib.o)
 .text.audio_dma_callback
                0x80021080      0x5a4 C:/devkitPro/libogc/lib/wii\libasnd.a(asndlib.o)
 .text.__dsp_requestcallback
                0x80021624      0x65c C:/devkitPro/libogc/lib/wii\libasnd.a(asndlib.o)
 .text.ASND_Init
                0x80021c80      0x1c8 C:/devkitPro/libogc/lib/wii\libasnd.a(asndlib.o)
                0x80021c80                ASND_Init
 .text.ASND_End
                0x80021e48       0x7c C:/devkitPro/libogc/lib/wii\libasnd.a(asndlib.o)
                0x80021e48                ASND_End
 .text.RGB8_to_YCbCr
                0x80021ec4      0x144 C:/devkitPro/libogc/lib/wii\libogc.a(console.o)
 .text.__console_drawc.part.0
                0x80022008      0x274 C:/devkitPro/libogc/lib/wii\libogc.a(console.o)
 .text.__console_clear_line
                0x8002227c      0x158 C:/devkitPro/libogc/lib/wii\libogc.a(console.o)
 .text.__console_clear
                0x800223d4      0x11c C:/devkitPro/libogc/lib/wii\libogc.a(console.o)
 .text.__set_default_console
                0x800224f0      0x108 C:/devkitPro/libogc/lib/wii\libogc.a(console.o)
 .text.__console_init
                0x800225f8       0x70 C:/devkitPro/libogc/lib/wii\libogc.a(console.o)
                0x800225f8                __console_init
 .text.newRow   0x80022668      0x108 C:/devkitPro/libogc/lib/wii\libogc.a(console.o)
                0x80022668                newRow
 .text.consolePrintChar.part.0
                0x80022770      0x228 C:/devkitPro/libogc/lib/wii\libogc.a(console.o)
 .text.__console_write
                0x80022998      0xc2c C:/devkitPro/libogc/lib/wii\libogc.a(console.o)
                0x80022998                __console_write
 .text.CON_Init
                0x800235c4       0x70 C:/devkitPro/libogc/lib/wii\libogc.a(console.o)
                0x800235c4                CON_Init
 .text.CON_EnableGecko
                0x80023634       0xf8 C:/devkitPro/libogc/lib/wii\libogc.a(console.o)
                0x80023634                CON_EnableGecko
 .text.__lwp_queue_initialize
                0x8002372c       0x98 C:/devkitPro/libogc/lib/wii\libogc.a(lwp_queue.o)
                0x8002372c                __lwp_queue_initialize
 .text.__lwp_queue_get
                0x800237c4       0x74 C:/devkitPro/libogc/lib/wii\libogc.a(lwp_queue.o)
                0x800237c4                __lwp_queue_get
 .text.__lwp_queue_append
                0x80023838       0x4c C:/devkitPro/libogc/lib/wii\libogc.a(lwp_queue.o)
                0x80023838                __lwp_queue_append
 .text.__syscall_getreent
                0x80023884       0x24 C:/devkitPro/libogc/lib/wii\libogc.a(lwp_threads.o)
                0x80023884                __syscall_getreent
 .text.__lwp_isr_in_progress
                0x800238a8        0x8 C:/devkitPro/libogc/lib/wii\libogc.a(lwp_threads.o)
                0x800238a8                __lwp_isr_in_progress
 .text.__thread_dispatch_fp
                0x800238b0       0x88 C:/devkitPro/libogc/lib/wii\libogc.a(lwp_threads.o)
                0x800238b0                __thread_dispatch_fp
 .text.__thread_dispatch
                0x80023938       0xf4 C:/devkitPro/libogc/lib/wii\libogc.a(lwp_threads.o)
                0x80023938                __thread_dispatch
 .text.__lwp_thread_resettimeslice
                0x80023a2c       0xb4 C:/devkitPro/libogc/lib/wii\libogc.a(lwp_threads.o)
                0x80023a2c                __lwp_thread_resettimeslice
 .text.__lwp_thread_tickle_timeslice
                0x80023ae0       0xc8 C:/devkitPro/libogc/lib/wii\libogc.a(lwp_threads.o)
                0x80023ae0                __lwp_thread_tickle_timeslice
 .text.__lwp_thread_setstate
                0x80023ba8      0x16c C:/devkitPro/libogc/lib/wii\libogc.a(lwp_threads.o)
                0x80023ba8                __lwp_thread_setstate
 .text.__lwp_thread_clearstate
                0x80023d14       0xe4 C:/devkitPro/libogc/lib/wii\libogc.a(lwp_threads.o)
                0x80023d14                __lwp_thread_clearstate
 .text.__lwp_thread_delayended
                0x80023df8       0x48 C:/devkitPro/libogc/lib/wii\libogc.a(lwp_threads.o)
                0x80023df8                __lwp_thread_delayended
 .text.__lwp_thread_suspend
                0x80023e40      0x17c C:/devkitPro/libogc/lib/wii\libogc.a(lwp_threads.o)
                0x80023e40                __lwp_thread_suspend
 .text.__lwp_thread_settransient
                0x80023fbc       0xb4 C:/devkitPro/libogc/lib/wii\libogc.a(lwp_threads.o)
                0x80023fbc                __lwp_thread_settransient
 .text.__lwp_thread_changepriority
                0x80024070      0x1f8 C:/devkitPro/libogc/lib/wii\libogc.a(lwp_threads.o)
                0x80024070                __lwp_thread_changepriority
 .text.__lwp_thread_resume
                0x80024268      0x12c C:/devkitPro/libogc/lib/wii\libogc.a(lwp_threads.o)
                0x80024268                __lwp_thread_resume
 .text.__lwp_thread_ready
                0x80024394       0xf0 C:/devkitPro/libogc/lib/wii\libogc.a(lwp_threads.o)
                0x80024394                __lwp_thread_ready
 .text.__lwp_thread_init
                0x80024484      0x160 C:/devkitPro/libogc/lib/wii\libogc.a(lwp_threads.o)
                0x80024484                __lwp_thread_init
 .text.__lwp_thread_close
                0x800245e4      0x144 C:/devkitPro/libogc/lib/wii\libogc.a(lwp_threads.o)
                0x800245e4                __lwp_thread_close
 .text.__lwp_thread_handler
                0x80024728       0xc0 C:/devkitPro/libogc/lib/wii\libogc.a(lwp_threads.o)
 .text.__lwp_thread_closeall
                0x800247e8       0xb4 C:/devkitPro/libogc/lib/wii\libogc.a(lwp_threads.o)
                0x800247e8                __lwp_thread_closeall
 .text.__lwp_thread_start
                0x8002489c      0x13c C:/devkitPro/libogc/lib/wii\libogc.a(lwp_threads.o)
                0x8002489c                __lwp_thread_start
 .text.__lwp_thread_startmultitasking
                0x800249d8       0xac C:/devkitPro/libogc/lib/wii\libogc.a(lwp_threads.o)
                0x800249d8                __lwp_thread_startmultitasking
 .text.__lwp_thread_stopmultitasking
                0x80024a84       0x58 C:/devkitPro/libogc/lib/wii\libogc.a(lwp_threads.o)
                0x80024a84                __lwp_thread_stopmultitasking
 .text.__lwp_thread_coreinit
                0x80024adc       0xc8 C:/devkitPro/libogc/lib/wii\libogc.a(lwp_threads.o)
                0x80024adc                __lwp_thread_coreinit
 .text.idle_func
                0x80024ba4        0x4 C:/devkitPro/libogc/lib/wii\libogc.a(lwp.o)
 .text.__lwp_sysinit
                0x80024ba8      0x114 C:/devkitPro/libogc/lib/wii\libogc.a(lwp.o)
                0x80024ba8                __lwp_sysinit
 .text.LWP_CreateThread
                0x80024cbc      0x1b0 C:/devkitPro/libogc/lib/wii\libogc.a(lwp.o)
                0x80024cbc                LWP_CreateThread
 .text.LWP_SuspendThread
                0x80024e6c       0xc8 C:/devkitPro/libogc/lib/wii\libogc.a(lwp.o)
                0x80024e6c                LWP_SuspendThread
 .text.LWP_ResumeThread
                0x80024f34       0xcc C:/devkitPro/libogc/lib/wii\libogc.a(lwp.o)
                0x80024f34                LWP_ResumeThread
 .text.LWP_GetSelf
                0x80025000       0x28 C:/devkitPro/libogc/lib/wii\libogc.a(lwp.o)
                0x80025000                LWP_GetSelf
 .text.LWP_JoinThread
                0x80025028      0x134 C:/devkitPro/libogc/lib/wii\libogc.a(lwp.o)
                0x80025028                LWP_JoinThread
 .text.LWP_InitQueue
                0x8002515c      0x148 C:/devkitPro/libogc/lib/wii\libogc.a(lwp.o)
                0x8002515c                LWP_InitQueue
 .text.LWP_CloseQueue
                0x800252a4       0xd4 C:/devkitPro/libogc/lib/wii\libogc.a(lwp.o)
                0x800252a4                LWP_CloseQueue
 .text.LWP_ThreadSleep
                0x80025378       0xf4 C:/devkitPro/libogc/lib/wii\libogc.a(lwp.o)
                0x80025378                LWP_ThreadSleep
 .text.LWP_ThreadBroadcast
                0x8002546c       0x88 C:/devkitPro/libogc/lib/wii\libogc.a(lwp.o)
                0x8002546c                LWP_ThreadBroadcast
 .text.LWP_ThreadSignal
                0x800254f4       0x74 C:/devkitPro/libogc/lib/wii\libogc.a(lwp.o)
                0x800254f4                LWP_ThreadSignal
 .text.__lwp_stack_allocate
                0x80025568       0x60 C:/devkitPro/libogc/lib/wii\libogc.a(lwp_stack.o)
                0x80025568                __lwp_stack_allocate
 .text.__lwp_stack_free
                0x800255c8       0x1c C:/devkitPro/libogc/lib/wii\libogc.a(lwp_stack.o)
                0x800255c8                __lwp_stack_free
 .text.__lwp_wd_settimer
                0x800255e4       0xdc C:/devkitPro/libogc/lib/wii\libogc.a(lwp_watchdog.o)
 .text.__lwp_watchdog_init
                0x800256c0       0x2c C:/devkitPro/libogc/lib/wii\libogc.a(lwp_watchdog.o)
                0x800256c0                __lwp_watchdog_init
 .text.__lwp_wd_insert
                0x800256ec      0x19c C:/devkitPro/libogc/lib/wii\libogc.a(lwp_watchdog.o)
                0x800256ec                __lwp_wd_insert
 .text.__lwp_wd_remove
                0x80025888      0x134 C:/devkitPro/libogc/lib/wii\libogc.a(lwp_watchdog.o)
                0x80025888                __lwp_wd_remove
 .text.__lwp_wd_tickle
                0x800259bc      0x120 C:/devkitPro/libogc/lib/wii\libogc.a(lwp_watchdog.o)
                0x800259bc                __lwp_wd_tickle
 .text.__lwp_wkspace_init
                0x80025adc       0xc0 C:/devkitPro/libogc/lib/wii\libogc.a(lwp_wkspace.o)
                0x80025adc                __lwp_wkspace_init
 .text.__lwp_objmgr_initinfo
                0x80025b9c      0x1a0 C:/devkitPro/libogc/lib/wii\libogc.a(lwp_objmgr.o)
                0x80025b9c                __lwp_objmgr_initinfo
 .text.__lwp_objmgr_getisrdisable
                0x80025d3c       0x60 C:/devkitPro/libogc/lib/wii\libogc.a(lwp_objmgr.o)
                0x80025d3c                __lwp_objmgr_getisrdisable
 .text.__lwp_objmgr_getnoprotection
                0x80025d9c       0x24 C:/devkitPro/libogc/lib/wii\libogc.a(lwp_objmgr.o)
                0x80025d9c                __lwp_objmgr_getnoprotection
 .text.__lwp_objmgr_get
                0x80025dc0       0x6c C:/devkitPro/libogc/lib/wii\libogc.a(lwp_objmgr.o)
                0x80025dc0                __lwp_objmgr_get
 .text.__lwp_objmgr_allocate
                0x80025e2c       0x88 C:/devkitPro/libogc/lib/wii\libogc.a(lwp_objmgr.o)
                0x80025e2c                __lwp_objmgr_allocate
 .text.__lwp_objmgr_free
                0x80025eb4       0x60 C:/devkitPro/libogc/lib/wii\libogc.a(lwp_objmgr.o)
                0x80025eb4                __lwp_objmgr_free
 .text.__lwp_heap_init
                0x80025f14       0xa4 C:/devkitPro/libogc/lib/wii\libogc.a(lwp_heap.o)
                0x80025f14                __lwp_heap_init
 .text.__lwp_heap_allocate
                0x80025fb8      0x168 C:/devkitPro/libogc/lib/wii\libogc.a(lwp_heap.o)
                0x80025fb8                __lwp_heap_allocate
 .text.__lwp_heap_free
                0x80026120      0x188 C:/devkitPro/libogc/lib/wii\libogc.a(lwp_heap.o)
                0x80026120                __lwp_heap_free
 .text.__SetInterrupts
                0x800262a8      0x268 C:/devkitPro/libogc/lib/wii\libogc.a(irq.o)
 .text.c_irqdispatcher
                0x80026510      0x26c C:/devkitPro/libogc/lib/wii\libogc.a(irq.o)
                0x80026510                c_irqdispatcher
 .text.__UnmaskIrq
                0x8002677c       0x84 C:/devkitPro/libogc/lib/wii\libogc.a(irq.o)
                0x8002677c                __UnmaskIrq
 .text.__MaskIrq
                0x80026800       0x84 C:/devkitPro/libogc/lib/wii\libogc.a(irq.o)
                0x80026800                __MaskIrq
 .text.__irq_init
                0x80026884       0x84 C:/devkitPro/libogc/lib/wii\libogc.a(irq.o)
                0x80026884                __irq_init
 .text.IRQ_Request
                0x80026908       0x50 C:/devkitPro/libogc/lib/wii\libogc.a(irq.o)
                0x80026908                IRQ_Request
 .text.IRQ_GetHandler
                0x80026958       0x44 C:/devkitPro/libogc/lib/wii\libogc.a(irq.o)
                0x80026958                IRQ_GetHandler
 .text.IRQ_Disable
                0x8002699c       0x1c C:/devkitPro/libogc/lib/wii\libogc.a(irq.o)
                0x8002699c                IRQ_Disable
 .text.IRQ_Restore
                0x800269b8       0x1c C:/devkitPro/libogc/lib/wii\libogc.a(irq.o)
                0x800269b8                IRQ_Restore
 .text.__VISendI2CData.constprop.0.isra.0
                0x800269d4      0x418 C:/devkitPro/libogc/lib/wii\libogc.a(video.o)
 .text.__setFbbRegs.constprop.0
                0x80026dec      0x190 C:/devkitPro/libogc/lib/wii\libogc.a(video.o)
 .text.__VISetGamma
                0x80026f7c       0x58 C:/devkitPro/libogc/lib/wii\libogc.a(video.o)
 .text.__VISetOutputMode
                0x80026fd4      0x134 C:/devkitPro/libogc/lib/wii\libogc.a(video.o)
 .text.__VISetMacroVision
                0x80027108       0xb4 C:/devkitPro/libogc/lib/wii\libogc.a(video.o)
 .text.__VIClearFramebuffer
                0x800271bc       0x48 C:/devkitPro/libogc/lib/wii\libogc.a(video.o)
                0x800271bc                __VIClearFramebuffer
 .text.VIDEO_WaitVSync
                0x80027204       0x74 C:/devkitPro/libogc/lib/wii\libogc.a(video.o)
                0x80027204                VIDEO_WaitVSync
 .text.VIDEO_SetFramebuffer
                0x80027278       0xd0 C:/devkitPro/libogc/lib/wii\libogc.a(video.o)
                0x80027278                VIDEO_SetFramebuffer
 .text.VIDEO_SetNextFramebuffer
                0x80027348       0x70 C:/devkitPro/libogc/lib/wii\libogc.a(video.o)
                0x80027348                VIDEO_SetNextFramebuffer
 .text.VIDEO_Flush
                0x800273b8       0xf4 C:/devkitPro/libogc/lib/wii\libogc.a(video.o)
                0x800273b8                VIDEO_Flush
 .text.VIDEO_SetBlack
                0x800274ac      0x15c C:/devkitPro/libogc/lib/wii\libogc.a(video.o)
                0x800274ac                VIDEO_SetBlack
 .text.VIDEO_GetCurrentTvMode
                0x80027608       0x78 C:/devkitPro/libogc/lib/wii\libogc.a(video.o)
                0x80027608                VIDEO_GetCurrentTvMode
 .text.__VIRetraceHandler
                0x80027680      0x250 C:/devkitPro/libogc/lib/wii\libogc.a(video.o)
 .text.__VISetupEncoder.part.0.isra.0
                0x800278d0      0x29c C:/devkitPro/libogc/lib/wii\libogc.a(video.o)
 .text.VIDEO_Configure
                0x80027b6c      0x62c C:/devkitPro/libogc/lib/wii\libogc.a(video.o)
                0x80027b6c                VIDEO_Configure
 .text.VIDEO_Init
                0x80028198      0x3ec C:/devkitPro/libogc/lib/wii\libogc.a(video.o)
                0x80028198                VIDEO_Init
 .text.VIDEO_GetPreferredMode
                0x80028584      0x108 C:/devkitPro/libogc/lib/wii\libogc.a(video.o)
                0x80028584                VIDEO_GetPreferredMode
 .text.VIDEO_GetCurrentLine
                0x8002868c       0xa0 C:/devkitPro/libogc/lib/wii\libogc.a(video.o)
                0x8002868c                VIDEO_GetCurrentLine
 .text.VIDEO_GetFrameBufferSize
                0x8002872c       0x34 C:/devkitPro/libogc/lib/wii\libogc.a(video.o)
                0x8002872c                VIDEO_GetFrameBufferSize
 .text.SPEC1_MakeStatus
                0x80028760      0x104 C:/devkitPro/libogc/lib/wii\libogc.a(pad.o)
 .text.__pad_samplinghandler
                0x80028864        0x4 C:/devkitPro/libogc/lib/wii\libogc.a(pad.o)
 .text.__pad_doreset
                0x80028868       0x50 C:/devkitPro/libogc/lib/wii\libogc.a(pad.o)
 .text.__pad_updateorigin
                0x800288b8       0x94 C:/devkitPro/libogc/lib/wii\libogc.a(pad.o)
 .text.__pad_disable
                0x8002894c       0xbc C:/devkitPro/libogc/lib/wii\libogc.a(pad.o)
 .text.__pad_receivecheckcallback
                0x80028a08       0x74 C:/devkitPro/libogc/lib/wii\libogc.a(pad.o)
 .text.__pad_typeandstatuscallback
                0x80028a7c      0x1b4 C:/devkitPro/libogc/lib/wii\libogc.a(pad.o)
 .text.__pad_originupdatecallback
                0x80028c30       0x2c C:/devkitPro/libogc/lib/wii\libogc.a(pad.o)
 .text.SPEC2_MakeStatus
                0x80028c5c      0x220 C:/devkitPro/libogc/lib/wii\libogc.a(pad.o)
 .text.__pad_onreset
                0x80028e7c      0x10c C:/devkitPro/libogc/lib/wii\libogc.a(pad.o)
 .text.__pad_origincallback
                0x80028f88       0x74 C:/devkitPro/libogc/lib/wii\libogc.a(pad.o)
 .text.__pad_probecallback
                0x80028ffc       0x84 C:/devkitPro/libogc/lib/wii\libogc.a(pad.o)
 .text.__PADDisableRecalibration
                0x80029080       0x60 C:/devkitPro/libogc/lib/wii\libogc.a(pad.o)
                0x80029080                __PADDisableRecalibration
 .text.PAD_Reset
                0x800290e0       0xf0 C:/devkitPro/libogc/lib/wii\libogc.a(pad.o)
                0x800290e0                PAD_Reset
 .text.PAD_Read
                0x800291d0      0x2cc C:/devkitPro/libogc/lib/wii\libogc.a(pad.o)
                0x800291d0                PAD_Read
 .text.PAD_Init
                0x8002949c       0xf8 C:/devkitPro/libogc/lib/wii\libogc.a(pad.o)
                0x8002949c                PAD_Init
 .text.PAD_ScanPads
                0x80029594      0x13c C:/devkitPro/libogc/lib/wii\libogc.a(pad.o)
                0x80029594                PAD_ScanPads
 .text.PAD_ButtonsUp
                0x800296d0       0x40 C:/devkitPro/libogc/lib/wii\libogc.a(pad.o)
                0x800296d0                PAD_ButtonsUp
 .text.PAD_ButtonsDown
                0x80029710       0x40 C:/devkitPro/libogc/lib/wii\libogc.a(pad.o)
                0x80029710                PAD_ButtonsDown
 .text.PAD_ButtonsHeld
                0x80029750       0x40 C:/devkitPro/libogc/lib/wii\libogc.a(pad.o)
                0x80029750                PAD_ButtonsHeld
 .text.PAD_SubStickX
                0x80029790       0x40 C:/devkitPro/libogc/lib/wii\libogc.a(pad.o)
                0x80029790                PAD_SubStickX
 .text.PAD_SubStickY
                0x800297d0       0x40 C:/devkitPro/libogc/lib/wii\libogc.a(pad.o)
                0x800297d0                PAD_SubStickY
 .text.PAD_StickX
                0x80029810       0x40 C:/devkitPro/libogc/lib/wii\libogc.a(pad.o)
                0x80029810                PAD_StickX
 .text.PAD_StickY
                0x80029850       0x40 C:/devkitPro/libogc/lib/wii\libogc.a(pad.o)
                0x80029850                PAD_StickY
 .text.__call_resetfuncs
                0x80029890       0xbc C:/devkitPro/libogc/lib/wii\libogc.a(system.o)
 .text.__MEMInterruptHandler
                0x8002994c       0x14 C:/devkitPro/libogc/lib/wii\libogc.a(system.o)
 .text.__RSWDefaultHandler
                0x80029960        0x4 C:/devkitPro/libogc/lib/wii\libogc.a(system.o)
 .text.__POWDefaultHandler
                0x80029964        0x4 C:/devkitPro/libogc/lib/wii\libogc.a(system.o)
 .text.__STMEventHandler
                0x80029968       0xf4 C:/devkitPro/libogc/lib/wii\libogc.a(system.o)
 .text.__getrtc
                0x80029a5c      0x14c C:/devkitPro/libogc/lib/wii\libogc.a(system.o)
 .text.__sram_write
                0x80029ba8      0x144 C:/devkitPro/libogc/lib/wii\libogc.a(system.o)
 .text.__sram_writecallback
                0x80029cec       0x54 C:/devkitPro/libogc/lib/wii\libogc.a(system.o)
 .text.__mem_onreset
                0x80029d40       0x48 C:/devkitPro/libogc/lib/wii\libogc.a(system.o)
 .text.__unlocksram
                0x80029d88      0x130 C:/devkitPro/libogc/lib/wii\libogc.a(system.o)
 .text.__sys_alarmhandler
                0x80029eb8      0x14c C:/devkitPro/libogc/lib/wii\libogc.a(system.o)
 .text.__syscall_malloc_lock
                0x8002a004        0x4 C:/devkitPro/libogc/lib/wii\libogc.a(system.o)
                0x8002a004                __syscall_malloc_lock
 .text.__syscall_malloc_unlock
                0x8002a008        0x4 C:/devkitPro/libogc/lib/wii\libogc.a(system.o)
                0x8002a008                __syscall_malloc_unlock
 .text.__syscall_nanosleep
                0x8002a00c        0x4 C:/devkitPro/libogc/lib/wii\libogc.a(system.o)
                0x8002a00c                __syscall_nanosleep
 .text.__SYS_GetRTC
                0x8002a010       0x98 C:/devkitPro/libogc/lib/wii\libogc.a(system.o)
                0x8002a010                __SYS_GetRTC
 .text.__SYS_SetBootTime
                0x8002a0a8       0xf4 C:/devkitPro/libogc/lib/wii\libogc.a(system.o)
                0x8002a0a8                __SYS_SetBootTime
 .text.__SYS_GetIPCBufferLo
                0x8002a19c        0x8 C:/devkitPro/libogc/lib/wii\libogc.a(system.o)
                0x8002a19c                __SYS_GetIPCBufferLo
 .text.__SYS_GetIPCBufferHi
                0x8002a1a4        0x8 C:/devkitPro/libogc/lib/wii\libogc.a(system.o)
                0x8002a1a4                __SYS_GetIPCBufferHi
 .text.__SYS_DoPowerCB
                0x8002a1ac       0x74 C:/devkitPro/libogc/lib/wii\libogc.a(system.o)
                0x8002a1ac                __SYS_DoPowerCB
 .text.__SYS_PreInit
                0x8002a220        0x4 C:/devkitPro/libogc/lib/wii\libogc.a(system.o)
                0x8002a220                __SYS_PreInit
 .text.SYS_PreMain
                0x8002a224       0x7c C:/devkitPro/libogc/lib/wii\libogc.a(system.o)
                0x8002a224                SYS_PreMain
 .text.SYS_ResetButtonDown
                0x8002a2a0       0x18 C:/devkitPro/libogc/lib/wii\libogc.a(system.o)
                0x8002a2a0                SYS_ResetButtonDown
 .text.SYS_ResetSystem
                0x8002a2b8      0x1f8 C:/devkitPro/libogc/lib/wii\libogc.a(system.o)
                0x8002a2b8                SYS_ResetSystem
 .text.__reload
                0x8002a4b0       0x7c C:/devkitPro/libogc/lib/wii\libogc.a(system.o)
                0x8002a4b0                __reload
 .text.__syscall_exit
                0x8002a52c       0x84 C:/devkitPro/libogc/lib/wii\libogc.a(system.o)
                0x8002a52c                __syscall_exit
 .text.SYS_RegisterResetFunc
                0x8002a5b0       0x78 C:/devkitPro/libogc/lib/wii\libogc.a(system.o)
                0x8002a5b0                SYS_RegisterResetFunc
 .text.SYS_SetArena1Lo
                0x8002a628       0x38 C:/devkitPro/libogc/lib/wii\libogc.a(system.o)
                0x8002a628                SYS_SetArena1Lo
 .text.SYS_GetArena1Lo
                0x8002a660       0x38 C:/devkitPro/libogc/lib/wii\libogc.a(system.o)
                0x8002a660                SYS_GetArena1Lo
 .text.SYS_GetArena1Hi
                0x8002a698       0x38 C:/devkitPro/libogc/lib/wii\libogc.a(system.o)
                0x8002a698                SYS_GetArena1Hi
 .text.SYS_SetArena2Lo
                0x8002a6d0       0x38 C:/devkitPro/libogc/lib/wii\libogc.a(system.o)
                0x8002a6d0                SYS_SetArena2Lo
 .text.SYS_GetArena2Lo
                0x8002a708       0x38 C:/devkitPro/libogc/lib/wii\libogc.a(system.o)
                0x8002a708                SYS_GetArena2Lo
 .text.SYS_SetArena2Hi
                0x8002a740       0x38 C:/devkitPro/libogc/lib/wii\libogc.a(system.o)
                0x8002a740                SYS_SetArena2Hi
 .text.SYS_GetArena2Hi
                0x8002a778       0x38 C:/devkitPro/libogc/lib/wii\libogc.a(system.o)
                0x8002a778                SYS_GetArena2Hi
 .text.SYS_AllocateFramebuffer
                0x8002a7b0       0x28 C:/devkitPro/libogc/lib/wii\libogc.a(system.o)
                0x8002a7b0                SYS_AllocateFramebuffer
 .text.SYS_CreateAlarm
                0x8002a7d8      0x104 C:/devkitPro/libogc/lib/wii\libogc.a(system.o)
                0x8002a7d8                SYS_CreateAlarm
 .text.SYS_SetAlarm
                0x8002a8dc      0x1e0 C:/devkitPro/libogc/lib/wii\libogc.a(system.o)
                0x8002a8dc                SYS_SetAlarm
 .text.SYS_SetPeriodicAlarm
                0x8002aabc      0x258 C:/devkitPro/libogc/lib/wii\libogc.a(system.o)
                0x8002aabc                SYS_SetPeriodicAlarm
 .text.SYS_RemoveAlarm
                0x8002ad14      0x10c C:/devkitPro/libogc/lib/wii\libogc.a(system.o)
                0x8002ad14                SYS_RemoveAlarm
 .text.SYS_CancelAlarm
                0x8002ae20       0xbc C:/devkitPro/libogc/lib/wii\libogc.a(system.o)
                0x8002ae20                SYS_CancelAlarm
 .text.SYS_GetWirelessID
                0x8002aedc       0x90 C:/devkitPro/libogc/lib/wii\libogc.a(system.o)
                0x8002aedc                SYS_GetWirelessID
 .text.SYS_SetWirelessID
                0x8002af6c       0x90 C:/devkitPro/libogc/lib/wii\libogc.a(system.o)
                0x8002af6c                SYS_SetWirelessID
 .text.SYS_SetGBSMode
                0x8002affc       0xa8 C:/devkitPro/libogc/lib/wii\libogc.a(system.o)
                0x8002affc                SYS_SetGBSMode
 .text.__sram_init
                0x8002b0a4      0x1c4 C:/devkitPro/libogc/lib/wii\libogc.a(system.o)
                0x8002b0a4                __sram_init
 .text.SYS_Init
                0x8002b268      0x5b0 C:/devkitPro/libogc/lib/wii\libogc.a(system.o)
                0x8002b268                SYS_Init
 .text.SYS_GetHollywoodRevision
                0x8002b818       0x3c C:/devkitPro/libogc/lib/wii\libogc.a(system.o)
                0x8002b818                SYS_GetHollywoodRevision
 .text.SYS_Time
                0x8002b854       0x78 C:/devkitPro/libogc/lib/wii\libogc.a(system.o)
                0x8002b854                SYS_Time
 .text.__lwp_cond_init
                0x8002b8cc       0x14 C:/devkitPro/libogc/lib/wii\libogc.a(cond.o)
                0x8002b8cc                __lwp_cond_init
 .text.__GX_InitRevBits
                0x8002b8e0       0x9c C:/devkitPro/libogc/lib/wii\libogc.a(gx.o)
 .text.__GXTokenInterruptHandler
                0x8002b97c       0x6c C:/devkitPro/libogc/lib/wii\libogc.a(gx.o)
 .text.__GXDefTexRegionCallback
                0x8002b9e8       0x7c C:/devkitPro/libogc/lib/wii\libogc.a(gx.o)
 .text.__GXDefTlutRegionCallback
                0x8002ba64       0x18 C:/devkitPro/libogc/lib/wii\libogc.a(gx.o)
 .text.__SetSURegs
                0x8002ba7c       0x90 C:/devkitPro/libogc/lib/wii\libogc.a(gx.o)
 .text.__SETVCDATTR
                0x8002bb0c      0x230 C:/devkitPro/libogc/lib/wii\libogc.a(gx.o)
 .text.__SETVCDFMT
                0x8002bd3c      0x4cc C:/devkitPro/libogc/lib/wii\libogc.a(gx.o)
 .text.__GXCPInterruptHandler
                0x8002c208      0x160 C:/devkitPro/libogc/lib/wii\libogc.a(gx.o)
 .text.__GXFinishInterruptHandler
                0x8002c368       0x58 C:/devkitPro/libogc/lib/wii\libogc.a(gx.o)
 .text.GX_SetTexCoordGen2.part.0
                0x8002c3c0      0x278 C:/devkitPro/libogc/lib/wii\libogc.a(gx.o)
 .text.GX_InitTexObj.part.0
                0x8002c638      0x1c4 C:/devkitPro/libogc/lib/wii\libogc.a(gx.o)
 .text.__GX_SetDirtyState
                0x8002c7fc      0x61c C:/devkitPro/libogc/lib/wii\libogc.a(gx.o)
 .text.GX_SetCPUFifo
                0x8002ce18      0x20c C:/devkitPro/libogc/lib/wii\libogc.a(gx.o)
                0x8002ce18                GX_SetCPUFifo
 .text.GX_SetGPFifo
                0x8002d024      0x250 C:/devkitPro/libogc/lib/wii\libogc.a(gx.o)
                0x8002d024                GX_SetGPFifo
 .text.GX_Flush
                0x8002d274       0x94 C:/devkitPro/libogc/lib/wii\libogc.a(gx.o)
                0x8002d274                GX_Flush
 .text.GX_AbortFrame
                0x8002d308      0x374 C:/devkitPro/libogc/lib/wii\libogc.a(gx.o)
                0x8002d308                GX_AbortFrame
 .text.__gx_onreset
                0x8002d67c       0x7c C:/devkitPro/libogc/lib/wii\libogc.a(gx.o)
 .text.GX_DrawDone
                0x8002d6f8       0xfc C:/devkitPro/libogc/lib/wii\libogc.a(gx.o)
                0x8002d6f8                GX_DrawDone
 .text.GX_SetViewport
                0x8002d7f4       0x78 C:/devkitPro/libogc/lib/wii\libogc.a(gx.o)
                0x8002d7f4                GX_SetViewport
 .text.GX_LoadProjectionMtx
                0x8002d86c       0xf0 C:/devkitPro/libogc/lib/wii\libogc.a(gx.o)
                0x8002d86c                GX_LoadProjectionMtx
 .text.GX_SetCopyClear
                0x8002d95c       0x4c C:/devkitPro/libogc/lib/wii\libogc.a(gx.o)
                0x8002d95c                GX_SetCopyClear
 .text.GX_SetDispCopyGamma
                0x8002d9a8       0x18 C:/devkitPro/libogc/lib/wii\libogc.a(gx.o)
                0x8002d9a8                GX_SetDispCopyGamma
 .text.GX_SetCopyFilter
                0x8002d9c0      0x25c C:/devkitPro/libogc/lib/wii\libogc.a(gx.o)
                0x8002d9c0                GX_SetCopyFilter
 .text.GX_SetDispCopyYScale
                0x8002dc1c       0xf8 C:/devkitPro/libogc/lib/wii\libogc.a(gx.o)
                0x8002dc1c                GX_SetDispCopyYScale
 .text.GX_SetDispCopyDst
                0x8002dd14       0x20 C:/devkitPro/libogc/lib/wii\libogc.a(gx.o)
                0x8002dd14                GX_SetDispCopyDst
 .text.GX_SetDispCopySrc
                0x8002dd34       0x38 C:/devkitPro/libogc/lib/wii\libogc.a(gx.o)
                0x8002dd34                GX_SetDispCopySrc
 .text.GX_CopyDisp
                0x8002dd6c      0x124 C:/devkitPro/libogc/lib/wii\libogc.a(gx.o)
                0x8002dd6c                GX_CopyDisp
 .text.GX_SetVtxDesc
                0x8002de90       0x34 C:/devkitPro/libogc/lib/wii\libogc.a(gx.o)
                0x8002de90                GX_SetVtxDesc
 .text.GX_SetVtxAttrFmt
                0x8002dec4       0x54 C:/devkitPro/libogc/lib/wii\libogc.a(gx.o)
                0x8002dec4                GX_SetVtxAttrFmt
 .text.GX_Begin
                0x8002df18       0x6c C:/devkitPro/libogc/lib/wii\libogc.a(gx.o)
                0x8002df18                GX_Begin
 .text.GX_SetTexCoordGen
                0x8002df84       0x14 C:/devkitPro/libogc/lib/wii\libogc.a(gx.o)
                0x8002df84                GX_SetTexCoordGen
 .text.GX_LoadPosMtxImm
                0x8002df98       0x50 C:/devkitPro/libogc/lib/wii\libogc.a(gx.o)
                0x8002df98                GX_LoadPosMtxImm
 .text.GX_SetNumTexGens
                0x8002dfe8       0x28 C:/devkitPro/libogc/lib/wii\libogc.a(gx.o)
                0x8002dfe8                GX_SetNumTexGens
 .text.GX_InvVtxCache
                0x8002e010       0x14 C:/devkitPro/libogc/lib/wii\libogc.a(gx.o)
                0x8002e010                GX_InvVtxCache
 .text.GX_SetZMode
                0x8002e024       0x38 C:/devkitPro/libogc/lib/wii\libogc.a(gx.o)
                0x8002e024                GX_SetZMode
 .text.GX_InitTexObj
                0x8002e05c        0xc C:/devkitPro/libogc/lib/wii\libogc.a(gx.o)
                0x8002e05c                GX_InitTexObj
 .text.GX_InitTexObjLOD
                0x8002e068      0x238 C:/devkitPro/libogc/lib/wii\libogc.a(gx.o)
                0x8002e068                GX_InitTexObjLOD
 .text.GX_LoadTexObjPreloaded
                0x8002e2a0      0x188 C:/devkitPro/libogc/lib/wii\libogc.a(gx.o)
                0x8002e2a0                GX_LoadTexObjPreloaded
 .text.GX_LoadTexObj
                0x8002e428       0x58 C:/devkitPro/libogc/lib/wii\libogc.a(gx.o)
                0x8002e428                GX_LoadTexObj
 .text.GX_InvalidateTexAll
                0x8002e480       0x50 C:/devkitPro/libogc/lib/wii\libogc.a(gx.o)
                0x8002e480                GX_InvalidateTexAll
 .text.GX_SetBlendMode
                0x8002e4d0       0xd4 C:/devkitPro/libogc/lib/wii\libogc.a(gx.o)
                0x8002e4d0                GX_SetBlendMode
 .text.GX_ClearVtxDesc
                0x8002e5a4       0x38 C:/devkitPro/libogc/lib/wii\libogc.a(gx.o)
                0x8002e5a4                GX_ClearVtxDesc
 .text.GX_SetTevColorIn
                0x8002e5dc       0x44 C:/devkitPro/libogc/lib/wii\libogc.a(gx.o)
                0x8002e5dc                GX_SetTevColorIn
 .text.GX_SetTevAlphaIn
                0x8002e620       0x44 C:/devkitPro/libogc/lib/wii\libogc.a(gx.o)
                0x8002e620                GX_SetTevAlphaIn
 .text.GX_SetTevColorOp
                0x8002e664       0x98 C:/devkitPro/libogc/lib/wii\libogc.a(gx.o)
                0x8002e664                GX_SetTevColorOp
 .text.GX_SetTevAlphaOp
                0x8002e6fc       0x98 C:/devkitPro/libogc/lib/wii\libogc.a(gx.o)
                0x8002e6fc                GX_SetTevAlphaOp
 .text.GX_SetTevOp
                0x8002e794      0x170 C:/devkitPro/libogc/lib/wii\libogc.a(gx.o)
                0x8002e794                GX_SetTevOp
 .text.GX_SetCullMode
                0x8002e904       0x2c C:/devkitPro/libogc/lib/wii\libogc.a(gx.o)
                0x8002e904                GX_SetCullMode
 .text.GX_SetScissor
                0x8002e930       0x78 C:/devkitPro/libogc/lib/wii\libogc.a(gx.o)
                0x8002e930                GX_SetScissor
 .text.GX_SetNumChans
                0x8002e9a8       0x28 C:/devkitPro/libogc/lib/wii\libogc.a(gx.o)
                0x8002e9a8                GX_SetNumChans
 .text.GX_SetTevOrder
                0x8002e9d0      0x178 C:/devkitPro/libogc/lib/wii\libogc.a(gx.o)
                0x8002e9d0                GX_SetTevOrder
 .text.GX_SetAlphaCompare
                0x8002eb48       0x3c C:/devkitPro/libogc/lib/wii\libogc.a(gx.o)
                0x8002eb48                GX_SetAlphaCompare
 .text.GX_SetTevKColorSel
                0x8002eb84       0x54 C:/devkitPro/libogc/lib/wii\libogc.a(gx.o)
                0x8002eb84                GX_SetTevKColorSel
 .text.GX_SetTevKAlphaSel
                0x8002ebd8       0x54 C:/devkitPro/libogc/lib/wii\libogc.a(gx.o)
                0x8002ebd8                GX_SetTevKAlphaSel
 .text.GX_SetTevSwapModeTable
                0x8002ec2c       0x64 C:/devkitPro/libogc/lib/wii\libogc.a(gx.o)
                0x8002ec2c                GX_SetTevSwapModeTable
 .text.GX_SetFog
                0x8002ec90      0x244 C:/devkitPro/libogc/lib/wii\libogc.a(gx.o)
                0x8002ec90                GX_SetFog
 .text.GX_SetColorUpdate
                0x8002eed4       0x30 C:/devkitPro/libogc/lib/wii\libogc.a(gx.o)
                0x8002eed4                GX_SetColorUpdate
 .text.GX_SetAlphaUpdate
                0x8002ef04       0x30 C:/devkitPro/libogc/lib/wii\libogc.a(gx.o)
                0x8002ef04                GX_SetAlphaUpdate
 .text.GX_SetPixelFmt
                0x8002ef34       0xe0 C:/devkitPro/libogc/lib/wii\libogc.a(gx.o)
                0x8002ef34                GX_SetPixelFmt
 .text.GX_SetFieldMode
                0x8002f014       0x58 C:/devkitPro/libogc/lib/wii\libogc.a(gx.o)
                0x8002f014                GX_SetFieldMode
 .text.GX_SetGPMetric
                0x8002f06c      0x7fc C:/devkitPro/libogc/lib/wii\libogc.a(gx.o)
                0x8002f06c                GX_SetGPMetric
 .text.GX_Init  0x8002f868     0x1160 C:/devkitPro/libogc/lib/wii\libogc.a(gx.o)
                0x8002f868                GX_Init
 .text.GX_GetYScaleFactor
                0x800309c8      0x2c0 C:/devkitPro/libogc/lib/wii\libogc.a(gx.o)
                0x800309c8                GX_GetYScaleFactor
 .text.guOrtho  0x80030c88       0x98 C:/devkitPro/libogc/lib/wii\libogc.a(gu.o)
                0x80030c88                guOrtho
 .text.__AISRCINIT
                0x80030d20      0x1cc C:/devkitPro/libogc/lib/wii\libogc.a(audio.o)
 .text.__AIDHandler
                0x80030eec       0xd4 C:/devkitPro/libogc/lib/wii\libogc.a(audio.o)
 .text.AUDIO_Init
                0x80030fc0      0x154 C:/devkitPro/libogc/lib/wii\libogc.a(audio.o)
                0x80030fc0                AUDIO_Init
 .text.AUDIO_RegisterDMACallback
                0x80031114       0x40 C:/devkitPro/libogc/lib/wii\libogc.a(audio.o)
                0x80031114                AUDIO_RegisterDMACallback
 .text.AUDIO_InitDMA
                0x80031154       0x64 C:/devkitPro/libogc/lib/wii\libogc.a(audio.o)
                0x80031154                AUDIO_InitDMA
 .text.AUDIO_StartDMA
                0x800311b8       0x1c C:/devkitPro/libogc/lib/wii\libogc.a(audio.o)
                0x800311b8                AUDIO_StartDMA
 .text.AUDIO_StopDMA
                0x800311d4       0x18 C:/devkitPro/libogc/lib/wii\libogc.a(audio.o)
                0x800311d4                AUDIO_StopDMA
 .text.AUDIO_SetDSPSampleRate
                0x800311ec       0xa0 C:/devkitPro/libogc/lib/wii\libogc.a(audio.o)
                0x800311ec                AUDIO_SetDSPSampleRate
 .text.__decrementer_init
                0x8003128c        0x4 C:/devkitPro/libogc/lib/wii\libogc.a(decrementer.o)
                0x8003128c                __decrementer_init
 .text.c_decrementer_handler
                0x80031290        0xc C:/devkitPro/libogc/lib/wii\libogc.a(decrementer.o)
                0x80031290                c_decrementer_handler
 .text.__lwp_mqbox_init
                0x8003129c       0x14 C:/devkitPro/libogc/lib/wii\libogc.a(message.o)
                0x8003129c                __lwp_mqbox_init
 .text.__dsp_exectask
                0x800312b0      0x264 C:/devkitPro/libogc/lib/wii\libogc.a(dsp.o)
 .text.__dsp_inthandler
                0x80031514       0x30 C:/devkitPro/libogc/lib/wii\libogc.a(dsp.o)
 .text.__dsp_removetask
                0x80031544       0x74 C:/devkitPro/libogc/lib/wii\libogc.a(dsp.o)
 .text.__dsp_def_taskcb
                0x800315b8      0x404 C:/devkitPro/libogc/lib/wii\libogc.a(dsp.o)
 .text.DSP_Init
                0x800319bc       0xec C:/devkitPro/libogc/lib/wii\libogc.a(dsp.o)
                0x800319bc                DSP_Init
 .text.DSP_CheckMailTo
                0x80031aa8       0x14 C:/devkitPro/libogc/lib/wii\libogc.a(dsp.o)
                0x80031aa8                DSP_CheckMailTo
 .text.DSP_SendMailTo
                0x80031abc       0x18 C:/devkitPro/libogc/lib/wii\libogc.a(dsp.o)
                0x80031abc                DSP_SendMailTo
 .text.DSP_AddTask
                0x80031ad4      0x2ac C:/devkitPro/libogc/lib/wii\libogc.a(dsp.o)
                0x80031ad4                DSP_AddTask
 .text.__si_transfer
                0x80031d80      0x1d0 C:/devkitPro/libogc/lib/wii\libogc.a(si.o)
 .text.__si_alarmhandler
                0x80031f50       0xa0 C:/devkitPro/libogc/lib/wii\libogc.a(si.o)
 .text.__si_completetransfer
                0x80031ff0      0x1fc C:/devkitPro/libogc/lib/wii\libogc.a(si.o)
 .text.__si_transfernext
                0x800321ec       0xd8 C:/devkitPro/libogc/lib/wii\libogc.a(si.o)
 .text.SI_Busy  0x800322c4       0x18 C:/devkitPro/libogc/lib/wii\libogc.a(si.o)
                0x800322c4                SI_Busy
 .text.SI_IsChanBusy
                0x800322dc       0x38 C:/devkitPro/libogc/lib/wii\libogc.a(si.o)
                0x800322dc                SI_IsChanBusy
 .text.SI_SetXY
                0x80032314       0x64 C:/devkitPro/libogc/lib/wii\libogc.a(si.o)
                0x80032314                SI_SetXY
 .text.SI_EnablePolling
                0x80032378       0x78 C:/devkitPro/libogc/lib/wii\libogc.a(si.o)
                0x80032378                SI_EnablePolling
 .text.SI_DisablePolling
                0x800323f0       0x58 C:/devkitPro/libogc/lib/wii\libogc.a(si.o)
                0x800323f0                SI_DisablePolling
 .text.SI_SetSamplingRate
                0x80032448       0xd8 C:/devkitPro/libogc/lib/wii\libogc.a(si.o)
                0x80032448                SI_SetSamplingRate
 .text.SI_RefreshSamplingRate
                0x80032520        0x8 C:/devkitPro/libogc/lib/wii\libogc.a(si.o)
                0x80032520                SI_RefreshSamplingRate
 .text.SI_GetStatus
                0x80032528       0x78 C:/devkitPro/libogc/lib/wii\libogc.a(si.o)
                0x80032528                SI_GetStatus
 .text.SI_GetResponseRaw
                0x800325a0       0xe8 C:/devkitPro/libogc/lib/wii\libogc.a(si.o)
                0x800325a0                SI_GetResponseRaw
 .text.SI_GetResponse
                0x80032688       0xb8 C:/devkitPro/libogc/lib/wii\libogc.a(si.o)
                0x80032688                SI_GetResponse
 .text.SI_SetCommand
                0x80032740       0x10 C:/devkitPro/libogc/lib/wii\libogc.a(si.o)
                0x80032740                SI_SetCommand
 .text.SI_Transfer
                0x80032750      0x29c C:/devkitPro/libogc/lib/wii\libogc.a(si.o)
                0x80032750                SI_Transfer
 .text.__si_gettypecallback
                0x800329ec      0x2b8 C:/devkitPro/libogc/lib/wii\libogc.a(si.o)
 .text.__si_interrupthandler
                0x80032ca4      0x278 C:/devkitPro/libogc/lib/wii\libogc.a(si.o)
 .text.SI_GetType
                0x80032f1c      0x214 C:/devkitPro/libogc/lib/wii\libogc.a(si.o)
                0x80032f1c                SI_GetType
 .text.SI_GetTypeAsync
                0x80033130      0x13c C:/devkitPro/libogc/lib/wii\libogc.a(si.o)
                0x80033130                SI_GetTypeAsync
 .text.SI_EnablePollingInterrupt
                0x8003326c       0x8c C:/devkitPro/libogc/lib/wii\libogc.a(si.o)
                0x8003326c                SI_EnablePollingInterrupt
 .text.SI_UnregisterPollingHandler
                0x800332f8       0xf4 C:/devkitPro/libogc/lib/wii\libogc.a(si.o)
                0x800332f8                SI_UnregisterPollingHandler
 .text.__si_init
                0x800333ec       0xe0 C:/devkitPro/libogc/lib/wii\libogc.a(si.o)
                0x800333ec                __si_init
 .text.__ipc_sendrequest.part.0
                0x800334cc       0xd8 C:/devkitPro/libogc/lib/wii\libogc.a(ipc.o)
 .text.__ipc_syncrequest
                0x800335a4       0xf4 C:/devkitPro/libogc/lib/wii\libogc.a(ipc.o)
 .text.__ioctlvfmtCB
                0x80033698      0x158 C:/devkitPro/libogc/lib/wii\libogc.a(ipc.o)
 .text.__ios_ioctlvformat_parse
                0x800337f0      0x824 C:/devkitPro/libogc/lib/wii\libogc.a(ipc.o)
 .text.__ipc_asyncrequest
                0x80034014      0x144 C:/devkitPro/libogc/lib/wii\libogc.a(ipc.o)
 .text.__ipc_interrupthandler
                0x80034158      0x384 C:/devkitPro/libogc/lib/wii\libogc.a(ipc.o)
 .text.iosCreateHeap
                0x800344dc      0x138 C:/devkitPro/libogc/lib/wii\libogc.a(ipc.o)
                0x800344dc                iosCreateHeap
 .text.iosAlloc
                0x80034614       0x30 C:/devkitPro/libogc/lib/wii\libogc.a(ipc.o)
                0x80034614                iosAlloc
 .text.iosFree  0x80034644       0x28 C:/devkitPro/libogc/lib/wii\libogc.a(ipc.o)
                0x80034644                iosFree
 .text.__IPC_ClntInit
                0x8003466c       0xc4 C:/devkitPro/libogc/lib/wii\libogc.a(ipc.o)
                0x8003466c                __IPC_ClntInit
 .text.IOS_Open
                0x80034730      0x110 C:/devkitPro/libogc/lib/wii\libogc.a(ipc.o)
                0x80034730                IOS_Open
 .text.IOS_Close
                0x80034840       0xf0 C:/devkitPro/libogc/lib/wii\libogc.a(ipc.o)
                0x80034840                IOS_Close
 .text.IOS_CloseAsync
                0x80034930       0xb4 C:/devkitPro/libogc/lib/wii\libogc.a(ipc.o)
                0x80034930                IOS_CloseAsync
 .text.IOS_Read
                0x800349e4      0x10c C:/devkitPro/libogc/lib/wii\libogc.a(ipc.o)
                0x800349e4                IOS_Read
 .text.IOS_Write
                0x80034af0      0x10c C:/devkitPro/libogc/lib/wii\libogc.a(ipc.o)
                0x80034af0                IOS_Write
 .text.IOS_Ioctl
                0x80034bfc      0x158 C:/devkitPro/libogc/lib/wii\libogc.a(ipc.o)
                0x80034bfc                IOS_Ioctl
 .text.IOS_IoctlAsync
                0x80034d54      0x148 C:/devkitPro/libogc/lib/wii\libogc.a(ipc.o)
                0x80034d54                IOS_IoctlAsync
 .text.IOS_Ioctlv
                0x80034e9c      0x1f0 C:/devkitPro/libogc/lib/wii\libogc.a(ipc.o)
                0x80034e9c                IOS_Ioctlv
 .text.IOS_IoctlvAsync
                0x8003508c      0x1d4 C:/devkitPro/libogc/lib/wii\libogc.a(ipc.o)
                0x8003508c                IOS_IoctlvAsync
 .text.IOS_IoctlvFormat
                0x80035260      0x170 C:/devkitPro/libogc/lib/wii\libogc.a(ipc.o)
                0x80035260                IOS_IoctlvFormat
 .text.IOS_IoctlvReboot
                0x800353d0      0x1f4 C:/devkitPro/libogc/lib/wii\libogc.a(ipc.o)
                0x800353d0                IOS_IoctlvReboot
 .text.gettick  0x800355c4        0x8 C:/devkitPro/libogc/lib/wii\libogc.a(timesupp.o)
                0x800355c4                gettick
 .text.gettime  0x800355cc       0x18 C:/devkitPro/libogc/lib/wii\libogc.a(timesupp.o)
                0x800355cc                gettime
 .text.settime  0x800355e4       0x14 C:/devkitPro/libogc/lib/wii\libogc.a(timesupp.o)
                0x800355e4                settime
 .text.diff_usec
                0x800355f8       0x90 C:/devkitPro/libogc/lib/wii\libogc.a(timesupp.o)
                0x800355f8                diff_usec
 .text.__timesystem_init
                0x80035688       0x1c C:/devkitPro/libogc/lib/wii\libogc.a(timesupp.o)
                0x80035688                __timesystem_init