Archive member included to satisfy reference by file (symbol)

C:/devkitPro/libogc/lib/wii\libwiiuse.a(wpad.o)
                              core.o (WPAD_SetDataFormat)
C:/devkitPro/libogc/lib/wii\libwiiuse.a(motion_plus.o)
                              C:/devkitPro/libogc/lib/wii\libwiiuse.a(wpad.o) (wiiuse_set_motion_plus)
C:/devkitPro/libogc/lib/wii\libwiiuse.a(dynamics.o)
                              C:/devkitPro/libogc/lib/wii\libwiiuse.a(wpad.o) (calculate_gforce)
C:/devkitPro/libogc/lib/wii\libwiiuse.a(io.o)
                              C:/devkitPro/libogc/lib/wii\libwiiuse.a(motion_plus.o) (wiiuse_disable_expansion)
C:/devkitPro/libogc/lib/wii\libwiiuse.a(io_wii.o)
                              C:/devkitPro/libogc/lib/wii\libwiiuse.a(wpad.o) (__wiiuse_sensorbar_enable)
C:/devkitPro/libogc/lib/wii\libwiiuse.a(ir.o)
                              C:/devkitPro/libogc/lib/wii\libwiiuse.a(motion_plus.o) (wiiuse_set_ir_mode)
C:/devkitPro/libogc/lib/wii\libwiiuse.a(nunchuk.o)
                              C:/devkitPro/libogc/lib/wii\libwiiuse.a(io.o) (nunchuk_handshake)
C:/devkitPro/libogc/lib/wii\libwiiuse.a(wiiboard.o)
                              C:/devkitPro/libogc/lib/wii\libwiiuse.a(io.o) (wii_board_handshake)
C:/devkitPro/libogc/lib/wii\libwiiuse.a(wiiuse.o)
                              C:/devkitPro/libogc/lib/wii\libwiiuse.a(wpad.o) (wiiuse_init)
C:/devkitPro/libogc/lib/wii\libwiiuse.a(speaker.o)
                              C:/devkitPro/libogc/lib/wii\libwiiuse.a(wpad.o) (wencdata)
C:/devkitPro/libogc/lib/wii\libwiiuse.a(classic.o)
                              C:/devkitPro/libogc/lib/wii\libwiiuse.a(io.o) (classic_ctrl_handshake)
C:/devkitPro/libogc/lib/wii\libwiiuse.a(events.o)
                              C:/devkitPro/libogc/lib/wii\libwiiuse.a(io_wii.o) (parse_event)
C:/devkitPro/libogc/lib/wii\libwiiuse.a(guitar_hero_3.o)
                              C:/devkitPro/libogc/lib/wii\libwiiuse.a(io.o) (guitar_hero_3_handshake)
C:/projects/Aengine/source/engine/lib/wupc/lib\libwupc.a(wupc.o)
                              core.o (WUPC_Init)
C:/devkitPro/libogc/lib/wii\libbte.a(bte.o)
                              C:/devkitPro/libogc/lib/wii\libwiiuse.a(wpad.o) (BTE_Init)
C:/devkitPro/libogc/lib/wii\libbte.a(hci.o)
                              C:/devkitPro/libogc/lib/wii\libbte.a(bte.o) (hci_init)
C:/devkitPro/libogc/lib/wii\libbte.a(l2cap.o)
                              C:/devkitPro/libogc/lib/wii\libbte.a(bte.o) (l2cap_init)
C:/devkitPro/libogc/lib/wii\libbte.a(btmemb.o)
                              C:/devkitPro/libogc/lib/wii\libbte.a(bte.o) (btmemb_init)
C:/devkitPro/libogc/lib/wii\libbte.a(btmemr.o)
                              C:/devkitPro/libogc/lib/wii\libbte.a(hci.o) (btmemr_init)
C:/devkitPro/libogc/lib/wii\libbte.a(btpbuf.o)
                              C:/devkitPro/libogc/lib/wii\libbte.a(hci.o) (btpbuf_init)
C:/devkitPro/libogc/lib/wii\libbte.a(physbusif.o)
                              C:/devkitPro/libogc/lib/wii\libbte.a(bte.o) (physbusif_init)
C:/devkitPro/portlibs/ppc/lib\libvorbisidec.a(vorbisfile.o)
                              oggplayer.o (ov_clear)
C:/devkitPro/portlibs/ppc/lib\libvorbisidec.a(block.o)
                              C:/devkitPro/portlibs/ppc/lib\libvorbisidec.a(vorbisfile.o) (vorbis_block_init)
C:/devkitPro/portlibs/ppc/lib\libvorbisidec.a(window.o)
                              C:/devkitPro/portlibs/ppc/lib\libvorbisidec.a(block.o) (_vorbis_window)
C:/devkitPro/portlibs/ppc/lib\libvorbisidec.a(synthesis.o)
                              C:/devkitPro/portlibs/ppc/lib\libvorbisidec.a(vorbisfile.o) (vorbis_synthesis)
C:/devkitPro/portlibs/ppc/lib\libvorbisidec.a(info.o)
                              C:/devkitPro/portlibs/ppc/lib\libvorbisidec.a(vorbisfile.o) (vorbis_comment_init)
C:/devkitPro/portlibs/ppc/lib\libvorbisidec.a(registry.o)
                              C:/devkitPro/portlibs/ppc/lib\libvorbisidec.a(block.o) (_mapping_P)
C:/devkitPro/portlibs/ppc/lib\libvorbisidec.a(codebook.o)
                              C:/devkitPro/portlibs/ppc/lib\libvorbisidec.a(info.o) (vorbis_staticbook_unpack)
C:/devkitPro/portlibs/ppc/lib\libvorbisidec.a(sharedbook.o)
                              C:/devkitPro/portlibs/ppc/lib\libvorbisidec.a(codebook.o) (_ilog)
C:/devkitPro/portlibs/ppc/lib\libvorbisidec.a(floor1.o)
                              C:/devkitPro/portlibs/ppc/lib\libvorbisidec.a(registry.o) (floor1_exportbundle)
C:/devkitPro/portlibs/ppc/lib\libvorbisidec.a(floor0.o)
                              C:/devkitPro/portlibs/ppc/lib\libvorbisidec.a(registry.o) (floor0_exportbundle)
C:/devkitPro/portlibs/ppc/lib\libvorbisidec.a(res012.o)
                              C:/devkitPro/portlibs/ppc/lib\libvorbisidec.a(registry.o) (residue2_exportbundle)
C:/devkitPro/portlibs/ppc/lib\libvorbisidec.a(mapping0.o)
                              C:/devkitPro/portlibs/ppc/lib\libvorbisidec.a(registry.o) (mapping0_exportbundle)
[...]
Memory Configuration

Name             Origin             Length             Attributes
*default*        0x00000000         0xffffffff

Linker script and memory map

                0x00003400                        . = 0x3400

.stub
 *(.stub)
                0x80004000                        . = 0x80004000

.init           0x80004000      0x194
 *crt0.o(*.init)
 .init          0x80004000      0x170 C:/devkitPro/libogc/lib/wii\libogc.a(ogc_crt0.o)
                0x80004000                _start
                0x80004140                _memset
 *(.init)
 .init          0x80004170        0xc C:/devkitPro/devkitPPC/bin/../lib/gcc/powerpc-eabi/15.1.0/ecrti.o
                0x80004170                __init
 .init          0x8000417c        0x4 C:/devkitPro/devkitPPC/bin/../lib/gcc/powerpc-eabi/15.1.0/crtbegin.o
 .init          0x80004180        0x4 C:/devkitPro/devkitPPC/bin/../lib/gcc/powerpc-eabi/15.1.0/crtend.o
 .init          0x80004184       0x10 C:/devkitPro/devkitPPC/bin/../lib/gcc/powerpc-eabi/15.1.0/ecrtn.o

.rela.dyn       0x80004194        0x0
 .rela.iplt     0x80004194        0x0 C:/devkitPro/devkitPPC/bin/../lib/gcc/powerpc-eabi/15.1.0/crtbegin.o

.plt
 *(.plt)

.interp
 *(.interp)

.hash
 *(.hash)

.dynsym
 *(.dynsym)

.dynstr
 *(.dynstr)

.gnu.version
 *(.gnu.version)

.gnu.version_d
 *(.gnu.version_d)

.gnu.version_r
 *(.gnu.version_r)

.rel.init
 *(.rel.init)

.rela.init
 *(.rela.init)

.rel.text
 *(.rel.text .rel.text.* .rel.gnu.linkonce.t.*)

.rela.text      0x80004194        0x0
 *(.rela.text .rela.text.* .rela.gnu.linkonce.t.*)
 .rela.text.__do_global_dtors_aux
                0x80004194        0x0 C:/devkitPro/devkitPPC/bin/../lib/gcc/powerpc-eabi/15.1.0/crtbegin.o
 .rela.text.frame_dummy
                0x80004194        0x0 C:/devkitPro/devkitPPC/bin/../lib/gcc/powerpc-eabi/15.1.0/crtbegin.o
 .rela.text.unlikely.abort
                0x80004194        0x0 C:/devkitPro/devkitPPC/bin/../lib/gcc/powerpc-eabi/15.1.0/crtbegin.o
 .rela.text.__assert_func
                0x80004194        0x0 C:/devkitPro/devkitPPC/bin/../lib/gcc/powerpc-eabi/15.1.0/crtbegin.o

.rel.fini
 *(.rel.fini)

.rela.fini
 *(.rela.fini)

.rel.rodata
 *(.rel.rodata .rel.rodata.* .rel.gnu.linkonce.r.*)

.rela.rodata
 *(.rela.rodata .rela.rodata.* .rela.gnu.linkonce.r.*)

.rel.data
 *(.rel.data .rel.data.* .rel.gnu.linkonce.d.*)

.rela.data
 *(.rela.data .rela.data.* .rela.gnu.linkonce.d.*)

.rel.tdata
 *(.rel.tdata .rel.tdata.* .rel.gnu.linkonce.td.*)

.rela.tdata
 *(.rela.tdata .rela.tdata.* .rela.gnu.linkonce.td.*)

.rel.tbss
 *(.rel.tbss .rel.tbss.* .rel.gnu.linkonce.tb.*)

.rela.tbss
 *(.rela.tbss .rela.tbss.* .rela.gnu.linkonce.tb.*)

.rel.ctors
 *(.rel.ctors)

.rela.ctors
 *(.rela.ctors)

.rel.dtors
 *(.rel.dtors)

.rela.dtors
 *(.rela.dtors)

.rel.got
 *(.rel.got)

.rela.got
 *(.rela.got)

.rela.got1
 *(.rela.got1)

.rela.got2
 *(.rela.got2)

.rel.sdata
 *(.rel.sdata .rel.sdata.* .rel.gnu.linkonce.s.*)

.rela.sdata
 *(.rela.sdata .rela.sdata.* .rela.gnu.linkonce.s.*)

.rel.sbss
 *(.rel.sbss .rel.sbss.* .rel.gnu.linkonce.sb.*)

.rela.sbss
 *(.rela.sbss .rela.sbss.* .rel.gnu.linkonce.sb.*)

.rel.sdata2
 *(.rel.sdata2 .rel.sdata2.* .rel.gnu.linkonce.s2.*)

.rela.sdata2
 *(.rela.sdata2 .rela.sdata2.* .rela.gnu.linkonce.s2.*)

.rel.sbss2
 *(.rel.sbss2 .rel.sbss2.* .rel.gnu.linkonce.sb2.*)

.rela.sbss2
 *(.rela.sbss2 .rela.sbss2.* .rela.gnu.linkonce.sb2.*)

.rel.bss
 *(.rel.bss .rel.bss.* .rel.gnu.linkonce.b.*)

.rela.bss
 *(.rela.bss .rela.bss.* .rela.gnu.linkonce.b.*)

.rel.plt
 *(.rel.plt)

.rela.plt
 *(.rela.plt)

.text           0x800041a0    0x575c0
 *(.text)
 .text          0x800041a0      0x44c C:/devkitPro/libogc/lib/wii\libogc.a(lwp_handler.o)
                0x800041a0                _cpu_context_save_fp
                0x800042e0                _cpu_context_restore_fp
                0x80004420                _cpu_context_switch
                0x80004500                _cpu_context_save
                0x80004580                _cpu_context_restore
 .text          0x800045ec      0x4f4 C:/devkitPro/libogc/lib/wii\libogc.a(cache_asm.o)
                0x800045ec                DCFlashInvalidate
                0x80004600                DCEnable
                0x80004614                DCDisable
                0x80004628                DCFreeze
                0x8000463c                DCUnfreeze
                0x80004650                DCTouchLoad
                0x80004658                DCBlockZero
                0x80004660                DCBlockStore
                0x80004668                DCBlockFlush
                0x80004670                DCBlockInvalidate
                0x80004678                DCInvalidateRange
                0x800046a8                DCFlushRange
                0x800046dc                DCStoreRange
                0x80004710                DCFlushRangeNoSync
                0x80004740                DCStoreRangeNoSync
                0x80004770                DCZeroRange
                0x800047a0                DCTouchRange
                0x800047d0                ICInvalidateRange
                0x80004808                ICFlashInvalidate
                0x8000481c                ICEnable
                0x80004830                ICDisable
                0x80004844                ICFreeze
                0x80004858                ICUnfreeze
                0x8000486c                ICBlockInvalidate
                0x80004874                ICSync
                0x8000487c                L2Init
                0x800048c4                L2Enable
                0x800048e0                L2Disable
                0x800048f8                L2GlobalInvalidate
                0x80004950                __LCEnable
                0x80004a1c                LCDisable
                0x80004a44                LCAllocOneTag
                0x80004a58                LCAllocTags
                0x80004a98                LCLoadBlocks
                0x80004abc                LCStoreBlocks
 .text          0x80004ae0      0x46c C:/devkitPro/libogc/lib/wii\libogc.a(system_asm.o)
                0x80004ae0                __realmode
                0x80004af8                __configBATS
                0x80004c28                __InitFPRS
                0x80004d54                __InitPS
                0x80004db0                __InitCache
                0x80004e08                __InitSystem
                0x80004e90                __reset
                0x80004f00                __InitBATS
                0x80004f1c                SYS_SwitchFiber
 .text          0x80004f4c      0x8dc C:/devkitPro/libogc/lib/wii\libogc.a(gu_psasm.o)
                0x80004f4c                ps_guMtxConcat
                0x80005010                ps_guMtxIdentity
                0x8000503c                ps_guMtxCopy
                0x80005070                ps_guMtxTranspose
                0x800050c0                ps_guMtxInverse
                0x800051b8                ps_guMtxInvXpose
                0x80005280                ps_guMtxScale
                0x800052a8                ps_guMtxScaleApply
                0x80005300                ps_guMtxApplyScale
                0x80005364                ps_guMtxTrans
                0x80005398                ps_guMtxTransApply
                0x800053e4                ps_guMtxApplyTrans
                0x80005460                ps_guMtxRotTrig
                0x80005510                __ps_guMtxRotAxisRadInternal
                0x800055d0                ps_guMtxReflect
                0x80005640                ps_guVecAdd
                0x80005664                ps_guVecSub
                0x80005688                ps_guVecScale
                0x800056a4                ps_guVecNormalize
                0x800056e8                ps_guVecCross
                0x80005724                ps_guVecDotProduct
                0x80005744                ps_guVecMultiply
                0x80005798                ps_guVecMultiplySR
                0x80005808                ps_guQuatDotProduct
 .text          0x80005828      0x1ac C:/devkitPro/libogc/lib/wii\libogc.a(irq_handler.o)
                0x80005828                irq_exceptionhandler
 .text          0x800059d4      0x1ac C:/devkitPro/libogc/lib/wii\libogc.a(decrementer_handler.o)
                0x800059d4                dec_exceptionhandler
 .text          0x80005b80      0x35c C:/devkitPro/libogc/lib/wii\libogc.a(exception_handler.o)
                0x80005b80                exceptionhandler_start
                0x80005bfc                exceptionhandler_patch
                0x80005c30                exceptionhandler_end
                0x80005c34                default_exceptionhandler
                0x80005d64                fpu_exceptionhandler
                0x80005eac                systemcallhandler_start
                0x80005ed8                systemcallhandler_end
 .text          0x80005edc       0x48 C:/devkitPro/devkitPPC/bin/../lib/gcc/powerpc-eabi/15.1.0\libgcc.a(eabi.o)
                0x80005edc                __eabi
 .text          0x80005f24       0x58 C:/devkitPro/devkitPPC/bin/../lib/gcc/powerpc-eabi/15.1.0\libgcc.a(crtresxgpr.o)
                0x80005f24                _restgpr_14_x
                0x80005f28                _restgpr_15_x
                0x80005f2c                _restgpr_16_x
                0x80005f30                _restgpr_17_x
                0x80005f34                _restgpr_18_x
                0x80005f38                _restgpr_19_x
                0x80005f3c                _restgpr_20_x
                0x80005f40                _restgpr_21_x
                0x80005f44                _restgpr_22_x
                0x80005f48                _restgpr_23_x
                0x80005f4c                _restgpr_24_x
                0x80005f50                _restgpr_25_x
                0x80005f54                _restgpr_26_x
                0x80005f58                _restgpr_27_x
                0x80005f5c                _restgpr_28_x
                0x80005f60                _restgpr_29_x
                0x80005f64                _restgpr_30_x
                0x80005f68                _restgpr_31_x
 *(.text.*)
 .text.__do_global_dtors_aux
                0x80005f7c       0xcc C:/devkitPro/devkitPPC/bin/../lib/gcc/powerpc-eabi/15.1.0/crtbegin.o
 .text.frame_dummy
                0x80006048       0x24 C:/devkitPro/devkitPPC/bin/../lib/gcc/powerpc-eabi/15.1.0/crtbegin.o
 .text.__crtmain
                0x8000606c       0x40 C:/devkitPro/devkitPPC/bin/../lib/gcc/powerpc-eabi/15.1.0/../../../../powerpc-eabi/lib/crtmain.o
                0x80006070                __crtmain
 .text.startup.main
                0x800060ac      0x114 main.o
                0x800060ac                main
 .text.platformInit
                0x800061c0       0x3c core.o
                0x800061c0                platformInit
 .text.finishFrame
                0x800061fc      0x150 core.o
                0x800061fc                finishFrame
 .text.platformExit
                0x8000634c       0x58 core.o
                0x8000634c                platformExit
 .text.inputUpdate
                0x800063a4      0xb50 input.o
                0x800063a4                inputUpdate
 .text.inputMode
                0x80006ef4      0x104 input.o
                0x80006ef4                inputMode
 .text.camSet2D
                0x80006ff8       0xf8 camera.o
                0x80006ff8                camSet2D
 .text.openTextConsole
                0x800070f0       0x9c debug.o
                0x800070f0                openTextConsole
 .text._aAssert
                0x8000718c       0xf0 debug.o
                0x8000718c                _aAssert
 .text.invalidateTexCache
                0x8000727c       0x18 render.o
                0x8000727c                invalidateTexCache
 .text.gpuSetTextureMode
                0x80007294       0x80 render.o
                0x80007294                gpuSetTextureMode
 .text.gpuSetTexture
                0x80007314      0x174 render.o
                0x80007314                gpuSetTexture
 .text.drawTexture
                0x80007488      0x218 render.o
                0x80007488                drawTexture
 .text.drawSprite
                0x800076a0      0x2d0 render.o
                0x800076a0                drawSprite
 .text.textureFromRGBA
                0x80007970      0x24c texture.o
 .text._textureLoad
                0x80007bbc      0x4d4 texture.o
                0x80007bbc                _textureLoad
 .text.textureFree
                0x80008090       0x58 texture.o
                0x80008090                textureFree
 .text.prepareVideo
                0x800080e8      0x364 video.o
                0x800080e8                prepareVideo
 .text.platformRender
                0x8000844c       0xbc video.o
                0x8000844c                platformRender
 .text.exitVideo
                0x80008508       0x98 video.o
                0x80008508                exitVideo
 .text.sceneChange
                0x800085a0       0x98 scenemanager.o
                0x800085a0                sceneChange
 .text.sceneEvent
                0x80008638       0x7c scenemanager.o
                0x80008638                sceneEvent
 .text.readACSheader
                0x800086b4       0xf0 acs.o
                0x800086b4                readACSheader
 .text.importACS
                0x800087a4     0x1330 acs.o
                0x800087a4                importACS
 .text.checkColorValidity
                0x80009ad4       0x84 lodepng.o
 .text.addColorBits
                0x80009b58       0x5c lodepng.o
 .text.color_tree_get
                0x80009bb4       0x58 lodepng.o
 .text.getPixelColorRGBA16
                0x80009c0c      0x208 lodepng.o
 .text.Adam7_getpassvalues
                0x80009e14      0x1bc lodepng.o
 .text.readChunk_tRNS
                0x80009fd0      0x138 lodepng.o
 .text.readChunk_bKGD
                0x8000a108       0xf8 lodepng.o
 .text.readChunk_sBIT
                0x8000a200      0x1d4 lodepng.o
 .text.color_tree_add
                0x8000a3d4      0x100 lodepng.o
 .text.HuffmanTree_makeFromLengths2
                0x8000a4d4      0x798 lodepng.o
 .text.LodePNGText_cleanup
                0x8000ac6c       0x80 lodepng.o
 .text.LodePNGIText_cleanup
                0x8000acec       0xa8 lodepng.o
 .text.lodepng_color_mode_equal
                0x8000ad94      0x120 lodepng.o
 .text.readChunk_pHYs.part.0
                0x8000aeb4       0x74 lodepng.o
 .text.readChunk_cHRM.part.0
                0x8000af28      0x174 lodepng.o
 .text.readChunk_mDCV.part.0
                0x8000b09c      0x10c lodepng.o
 .text.readChunk_cLLI.part.0
                0x8000b1a8       0x6c lodepng.o
 .text.lodepng_color_mode_alloc_palette
                0x8000b214      0x124 lodepng.o
 .text.readChunk_PLTE
                0x8000b338      0x124 lodepng.o
 .text.huffmanDecodeSymbol.isra.0
                0x8000b45c       0x88 lodepng.o
 .text.removePaddingBits
                0x8000b4e4      0x150 lodepng.o
 .text.alloc_string
                0x8000b634       0xc0 lodepng.o
 .text.lodepng_add_itext_sized
                0x8000b6f4      0x1d4 lodepng.o
 .text.generateFixedDistanceTree
                0x8000b8c8       0xbc lodepng.o
 .text.generateFixedLitLenTree.constprop.0
                0x8000b984      0x11c lodepng.o
 .text.lodepng_add_text_sized
                0x8000baa0      0x154 lodepng.o
 .text.readChunk_tEXt
                0x8000bbf4      0x21c lodepng.o
 .text.color_tree_cleanup
                0x8000be10      0x1f4 lodepng.o
 .text.getPixelColorRGBA8
                0x8000c004      0x37c lodepng.o
 .text.lodepng_inflatev
                0x8000c380     0x1250 lodepng.o
 .text.lodepng_zlib_decompressv
                0x8000d5d0      0x254 lodepng.o
 .text.zlib_decompress
                0x8000d824      0x144 lodepng.o
 .text.readChunk_zTXt
                0x8000d968      0x304 lodepng.o
 .text.readChunk_iTXt
                0x8000dc6c      0x614 lodepng.o
 .text.readChunk_iCCP
                0x8000e280      0x31c lodepng.o
 .text.unfilter
                0x8000e59c     0x1c00 lodepng.o
 .text.lodepng_crc32
                0x8001019c      0x1e4 lodepng.o
                0x8001019c                lodepng_crc32
 .text.lodepng_chunk_type_equals
                0x80010380       0x78 lodepng.o
                0x80010380                lodepng_chunk_type_equals
 .text.lodepng_chunk_check_crc
                0x800103f8       0x4c lodepng.o
                0x800103f8                lodepng_chunk_check_crc
 .text.lodepng_chunk_next
                0x80010444       0xb8 lodepng.o
                0x80010444                lodepng_chunk_next
 .text.lodepng_chunk_append
                0x800104fc      0x150 lodepng.o
                0x800104fc                lodepng_chunk_append
 .text.lodepng_color_mode_copy
                0x8001064c       0xd8 lodepng.o
                0x8001064c                lodepng_color_mode_copy
 .text.lodepng_set_exif
                0x80010724       0xa4 lodepng.o
                0x80010724                lodepng_set_exif
 .text.lodepng_info_init
                0x800107c8      0x114 lodepng.o
                0x800107c8                lodepng_info_init
 .text.lodepng_info_cleanup
                0x800108dc       0xb8 lodepng.o
                0x800108dc                lodepng_info_cleanup
 .text.lodepng_convert
                0x80010994     0x1238 lodepng.o
                0x80010994                lodepng_convert
 .text.lodepng_inspect
                0x80011bcc      0x294 lodepng.o
                0x80011bcc                lodepng_inspect
 .text.lodepng_decode
                0x80011e60     0x1600 lodepng.o
                0x80011e60                lodepng_decode
 .text.lodepng_decode_memory
                0x80013460      0x238 lodepng.o
                0x80013460                lodepng_decode_memory
 .text.lodepng_decode32
                0x80013698        0xc lodepng.o
                0x80013698                lodepng_decode32
 .text.sceneUpdate
                0x800136a4        0x4 title.o
 .text.sceneDraw
                0x800136a8       0x18 title.o
 .text.sceneInit
                0x800136c0       0x48 title.o
 .text.sceneExit
                0x80013708        0x4 title.o
 .text.__wpad_assign_slot
                0x8001370c      0x228 C:/devkitPro/libogc/lib/wii\libwiiuse.a(wpad.o)
                0x8001370c                __wpad_assign_slot
 .text.__wpad_def_powcb
                0x80013934        0x4 C:/devkitPro/libogc/lib/wii\libwiiuse.a(wpad.o)
 .text.__readlinkkey_finished
                0x80013938       0x34 C:/devkitPro/libogc/lib/wii\libwiiuse.a(wpad.o)
 .text.__wpad_patch_finished
                0x8001396c       0x2c C:/devkitPro/libogc/lib/wii\libwiiuse.a(wpad.o)
 .text.__wpad_setfmt
                0x80013998      0x14c C:/devkitPro/libogc/lib/wii\libwiiuse.a(wpad.o)
 .text.__wpad_eventCB
                0x80013ae4      0xbf0 C:/devkitPro/libogc/lib/wii\libwiiuse.a(wpad.o)
 .text.__wpad_disconnectCB
                0x800146d4       0xd4 C:/devkitPro/libogc/lib/wii\libwiiuse.a(wpad.o)
                0x800146d4                __wpad_disconnectCB
 .text.__wpad_timeouthandler
                0x800147a8       0xfc C:/devkitPro/libogc/lib/wii\libwiiuse.a(wpad.o)
 .text.__initcore_finished
                0x800148a4       0x48 C:/devkitPro/libogc/lib/wii\libwiiuse.a(wpad.o)
 .text.__wpad_init_finished
                0x800148ec      0x194 C:/devkitPro/libogc/lib/wii\libwiiuse.a(wpad.o)
 .text.WPAD_ReadEvent
                0x80014a80      0x670 C:/devkitPro/libogc/lib/wii\libwiiuse.a(wpad.o)
                0x80014a80                WPAD_ReadEvent
 .text.WPAD_ReadPending
                0x800150f0      0x1a0 C:/devkitPro/libogc/lib/wii\libwiiuse.a(wpad.o)
                0x800150f0                WPAD_ReadPending
 .text.WPAD_SetDataFormat
                0x80015290      0x188 C:/devkitPro/libogc/lib/wii\libwiiuse.a(wpad.o)
                0x80015290                WPAD_SetDataFormat
 .text.WPAD_SetVRes
                0x80015418      0x168 C:/devkitPro/libogc/lib/wii\libwiiuse.a(wpad.o)
                0x80015418                WPAD_SetVRes
 .text.WPAD_Disconnect
                0x80015580      0x128 C:/devkitPro/libogc/lib/wii\libwiiuse.a(wpad.o)
                0x80015580                WPAD_Disconnect
 .text.WPAD_Shutdown
                0x800156a8      0x108 C:/devkitPro/libogc/lib/wii\libwiiuse.a(wpad.o)
                0x800156a8                WPAD_Shutdown
 .text.WPAD_Init
                0x800157b0      0x280 C:/devkitPro/libogc/lib/wii\libwiiuse.a(wpad.o)
                0x800157b0                WPAD_Init
 .text.__wpad_onreset
                0x80015a30       0x34 C:/devkitPro/libogc/lib/wii\libwiiuse.a(wpad.o)
 .text.WPAD_ScanPads
                0x80015a64       0x90 C:/devkitPro/libogc/lib/wii\libwiiuse.a(wpad.o)
                0x80015a64                WPAD_ScanPads
 .text.WPAD_Data
                0x80015af4       0x24 C:/devkitPro/libogc/lib/wii\libwiiuse.a(wpad.o)
                0x80015af4                WPAD_Data
 .text.WPAD_ButtonsUp
                0x80015b18       0x28 C:/devkitPro/libogc/lib/wii\libwiiuse.a(wpad.o)
                0x80015b18                WPAD_ButtonsUp
 .text.WPAD_ButtonsDown
                0x80015b40       0x28 C:/devkitPro/libogc/lib/wii\libwiiuse.a(wpad.o)
                0x80015b40                WPAD_ButtonsDown
 .text.WPAD_ButtonsHeld
                0x80015b68       0x28 C:/devkitPro/libogc/lib/wii\libwiiuse.a(wpad.o)
                0x80015b68                WPAD_ButtonsHeld
 .text.WPAD_IR  0x80015b90       0x50 C:/devkitPro/libogc/lib/wii\libwiiuse.a(wpad.o)
                0x80015b90                WPAD_IR
 .text.motion_plus_disconnected
                0x80015be0       0x10 C:/devkitPro/libogc/lib/wii\libwiiuse.a(motion_plus.o)
                0x80015be0                motion_plus_disconnected
 .text.motion_plus_event
                0x80015bf0       0x64 C:/devkitPro/libogc/lib/wii\libwiiuse.a(motion_plus.o)
                0x80015bf0                motion_plus_event
 .text.calculate_gforce
                0x80015c54      0x114 C:/devkitPro/libogc/lib/wii\libwiiuse.a(dynamics.o)
                0x80015c54                calculate_gforce
 .text.calc_joystick_state
                0x80015d68      0x208 C:/devkitPro/libogc/lib/wii\libwiiuse.a(dynamics.o)
                0x80015d68                calc_joystick_state
 .text.apply_smoothing
                0x80015f70      0x110 C:/devkitPro/libogc/lib/wii\libwiiuse.a(dynamics.o)
                0x80015f70                apply_smoothing
 .text.calculate_orientation
                0x80016080      0x360 C:/devkitPro/libogc/lib/wii\libwiiuse.a(dynamics.o)
                0x80016080                calculate_orientation
 .text.calc_balanceboard_state
                0x800163e0      0x3a4 C:/devkitPro/libogc/lib/wii\libwiiuse.a(dynamics.o)
                0x800163e0                calc_balanceboard_state
 .text.wiiuse_handshake
                0x80016784      0x24c C:/devkitPro/libogc/lib/wii\libwiiuse.a(io.o)
                0x80016784                wiiuse_handshake
 .text.wiiuse_handshake_expansion
                0x800169d0      0x214 C:/devkitPro/libogc/lib/wii\libwiiuse.a(io.o)
                0x800169d0                wiiuse_handshake_expansion
 .text.wiiuse_handshake_expansion_start
                0x80016be4       0x5c C:/devkitPro/libogc/lib/wii\libwiiuse.a(io.o)
                0x80016be4                wiiuse_handshake_expansion_start
 .text.wiiuse_disable_expansion
                0x80016c40      0x1b0 C:/devkitPro/libogc/lib/wii\libwiiuse.a(io.o)
                0x80016c40                wiiuse_disable_expansion
 .text.__wiiuse_connected
                0x80016df0       0x9c C:/devkitPro/libogc/lib/wii\libwiiuse.a(io_wii.o)
 .text.__wiiuse_disconnected
                0x80016e8c       0xb4 C:/devkitPro/libogc/lib/wii\libwiiuse.a(io_wii.o)
 .text.__wiiuse_receive
                0x80016f40       0xc4 C:/devkitPro/libogc/lib/wii\libwiiuse.a(io_wii.o)
 .text.__wiiuse_sensorbar_enable
                0x80017004       0x74 C:/devkitPro/libogc/lib/wii\libwiiuse.a(io_wii.o)
                0x80017004                __wiiuse_sensorbar_enable
 .text.wiiuse_register
                0x80017078       0xe4 C:/devkitPro/libogc/lib/wii\libwiiuse.a(io_wii.o)
                0x80017078                wiiuse_register
 .text.wiiuse_disconnect
                0x8001715c       0x24 C:/devkitPro/libogc/lib/wii\libwiiuse.a(io_wii.o)
                0x8001715c                wiiuse_disconnect
 .text.wiiuse_init_cmd_queue
                0x80017180       0xa4 C:/devkitPro/libogc/lib/wii\libwiiuse.a(io_wii.o)
                0x80017180                wiiuse_init_cmd_queue
 .text.wiiuse_io_write
                0x80017224       0x1c C:/devkitPro/libogc/lib/wii\libwiiuse.a(io_wii.o)
                0x80017224                wiiuse_io_write
 .text.rotate_dots
                0x80017240      0x134 C:/devkitPro/libogc/lib/wii\libwiiuse.a(ir.o)
 .text.wiiuse_set_ir_mode
                0x80017374       0x5c C:/devkitPro/libogc/lib/wii\libwiiuse.a(ir.o)
                0x80017374                wiiuse_set_ir_mode
 .text.wiiuse_set_ir
                0x800173d0      0x298 C:/devkitPro/libogc/lib/wii\libwiiuse.a(ir.o)
                0x800173d0                wiiuse_set_ir
 .text.wiiuse_set_ir_vres
                0x80017668       0x1c C:/devkitPro/libogc/lib/wii\libwiiuse.a(ir.o)
                0x80017668                wiiuse_set_ir_vres
 .text.wiiuse_set_ir_position
                0x80017684       0x80 C:/devkitPro/libogc/lib/wii\libwiiuse.a(ir.o)
                0x80017684                wiiuse_set_ir_position
 .text.wiiuse_set_aspect_ratio
                0x80017704       0xac C:/devkitPro/libogc/lib/wii\libwiiuse.a(ir.o)
                0x80017704                wiiuse_set_aspect_ratio
 .text.wiiuse_set_ir_sensitivity
                0x800177b0      0x190 C:/devkitPro/libogc/lib/wii\libwiiuse.a(ir.o)
                0x800177b0                wiiuse_set_ir_sensitivity
 .text.calculate_basic_ir
                0x80017940       0xe8 C:/devkitPro/libogc/lib/wii\libwiiuse.a(ir.o)
                0x80017940                calculate_basic_ir
 .text.calculate_extended_ir
                0x80017a28       0x64 C:/devkitPro/libogc/lib/wii\libwiiuse.a(ir.o)
                0x80017a28                calculate_extended_ir
 .text.find_sensorbar
                0x80017a8c      0xb00 C:/devkitPro/libogc/lib/wii\libwiiuse.a(ir.o)
                0x80017a8c                find_sensorbar
 .text.apply_ir_smoothing
                0x8001858c      0x120 C:/devkitPro/libogc/lib/wii\libwiiuse.a(ir.o)
                0x8001858c                apply_ir_smoothing
 .text.interpret_ir_data
                0x800186ac      0x3d0 C:/devkitPro/libogc/lib/wii\libwiiuse.a(ir.o)
                0x800186ac                interpret_ir_data
 .text.nunchuk_handshake
                0x80018a7c      0x360 C:/devkitPro/libogc/lib/wii\libwiiuse.a(nunchuk.o)
                0x80018a7c                nunchuk_handshake
 .text.nunchuk_disconnected
                0x80018ddc        0xc C:/devkitPro/libogc/lib/wii\libwiiuse.a(nunchuk.o)
                0x80018ddc                nunchuk_disconnected
 .text.nunchuk_event
                0x80018de8       0xe8 C:/devkitPro/libogc/lib/wii\libwiiuse.a(nunchuk.o)
                0x80018de8                nunchuk_event
 .text.wii_board_handshake
                0x80018ed0      0x28c C:/devkitPro/libogc/lib/wii\libwiiuse.a(wiiboard.o)
                0x80018ed0                wii_board_handshake
 .text.wii_board_disconnected
                0x8001915c        0xc C:/devkitPro/libogc/lib/wii\libwiiuse.a(wiiboard.o)
                0x8001915c                wii_board_disconnected
 .text.wii_board_event
                0x80019168       0x24 C:/devkitPro/libogc/lib/wii\libwiiuse.a(wiiboard.o)
                0x80019168                wii_board_event
 .text.wiiuse_send_next_command
                0x8001918c       0x58 C:/devkitPro/libogc/lib/wii\libwiiuse.a(wiiuse.o)
                0x8001918c                wiiuse_send_next_command
 .text.wiiuse_init
                0x800191e4      0x1fc C:/devkitPro/libogc/lib/wii\libwiiuse.a(wiiuse.o)
                0x800191e4                wiiuse_init
 .text.wiiuse_set_flags
                0x800193e0       0x28 C:/devkitPro/libogc/lib/wii\libwiiuse.a(wiiuse.o)
                0x800193e0                wiiuse_set_flags
 .text.wiiuse_read_data
                0x80019408      0x12c C:/devkitPro/libogc/lib/wii\libwiiuse.a(wiiuse.o)
                0x80019408                wiiuse_read_data
 .text.wiiuse_write_data
                0x80019534      0x160 C:/devkitPro/libogc/lib/wii\libwiiuse.a(wiiuse.o)
                0x80019534                wiiuse_write_data
 .text.wiiuse_sendcmd
                0x80019694      0x14c C:/devkitPro/libogc/lib/wii\libwiiuse.a(wiiuse.o)
                0x80019694                wiiuse_sendcmd
 .text.wiiuse_set_leds
                0x800197e0       0x50 C:/devkitPro/libogc/lib/wii\libwiiuse.a(wiiuse.o)
                0x800197e0                wiiuse_set_leds
 .text.wiiuse_set_report_type
                0x80019830       0xb4 C:/devkitPro/libogc/lib/wii\libwiiuse.a(wiiuse.o)
                0x80019830                wiiuse_set_report_type
 .text.wiiuse_status
                0x800198e4       0x4c C:/devkitPro/libogc/lib/wii\libwiiuse.a(wiiuse.o)
                0x800198e4                wiiuse_status
 .text.wiiuse_motion_sensing
                0x80019930       0x84 C:/devkitPro/libogc/lib/wii\libwiiuse.a(wiiuse.o)
                0x80019930                wiiuse_motion_sensing
 .text.wiiuse_set_speaker
                0x800199b4      0x258 C:/devkitPro/libogc/lib/wii\libwiiuse.a(speaker.o)
                0x800199b4                wiiuse_set_speaker
 .text.classic_ctrl_handshake
                0x80019c0c      0x460 C:/devkitPro/libogc/lib/wii\libwiiuse.a(classic.o)
                0x80019c0c                classic_ctrl_handshake
 .text.classic_ctrl_disconnected
                0x8001a06c        0xc C:/devkitPro/libogc/lib/wii\libwiiuse.a(classic.o)
                0x8001a06c                classic_ctrl_disconnected
 .text.classic_ctrl_event
                0x8001a078      0x15c C:/devkitPro/libogc/lib/wii\libwiiuse.a(classic.o)
                0x8001a078                classic_ctrl_event
 .text.handle_expansion
                0x8001a1d4       0x54 C:/devkitPro/libogc/lib/wii\libwiiuse.a(events.o)
 .text.parse_event
                0x8001a228      0x76c C:/devkitPro/libogc/lib/wii\libwiiuse.a(events.o)
                0x8001a228                parse_event
 .text.guitar_hero_3_handshake
                0x8001a994       0x5c C:/devkitPro/libogc/lib/wii\libwiiuse.a(guitar_hero_3.o)
                0x8001a994                guitar_hero_3_handshake
 .text.guitar_hero_3_disconnected
                0x8001a9f0        0xc C:/devkitPro/libogc/lib/wii\libwiiuse.a(guitar_hero_3.o)
                0x8001a9f0                guitar_hero_3_disconnected
 .text.guitar_hero_3_event
                0x8001a9fc       0x60 C:/devkitPro/libogc/lib/wii\libwiiuse.a(guitar_hero_3.o)
                0x8001a9fc                guitar_hero_3_event
 .text.WUPC_Init
                0x8001aa5c       0x9c C:/projects/Aengine/source/engine/lib/wupc/lib\libwupc.a(wupc.o)
                0x8001aa5c                WUPC_Init
 .text.WUPC_Shutdown
                0x8001aaf8       0x74 C:/projects/Aengine/source/engine/lib/wupc/lib\libwupc.a(wupc.o)
                0x8001aaf8                WUPC_Shutdown
 .text.WUPC_UpdateButtonStats
                0x8001ab6c       0x7c C:/projects/Aengine/source/engine/lib/wupc/lib\libwupc.a(wupc.o)
                0x8001ab6c                WUPC_UpdateButtonStats
 .text.WUPC_ButtonsDown
                0x8001abe8       0x40 C:/projects/Aengine/source/engine/lib/wupc/lib\libwupc.a(wupc.o)
                0x8001abe8                WUPC_ButtonsDown
 .text.WUPC_ButtonsHeld
                0x8001ac28       0x40 C:/projects/Aengine/source/engine/lib/wupc/lib\libwupc.a(wupc.o)
                0x8001ac28                WUPC_ButtonsHeld
 .text.acl_wlp_completed
                0x8001ac68        0x8 C:/devkitPro/libogc/lib/wii\libbte.a(bte.o)
                0x8001ac68                acl_wlp_completed
 .text.bt_alarmhandler
                0x8001ac70       0x58 C:/devkitPro/libogc/lib/wii\libbte.a(bte.o)
 .text.__bte_send_pending_request
                0x8001acc8      0x108 C:/devkitPro/libogc/lib/wii\libbte.a(bte.o)
 .text.acl_conn_complete
                0x8001add0       0x2c C:/devkitPro/libogc/lib/wii\libbte.a(bte.o)
                0x8001add0                acl_conn_complete
 .text.l2cap_accepted
                0x8001adfc      0x11c C:/devkitPro/libogc/lib/wii\libbte.a(bte.o)
                0x8001adfc                l2cap_accepted
 .text.l2cap_disconnect_cfm
                0x8001af18      0x180 C:/devkitPro/libogc/lib/wii\libbte.a(bte.o)
                0x8001af18                l2cap_disconnect_cfm
 .text.bte_process_input
                0x8001b098      0x120 C:/devkitPro/libogc/lib/wii\libbte.a(bte.o)
 .text.l2cap_disconnected_ind
                0x8001b1b8      0x18c C:/devkitPro/libogc/lib/wii\libbte.a(bte.o)
                0x8001b1b8                l2cap_disconnected_ind
 .text.__bte_shutdown_finished
                0x8001b344       0xe0 C:/devkitPro/libogc/lib/wii\libbte.a(bte.o)
 .text.bte_hci_apply_patch_complete
                0x8001b424      0x168 C:/devkitPro/libogc/lib/wii\libbte.a(bte.o)
                0x8001b424                bte_hci_apply_patch_complete
 .text.bte_hci_patch_complete
                0x8001b58c      0x370 C:/devkitPro/libogc/lib/wii\libbte.a(bte.o)
                0x8001b58c                bte_hci_patch_complete
 .text.bte_hci_initcore_complete
                0x8001b8fc      0x254 C:/devkitPro/libogc/lib/wii\libbte.a(bte.o)
                0x8001b8fc                bte_hci_initcore_complete
 .text.bte_read_stored_link_key_complete
                0x8001bb50      0x268 C:/devkitPro/libogc/lib/wii\libbte.a(bte.o)
                0x8001bb50                bte_read_stored_link_key_complete
 .text.bte_hci_initcore_complete2
                0x8001bdb8      0x224 C:/devkitPro/libogc/lib/wii\libbte.a(bte.o)
 .text.bte_hci_initsub_complete
                0x8001bfdc      0x274 C:/devkitPro/libogc/lib/wii\libbte.a(bte.o)
                0x8001bfdc                bte_hci_initsub_complete
 .text.BTE_Init
                0x8001c250      0x138 C:/devkitPro/libogc/lib/wii\libbte.a(bte.o)
                0x8001c250                BTE_Init
 .text.BTE_Shutdown
                0x8001c388      0x100 C:/devkitPro/libogc/lib/wii\libbte.a(bte.o)
                0x8001c388                BTE_Shutdown
 .text.BTE_InitCore
                0x8001c488       0x8c C:/devkitPro/libogc/lib/wii\libbte.a(bte.o)
                0x8001c488                BTE_InitCore
 .text.BTE_ApplyPatch
                0x8001c514       0xa4 C:/devkitPro/libogc/lib/wii\libbte.a(bte.o)
                0x8001c514                BTE_ApplyPatch
 .text.BTE_InitSub
                0x8001c5b8       0x90 C:/devkitPro/libogc/lib/wii\libbte.a(bte.o)
                0x8001c5b8                BTE_InitSub
 .text.BTE_ReadStoredLinkKey
                0x8001c648       0x90 C:/devkitPro/libogc/lib/wii\libbte.a(bte.o)
                0x8001c648                BTE_ReadStoredLinkKey
 .text.BTE_SetDisconnectCallback
                0x8001c6d8        0x4 C:/devkitPro/libogc/lib/wii\libbte.a(bte.o)
                0x8001c6d8                BTE_SetDisconnectCallback
 .text.bte_new  0x8001c6dc       0x54 C:/devkitPro/libogc/lib/wii\libbte.a(bte.o)
                0x8001c6dc                bte_new
 .text.bte_registerdeviceasync
                0x8001c730      0x168 C:/devkitPro/libogc/lib/wii\libbte.a(bte.o)
                0x8001c730                bte_registerdeviceasync
 .text.bte_disconnect
                0x8001c898       0xd8 C:/devkitPro/libogc/lib/wii\libbte.a(bte.o)
                0x8001c898                bte_disconnect
 .text.bte_senddata
                0x8001c970      0x104 C:/devkitPro/libogc/lib/wii\libbte.a(bte.o)
                0x8001c970                bte_senddata
 .text.bte_arg  0x8001ca74       0x38 C:/devkitPro/libogc/lib/wii\libbte.a(bte.o)
                0x8001ca74                bte_arg
 .text.bte_received
                0x8001caac       0x38 C:/devkitPro/libogc/lib/wii\libbte.a(bte.o)
                0x8001caac                bte_received
 .text.bte_disconnected
                0x8001cae4       0x38 C:/devkitPro/libogc/lib/wii\libbte.a(bte.o)
                0x8001cae4                bte_disconnected
 .text.hci_get_link
                0x8001cb1c       0x84 C:/devkitPro/libogc/lib/wii\libbte.a(hci.o)
 .text.hci_init
                0x8001cba0       0x7c C:/devkitPro/libogc/lib/wii\libbte.a(hci.o)
                0x8001cba0                hci_init
 .text.hci_close
                0x8001cc1c      0x134 C:/devkitPro/libogc/lib/wii\libbte.a(hci.o)
                0x8001cc1c                hci_close
 .text.hci_reset_all
                0x8001cd50       0xa8 C:/devkitPro/libogc/lib/wii\libbte.a(hci.o)
                0x8001cd50                hci_reset_all
 .text.hci_arg  0x8001cdf8        0xc C:/devkitPro/libogc/lib/wii\libbte.a(hci.o)
                0x8001cdf8                hci_arg
 .text.hci_cmd_complete
                0x8001ce04        0xc C:/devkitPro/libogc/lib/wii\libbte.a(hci.o)
                0x8001ce04                hci_cmd_complete
 .text.hci_connection_complete
                0x8001ce10        0xc C:/devkitPro/libogc/lib/wii\libbte.a(hci.o)
                0x8001ce10                hci_connection_complete
 .text.hci_wlp_complete
                0x8001ce1c        0xc C:/devkitPro/libogc/lib/wii\libbte.a(hci.o)
                0x8001ce1c                hci_wlp_complete
 .text.hci_reset
                0x8001ce28       0xa0 C:/devkitPro/libogc/lib/wii\libbte.a(hci.o)
                0x8001ce28                hci_reset
 .text.hci_read_buffer_size
                0x8001cec8       0xa0 C:/devkitPro/libogc/lib/wii\libbte.a(hci.o)
                0x8001cec8                hci_read_buffer_size
 .text.hci_read_bd_addr
                0x8001cf68       0xa0 C:/devkitPro/libogc/lib/wii\libbte.a(hci.o)
                0x8001cf68                hci_read_bd_addr
 .text.hci_read_local_version
                0x8001d008       0x9c C:/devkitPro/libogc/lib/wii\libbte.a(hci.o)
                0x8001d008                hci_read_local_version
 .text.hci_read_local_features
                0x8001d0a4       0xa0 C:/devkitPro/libogc/lib/wii\libbte.a(hci.o)
                0x8001d0a4                hci_read_local_features
 .text.hci_read_stored_link_key
                0x8001d144       0xf0 C:/devkitPro/libogc/lib/wii\libbte.a(hci.o)
                0x8001d144                hci_read_stored_link_key
 .text.hci_write_page_timeout
                0x8001d234       0xc4 C:/devkitPro/libogc/lib/wii\libbte.a(hci.o)
                0x8001d234                hci_write_page_timeout
 .text.hci_write_scan_enable
                0x8001d2f8       0xb0 C:/devkitPro/libogc/lib/wii\libbte.a(hci.o)
                0x8001d2f8                hci_write_scan_enable
 .text.hci_accecpt_conn_request
                0x8001d3a8       0xd4 C:/devkitPro/libogc/lib/wii\libbte.a(hci.o)
                0x8001d3a8                hci_accecpt_conn_request
 .text.hci_write_local_name
                0x8001d47c       0xdc C:/devkitPro/libogc/lib/wii\libbte.a(hci.o)
                0x8001d47c                hci_write_local_name
 .text.hci_write_pin_type
                0x8001d558       0xb0 C:/devkitPro/libogc/lib/wii\libbte.a(hci.o)
                0x8001d558                hci_write_pin_type
 .text.hci_write_inquiry_mode
                0x8001d608       0xb0 C:/devkitPro/libogc/lib/wii\libbte.a(hci.o)
                0x8001d608                hci_write_inquiry_mode
 .text.hci_write_page_scan_type
                0x8001d6b8       0xb0 C:/devkitPro/libogc/lib/wii\libbte.a(hci.o)
                0x8001d6b8                hci_write_page_scan_type
 .text.hci_write_inquiry_scan_type
                0x8001d768       0xb0 C:/devkitPro/libogc/lib/wii\libbte.a(hci.o)
                0x8001d768                hci_write_inquiry_scan_type
 .text.hci_vendor_specific_command
                0x8001d818       0xe8 C:/devkitPro/libogc/lib/wii\libbte.a(hci.o)
                0x8001d818                hci_vendor_specific_command
 .text.hci_write_link_policy_settings
                0x8001d900       0xf4 C:/devkitPro/libogc/lib/wii\libbte.a(hci.o)
                0x8001d900                hci_write_link_policy_settings
 .text.hci_pin_code_request_neg_reply
                0x8001d9f4       0xc0 C:/devkitPro/libogc/lib/wii\libbte.a(hci.o)
                0x8001d9f4                hci_pin_code_request_neg_reply
 .text.hci_link_key_req_neg_reply
                0x8001dab4       0xc0 C:/devkitPro/libogc/lib/wii\libbte.a(hci.o)
                0x8001dab4                hci_link_key_req_neg_reply
 .text.hci_disconnect
                0x8001db74       0xec C:/devkitPro/libogc/lib/wii\libbte.a(hci.o)
                0x8001db74                hci_disconnect
 .text.hci_write_cod
                0x8001dc60       0xc0 C:/devkitPro/libogc/lib/wii\libbte.a(hci.o)
                0x8001dc60                hci_write_cod
 .text.hci_host_buffer_size
                0x8001dd20      0x100 C:/devkitPro/libogc/lib/wii\libbte.a(hci.o)
                0x8001dd20                hci_host_buffer_size
 .text.hci_host_num_comp_packets
                0x8001de20       0xfc C:/devkitPro/libogc/lib/wii\libbte.a(hci.o)
                0x8001de20                hci_host_num_comp_packets
 .text.lp_pdu_maxsize
                0x8001df1c        0xc C:/devkitPro/libogc/lib/wii\libbte.a(hci.o)
                0x8001df1c                lp_pdu_maxsize
 .text.lp_acl_write
                0x8001df28      0x154 C:/devkitPro/libogc/lib/wii\libbte.a(hci.o)
                0x8001df28                lp_acl_write
 .text.lp_write_flush_timeout
                0x8001e07c       0xf4 C:/devkitPro/libogc/lib/wii\libbte.a(hci.o)
                0x8001e07c                lp_write_flush_timeout
 .text.hci_event_handler
                0x8001e170      0xc74 C:/devkitPro/libogc/lib/wii\libbte.a(hci.o)
                0x8001e170                hci_event_handler
 .text.hci_acldata_handler
                0x8001ede4      0x110 C:/devkitPro/libogc/lib/wii\libbte.a(hci.o)
                0x8001ede4                hci_acldata_handler
 .text.l2cap_init
                0x8001eef4       0x60 C:/devkitPro/libogc/lib/wii\libbte.a(l2cap.o)
                0x8001eef4                l2cap_init
 .text.l2cap_write
                0x8001ef54      0x1a0 C:/devkitPro/libogc/lib/wii\libbte.a(l2cap.o)
                0x8001ef54                l2cap_write
 .text.l2cap_new
                0x8001f0f4       0x60 C:/devkitPro/libogc/lib/wii\libbte.a(l2cap.o)
                0x8001f0f4                l2cap_new
 .text.l2cap_close
                0x8001f154      0x1c0 C:/devkitPro/libogc/lib/wii\libbte.a(l2cap.o)
                0x8001f154                l2cap_close
 .text.l2cap_reset_all
                0x8001f314      0x148 C:/devkitPro/libogc/lib/wii\libbte.a(l2cap.o)
                0x8001f314                l2cap_reset_all
 .text.l2cap_signal
                0x8001f45c      0x204 C:/devkitPro/libogc/lib/wii\libbte.a(l2cap.o)
                0x8001f45c                l2cap_signal
 .text.l2ca_config_req
                0x8001f660      0x13c C:/devkitPro/libogc/lib/wii\libbte.a(l2cap.o)
                0x8001f660                l2ca_config_req
 .text.l2ca_disconnect_req
                0x8001f79c       0xcc C:/devkitPro/libogc/lib/wii\libbte.a(l2cap.o)
                0x8001f79c                l2ca_disconnect_req
 .text.l2cap_tmr
                0x8001f868      0x260 C:/devkitPro/libogc/lib/wii\libbte.a(l2cap.o)
                0x8001f868                l2cap_tmr
 .text.l2cap_process_sig
                0x8001fac8     0x1318 C:/devkitPro/libogc/lib/wii\libbte.a(l2cap.o)
                0x8001fac8                l2cap_process_sig
 .text.l2cap_input
                0x80020de0      0x5b8 C:/devkitPro/libogc/lib/wii\libbte.a(l2cap.o)
                0x80020de0                l2cap_input
 .text.l2ca_datawrite
                0x80021398      0x128 C:/devkitPro/libogc/lib/wii\libbte.a(l2cap.o)
                0x80021398                l2ca_datawrite
 .text.lp_connect_cfm
                0x800214c0      0x17c C:/devkitPro/libogc/lib/wii\libbte.a(l2cap.o)
                0x800214c0                lp_connect_cfm
 .text.lp_connect_ind
                0x8002163c        0x4 C:/devkitPro/libogc/lib/wii\libbte.a(l2cap.o)
                0x8002163c                lp_connect_ind
 .text.lp_disconnect_ind
                0x80021640      0x1b0 C:/devkitPro/libogc/lib/wii\libbte.a(l2cap.o)
                0x80021640                lp_disconnect_ind
 .text.l2cap_disconnect_bb
                0x800217f0       0x10 C:/devkitPro/libogc/lib/wii\libbte.a(l2cap.o)
                0x800217f0                l2cap_disconnect_bb
 .text.l2cap_arg
                0x80021800        0x8 C:/devkitPro/libogc/lib/wii\libbte.a(l2cap.o)
                0x80021800                l2cap_arg
 .text.l2cap_connect_ind
                0x80021808      0x100 C:/devkitPro/libogc/lib/wii\libbte.a(l2cap.o)
                0x80021808                l2cap_connect_ind
 .text.l2cap_disconnect_ind
                0x80021908        0x8 C:/devkitPro/libogc/lib/wii\libbte.a(l2cap.o)
                0x80021908                l2cap_disconnect_ind
 .text.l2cap_recv
                0x80021910        0x8 C:/devkitPro/libogc/lib/wii\libbte.a(l2cap.o)
                0x80021910                l2cap_recv
 .text.btmemb_init
                0x80021918       0x24 C:/devkitPro/libogc/lib/wii\libbte.a(btmemb.o)
                0x80021918                btmemb_init
 .text.btmemb_alloc
                0x8002193c       0x98 C:/devkitPro/libogc/lib/wii\libbte.a(btmemb.o)
                0x8002193c                btmemb_alloc
 .text.btmemb_free
                0x800219d4       0xe0 C:/devkitPro/libogc/lib/wii\libbte.a(btmemb.o)
                0x800219d4                btmemb_free
 .text.plug_holes
                0x80021ab4       0xac C:/devkitPro/libogc/lib/wii\libbte.a(btmemr.o)
 .text.btmemr_init
                0x80021b60       0xa4 C:/devkitPro/libogc/lib/wii\libbte.a(btmemr.o)
                0x80021b60                btmemr_init
 .text.btmemr_malloc
                0x80021c04      0x180 C:/devkitPro/libogc/lib/wii\libbte.a(btmemr.o)
                0x80021c04                btmemr_malloc
 .text.btmemr_free
                0x80021d84       0x98 C:/devkitPro/libogc/lib/wii\libbte.a(btmemr.o)
                0x80021d84                btmemr_free
 .text.btmemr_realloc
                0x80021e1c      0x120 C:/devkitPro/libogc/lib/wii\libbte.a(btmemr.o)
                0x80021e1c                btmemr_realloc
 .text.btpbuf_init
                0x80021f3c       0x28 C:/devkitPro/libogc/lib/wii\libbte.a(btpbuf.o)
                0x80021f3c                btpbuf_init
 .text.btpbuf_free
                0x80021f64      0x104 C:/devkitPro/libogc/lib/wii\libbte.a(btpbuf.o)
                0x80021f64                btpbuf_free
 .text.btpbuf_alloc
                0x80022068      0x270 C:/devkitPro/libogc/lib/wii\libbte.a(btpbuf.o)
                0x80022068                btpbuf_alloc
 .text.btpbuf_realloc
                0x800222d8      0x120 C:/devkitPro/libogc/lib/wii\libbte.a(btpbuf.o)
                0x800222d8                btpbuf_realloc
 .text.btpbuf_header
                0x800223f8       0x84 C:/devkitPro/libogc/lib/wii\libbte.a(btpbuf.o)
                0x800223f8                btpbuf_header
 .text.btpbuf_ref
                0x8002247c       0x48 C:/devkitPro/libogc/lib/wii\libbte.a(btpbuf.o)
                0x8002247c                btpbuf_ref
 .text.btpbuf_chain
                0x800224c4       0x9c C:/devkitPro/libogc/lib/wii\libbte.a(btpbuf.o)
                0x800224c4                btpbuf_chain
 .text.btpbuf_dechain
                0x80022560       0x7c C:/devkitPro/libogc/lib/wii\libbte.a(btpbuf.o)
                0x80022560                btpbuf_dechain
 .text.btpbuf_take
                0x800225dc      0x13c C:/devkitPro/libogc/lib/wii\libbte.a(btpbuf.o)
                0x800225dc                btpbuf_take
 .text.__usb_closeCB
                0x80022718       0x10 C:/devkitPro/libogc/lib/wii\libbte.a(physbusif.o)
 .text.__writebulkmsgCB
                0x80022728       0x3c C:/devkitPro/libogc/lib/wii\libbte.a(physbusif.o)
 .text.__writectrlmsgCB
                0x80022764       0x3c C:/devkitPro/libogc/lib/wii\libbte.a(physbusif.o)
 .text.__issue_intrread.part.0
                0x800227a0       0x80 C:/devkitPro/libogc/lib/wii\libbte.a(physbusif.o)
 .text.__readintrdataCB
                0x80022820      0x150 C:/devkitPro/libogc/lib/wii\libbte.a(physbusif.o)
 .text.__issue_bulkread.part.0
                0x80022970       0x80 C:/devkitPro/libogc/lib/wii\libbte.a(physbusif.o)
 .text.__readbulkdataCB
                0x800229f0      0x150 C:/devkitPro/libogc/lib/wii\libbte.a(physbusif.o)
 .text.physbusif_init
                0x80022b40      0x1ec C:/devkitPro/libogc/lib/wii\libbte.a(physbusif.o)
                0x80022b40                physbusif_init
 .text.physbusif_close
                0x80022d2c       0x20 C:/devkitPro/libogc/lib/wii\libbte.a(physbusif.o)
                0x80022d2c                physbusif_close
 .text.physbusif_shutdown
                0x80022d4c       0x24 C:/devkitPro/libogc/lib/wii\libbte.a(physbusif.o)
                0x80022d4c                physbusif_shutdown
 .text.physbusif_reset_all
                0x80022d70        0x4 C:/devkitPro/libogc/lib/wii\libbte.a(physbusif.o)
                0x80022d70                physbusif_reset_all
 .text.physbusif_output
                0x80022d74      0x1f4 C:/devkitPro/libogc/lib/wii\libbte.a(physbusif.o)
                0x80022d74                physbusif_output
 .text.__dsp_donecallback
                0x80022f68        0xc C:/devkitPro/libogc/lib/wii\libasnd.a(asndlib.o)
 .text.__dsp_initcallback
                0x80022f74       0x58 C:/devkitPro/libogc/lib/wii\libasnd.a(asndlib.o)
 .text.audio_dma_callback
                0x80022fcc      0x5a4 C:/devkitPro/libogc/lib/wii\libasnd.a(asndlib.o)
 .text.__dsp_requestcallback
                0x80023570      0x65c C:/devkitPro/libogc/lib/wii\libasnd.a(asndlib.o)
 .text.ASND_Init
                0x80023bcc      0x1c8 C:/devkitPro/libogc/lib/wii\libasnd.a(asndlib.o)
                0x80023bcc                ASND_Init
 .text.ASND_End
                0x80023d94       0x7c C:/devkitPro/libogc/lib/wii\libasnd.a(asndlib.o)
                0x80023d94                ASND_End
 .text.RGB8_to_YCbCr
                0x80023e10      0x144 C:/devkitPro/libogc/lib/wii\libogc.a(console.o)
 .text.__console_drawc.part.0
                0x80023f54      0x274 C:/devkitPro/libogc/lib/wii\libogc.a(console.o)
 .text.__console_clear_line
                0x800241c8      0x158 C:/devkitPro/libogc/lib/wii\libogc.a(console.o)
 .text.__console_clear
                0x80024320      0x11c C:/devkitPro/libogc/lib/wii\libogc.a(console.o)
 .text.__set_default_console
                0x8002443c      0x108 C:/devkitPro/libogc/lib/wii\libogc.a(console.o)
 .text.__console_init
                0x80024544       0x70 C:/devkitPro/libogc/lib/wii\libogc.a(console.o)
                0x80024544                __console_init
 .text.newRow   0x800245b4      0x108 C:/devkitPro/libogc/lib/wii\libogc.a(console.o)
                0x800245b4                newRow
 .text.consolePrintChar.part.0
                0x800246bc      0x228 C:/devkitPro/libogc/lib/wii\libogc.a(console.o)
 .text.__console_write
                0x800248e4      0xc2c C:/devkitPro/libogc/lib/wii\libogc.a(console.o)
                0x800248e4                __console_write
 .text.CON_Init
                0x80025510       0x70 C:/devkitPro/libogc/lib/wii\libogc.a(console.o)
                0x80025510                CON_Init
 .text.CON_EnableGecko
                0x80025580       0xf8 C:/devkitPro/libogc/lib/wii\libogc.a(console.o)
                0x80025580                CON_EnableGecko
 .text.__lwp_queue_initialize
                0x80025678       0x98 C:/devkitPro/libogc/lib/wii\libogc.a(lwp_queue.o)
                0x80025678                __lwp_queue_initialize
 .text.__lwp_queue_get
                0x80025710       0x74 C:/devkitPro/libogc/lib/wii\libogc.a(lwp_queue.o)
                0x80025710                __lwp_queue_get
 .text.__lwp_queue_append
                0x80025784       0x4c C:/devkitPro/libogc/lib/wii\libogc.a(lwp_queue.o)
                0x80025784                __lwp_queue_append
 .text.__syscall_getreent
                0x800257d0       0x24 C:/devkitPro/libogc/lib/wii\libogc.a(lwp_threads.o)
                0x800257d0                __syscall_getreent
 .text.__lwp_isr_in_progress
                0x800257f4        0x8 C:/devkitPro/libogc/lib/wii\libogc.a(lwp_threads.o)
                0x800257f4                __lwp_isr_in_progress
 .text.__thread_dispatch_fp
                0x800257fc       0x88 C:/devkitPro/libogc/lib/wii\libogc.a(lwp_threads.o)
                0x800257fc                __thread_dispatch_fp
 .text.__thread_dispatch
                0x80025884       0xf4 C:/devkitPro/libogc/lib/wii\libogc.a(lwp_threads.o)
                0x80025884                __thread_dispatch
 .text.__lwp_thread_resettimeslice
                0x80025978       0xb4 C:/devkitPro/libogc/lib/wii\libogc.a(lwp_threads.o)
                0x80025978                __lwp_thread_resettimeslice
 .text.__lwp_thread_tickle_timeslice
                0x80025a2c       0xc8 C:/devkitPro/libogc/lib/wii\libogc.a(lwp_threads.o)
                0x80025a2c                __lwp_thread_tickle_timeslice
 .text.__lwp_thread_setstate
                0x80025af4      0x16c C:/devkitPro/libogc/lib/wii\libogc.a(lwp_threads.o)
                0x80025af4                __lwp_thread_setstate
 .text.__lwp_thread_clearstate
                0x80025c60       0xe4 C:/devkitPro/libogc/lib/wii\libogc.a(lwp_threads.o)
                0x80025c60                __lwp_thread_clearstate
 .text.__lwp_thread_delayended
                0x80025d44       0x48 C:/devkitPro/libogc/lib/wii\libogc.a(lwp_threads.o)
                0x80025d44                __lwp_thread_delayended
 .text.__lwp_thread_suspend
                0x80025d8c      0x17c C:/devkitPro/libogc/lib/wii\libogc.a(lwp_threads.o)
                0x80025d8c                __lwp_thread_suspend
 .text.__lwp_thread_settransient
                0x80025f08       0xb4 C:/devkitPro/libogc/lib/wii\libogc.a(lwp_threads.o)
                0x80025f08                __lwp_thread_settransient
 .text.__lwp_thread_changepriority
                0x80025fbc      0x1f8 C:/devkitPro/libogc/lib/wii\libogc.a(lwp_threads.o)
                0x80025fbc                __lwp_thread_changepriority
 .text.__lwp_thread_resume
                0x800261b4      0x12c C:/devkitPro/libogc/lib/wii\libogc.a(lwp_threads.o)
                0x800261b4                __lwp_thread_resume
 .text.__lwp_thread_ready
                0x800262e0       0xf0 C:/devkitPro/libogc/lib/wii\libogc.a(lwp_threads.o)
                0x800262e0                __lwp_thread_ready
 .text.__lwp_thread_init
                0x800263d0      0x160 C:/devkitPro/libogc/lib/wii\libogc.a(lwp_threads.o)
                0x800263d0                __lwp_thread_init
 .text.__lwp_thread_close
                0x80026530      0x144 C:/devkitPro/libogc/lib/wii\libogc.a(lwp_threads.o)
                0x80026530                __lwp_thread_close
 .text.__lwp_thread_handler
                0x80026674       0xc0 C:/devkitPro/libogc/lib/wii\libogc.a(lwp_threads.o)
 .text.__lwp_thread_closeall
                0x80026734       0xb4 C:/devkitPro/libogc/lib/wii\libogc.a(lwp_threads.o)
                0x80026734                __lwp_thread_closeall
 .text.__lwp_thread_start
                0x800267e8      0x13c C:/devkitPro/libogc/lib/wii\libogc.a(lwp_threads.o)
                0x800267e8                __lwp_thread_start
 .text.__lwp_thread_startmultitasking
                0x80026924       0xac C:/devkitPro/libogc/lib/wii\libogc.a(lwp_threads.o)
                0x80026924                __lwp_thread_startmultitasking
 .text.__lwp_thread_stopmultitasking
                0x800269d0       0x58 C:/devkitPro/libogc/lib/wii\libogc.a(lwp_threads.o)
                0x800269d0                __lwp_thread_stopmultitasking
 .text.__lwp_thread_coreinit
                0x80026a28       0xc8 C:/devkitPro/libogc/lib/wii\libogc.a(lwp_threads.o)
                0x80026a28                __lwp_thread_coreinit
 .text.idle_func
                0x80026af0        0x4 C:/devkitPro/libogc/lib/wii\libogc.a(lwp.o)
 .text.__lwp_sysinit
                0x80026af4      0x114 C:/devkitPro/libogc/lib/wii\libogc.a(lwp.o)
                0x80026af4                __lwp_sysinit
 .text.LWP_CreateThread
                0x80026c08      0x1b0 C:/devkitPro/libogc/lib/wii\libogc.a(lwp.o)
                0x80026c08                LWP_CreateThread
 .text.LWP_SuspendThread
                0x80026db8       0xc8 C:/devkitPro/libogc/lib/wii\libogc.a(lwp.o)
                0x80026db8                LWP_SuspendThread
 .text.LWP_ResumeThread
                0x80026e80       0xcc C:/devkitPro/libogc/lib/wii\libogc.a(lwp.o)
                0x80026e80                LWP_ResumeThread
 .text.LWP_GetSelf
                0x80026f4c       0x28 C:/devkitPro/libogc/lib/wii\libogc.a(lwp.o)
                0x80026f4c                LWP_GetSelf
 .text.LWP_JoinThread
                0x80026f74      0x134 C:/devkitPro/libogc/lib/wii\libogc.a(lwp.o)
                0x80026f74                LWP_JoinThread
 .text.LWP_InitQueue
                0x800270a8      0x148 C:/devkitPro/libogc/lib/wii\libogc.a(lwp.o)
                0x800270a8                LWP_InitQueue
 .text.LWP_CloseQueue
                0x800271f0       0xd4 C:/devkitPro/libogc/lib/wii\libogc.a(lwp.o)
                0x800271f0                LWP_CloseQueue
 .text.LWP_ThreadSleep
                0x800272c4       0xf4 C:/devkitPro/libogc/lib/wii\libogc.a(lwp.o)
                0x800272c4                LWP_ThreadSleep
 .text.LWP_ThreadBroadcast
                0x800273b8       0x88 C:/devkitPro/libogc/lib/wii\libogc.a(lwp.o)
                0x800273b8                LWP_ThreadBroadcast
 .text.LWP_ThreadSignal
                0x80027440       0x74 C:/devkitPro/libogc/lib/wii\libogc.a(lwp.o)
                0x80027440                LWP_ThreadSignal
 .text.__lwp_stack_allocate
                0x800274b4       0x60 C:/devkitPro/libogc/lib/wii\libogc.a(lwp_stack.o)
                0x800274b4                __lwp_stack_allocate
 .text.__lwp_stack_free
                0x80027514       0x1c C:/devkitPro/libogc/lib/wii\libogc.a(lwp_stack.o)
                0x80027514                __lwp_stack_free
 .text.__lwp_wd_settimer
                0x80027530       0xdc C:/devkitPro/libogc/lib/wii\libogc.a(lwp_watchdog.o)
 .text.__lwp_watchdog_init
                0x8002760c       0x2c C:/devkitPro/libogc/lib/wii\libogc.a(lwp_watchdog.o)
                0x8002760c                __lwp_watchdog_init
 .text.__lwp_wd_insert
                0x80027638      0x19c C:/devkitPro/libogc/lib/wii\libogc.a(lwp_watchdog.o)
                0x80027638                __lwp_wd_insert
 .text.__lwp_wd_remove
                0x800277d4      0x134 C:/devkitPro/libogc/lib/wii\libogc.a(lwp_watchdog.o)
                0x800277d4                __lwp_wd_remove
 .text.__lwp_wd_tickle
                0x80027908      0x120 C:/devkitPro/libogc/lib/wii\libogc.a(lwp_watchdog.o)
                0x80027908                __lwp_wd_tickle
 .text.__lwp_wkspace_init
                0x80027a28       0xc0 C:/devkitPro/libogc/lib/wii\libogc.a(lwp_wkspace.o)
                0x80027a28                __lwp_wkspace_init
 .text.__lwp_objmgr_initinfo
                0x80027ae8      0x1a0 C:/devkitPro/libogc/lib/wii\libogc.a(lwp_objmgr.o)
                0x80027ae8                __lwp_objmgr_initinfo
 .text.__lwp_objmgr_getisrdisable
                0x80027c88       0x60 C:/devkitPro/libogc/lib/wii\libogc.a(lwp_objmgr.o)
                0x80027c88                __lwp_objmgr_getisrdisable
 .text.__lwp_objmgr_getnoprotection
                0x80027ce8       0x24 C:/devkitPro/libogc/lib/wii\libogc.a(lwp_objmgr.o)
                0x80027ce8                __lwp_objmgr_getnoprotection
 .text.__lwp_objmgr_get
                0x80027d0c       0x6c C:/devkitPro/libogc/lib/wii\libogc.a(lwp_objmgr.o)
                0x80027d0c                __lwp_objmgr_get
 .text.__lwp_objmgr_allocate
                0x80027d78       0x88 C:/devkitPro/libogc/lib/wii\libogc.a(lwp_objmgr.o)
                0x80027d78                __lwp_objmgr_allocate
 .text.__lwp_objmgr_free
                0x80027e00       0x60 C:/devkitPro/libogc/lib/wii\libogc.a(lwp_objmgr.o)
                0x80027e00                __lwp_objmgr_free
 .text.__lwp_heap_init
                0x80027e60       0xa4 C:/devkitPro/libogc/lib/wii\libogc.a(lwp_heap.o)
                0x80027e60                __lwp_heap_init
 .text.__lwp_heap_allocate
                0x80027f04      0x168 C:/devkitPro/libogc/lib/wii\libogc.a(lwp_heap.o)
                0x80027f04                __lwp_heap_allocate
 .text.__lwp_heap_free
                0x8002806c      0x188 C:/devkitPro/libogc/lib/wii\libogc.a(lwp_heap.o)
                0x8002806c                __lwp_heap_free
 .text.__SetInterrupts
                0x800281f4      0x268 C:/devkitPro/libogc/lib/wii\libogc.a(irq.o)
 .text.c_irqdispatcher
                0x8002845c      0x26c C:/devkitPro/libogc/lib/wii\libogc.a(irq.o)
                0x8002845c                c_irqdispatcher
 .text.__UnmaskIrq
                0x800286c8       0x84 C:/devkitPro/libogc/lib/wii\libogc.a(irq.o)
                0x800286c8                __UnmaskIrq
 .text.__MaskIrq
                0x8002874c       0x84 C:/devkitPro/libogc/lib/wii\libogc.a(irq.o)
                0x8002874c                __MaskIrq
 .text.__irq_init
                0x800287d0       0x84 C:/devkitPro/libogc/lib/wii\libogc.a(irq.o)
                0x800287d0                __irq_init
 .text.IRQ_Request
                0x80028854       0x50 C:/devkitPro/libogc/lib/wii\libogc.a(irq.o)
                0x80028854                IRQ_Request
 .text.IRQ_GetHandler
                0x800288a4       0x44 C:/devkitPro/libogc/lib/wii\libogc.a(irq.o)
                0x800288a4                IRQ_GetHandler
 .text.IRQ_Disable
                0x800288e8       0x1c C:/devkitPro/libogc/lib/wii\libogc.a(irq.o)
                0x800288e8                IRQ_Disable
 .text.IRQ_Restore
                0x80028904       0x1c C:/devkitPro/libogc/lib/wii\libogc.a(irq.o)
                0x80028904                IRQ_Restore
 .text.__VISendI2CData.constprop.0.isra.0
                0x80028920      0x418 C:/devkitPro/libogc/lib/wii\libogc.a(video.o)
 .text.__setFbbRegs.constprop.0
                0x80028d38      0x190 C:/devkitPro/libogc/lib/wii\libogc.a(video.o)
 .text.__VISetGamma
                0x80028ec8       0x58 C:/devkitPro/libogc/lib/wii\libogc.a(video.o)
 .text.__VISetOutputMode
                0x80028f20      0x134 C:/devkitPro/libogc/lib/wii\libogc.a(video.o)
 .text.__VISetMacroVision
                0x80029054       0xb4 C:/devkitPro/libogc/lib/wii\libogc.a(video.o)
 .text.__VIClearFramebuffer
                0x80029108       0x48 C:/devkitPro/libogc/lib/wii\libogc.a(video.o)
                0x80029108                __VIClearFramebuffer
 .text.VIDEO_WaitVSync
                0x80029150       0x74 C:/devkitPro/libogc/lib/wii\libogc.a(video.o)
                0x80029150                VIDEO_WaitVSync
 .text.VIDEO_SetFramebuffer
                0x800291c4       0xd0 C:/devkitPro/libogc/lib/wii\libogc.a(video.o)
                0x800291c4                VIDEO_SetFramebuffer
 .text.VIDEO_SetNextFramebuffer
                0x80029294       0x70 C:/devkitPro/libogc/lib/wii\libogc.a(video.o)
                0x80029294                VIDEO_SetNextFramebuffer
 .text.VIDEO_Flush
                0x80029304       0xf4 C:/devkitPro/libogc/lib/wii\libogc.a(video.o)
                0x80029304                VIDEO_Flush
 .text.VIDEO_SetBlack
                0x800293f8      0x15c C:/devkitPro/libogc/lib/wii\libogc.a(video.o)
                0x800293f8                VIDEO_SetBlack
 .text.VIDEO_GetCurrentTvMode
                0x80029554       0x78 C:/devkitPro/libogc/lib/wii\libogc.a(video.o)
                0x80029554                VIDEO_GetCurrentTvMode
 .text.__VIRetraceHandler
                0x800295cc      0x250 C:/devkitPro/libogc/lib/wii\libogc.a(video.o)
 .text.__VISetupEncoder.part.0.isra.0
                0x8002981c      0x29c C:/devkitPro/libogc/lib/wii\libogc.a(video.o)
 .text.VIDEO_Configure
                0x80029ab8      0x62c C:/devkitPro/libogc/lib/wii\libogc.a(video.o)
                0x80029ab8                VIDEO_Configure
 .text.VIDEO_Init
                0x8002a0e4      0x3ec C:/devkitPro/libogc/lib/wii\libogc.a(video.o)
                0x8002a0e4                VIDEO_Init
 .text.VIDEO_GetPreferredMode
                0x8002a4d0      0x108 C:/devkitPro/libogc/lib/wii\libogc.a(video.o)
                0x8002a4d0                VIDEO_GetPreferredMode
 .text.VIDEO_GetCurrentLine
                0x8002a5d8       0xa0 C:/devkitPro/libogc/lib/wii\libogc.a(video.o)
                0x8002a5d8                VIDEO_GetCurrentLine
 .text.VIDEO_GetFrameBufferSize
                0x8002a678       0x34 C:/devkitPro/libogc/lib/wii\libogc.a(video.o)
                0x8002a678                VIDEO_GetFrameBufferSize
 .text.SPEC1_MakeStatus
                0x8002a6ac      0x104 C:/devkitPro/libogc/lib/wii\libogc.a(pad.o)
 .text.__pad_samplinghandler
                0x8002a7b0        0x4 C:/devkitPro/libogc/lib/wii\libogc.a(pad.o)
 .text.__pad_doreset
                0x8002a7b4       0x50 C:/devkitPro/libogc/lib/wii\libogc.a(pad.o)
 .text.__pad_updateorigin
                0x8002a804       0x94 C:/devkitPro/libogc/lib/wii\libogc.a(pad.o)
 .text.__pad_disable
                0x8002a898       0xbc C:/devkitPro/libogc/lib/wii\libogc.a(pad.o)
 .text.__pad_receivecheckcallback
                0x8002a954       0x74 C:/devkitPro/libogc/lib/wii\libogc.a(pad.o)
 .text.__pad_typeandstatuscallback
                0x8002a9c8      0x1b4 C:/devkitPro/libogc/lib/wii\libogc.a(pad.o)
 .text.__pad_originupdatecallback
                0x8002ab7c       0x2c C:/devkitPro/libogc/lib/wii\libogc.a(pad.o)
 .text.SPEC2_MakeStatus
                0x8002aba8      0x220 C:/devkitPro/libogc/lib/wii\libogc.a(pad.o)
 .text.__pad_onreset
                0x8002adc8      0x10c C:/devkitPro/libogc/lib/wii\libogc.a(pad.o)
 .text.__pad_origincallback
                0x8002aed4       0x74 C:/devkitPro/libogc/lib/wii\libogc.a(pad.o)
 .text.__pad_probecallback
                0x8002af48       0x84 C:/devkitPro/libogc/lib/wii\libogc.a(pad.o)
 .text.__PADDisableRecalibration
                0x8002afcc       0x60 C:/devkitPro/libogc/lib/wii\libogc.a(pad.o)
                0x8002afcc                __PADDisableRecalibration
 .text.PAD_Reset
                0x8002b02c       0xf0 C:/devkitPro/libogc/lib/wii\libogc.a(pad.o)
                0x8002b02c                PAD_Reset
 .text.PAD_Read
                0x8002b11c      0x2cc C:/devkitPro/libogc/lib/wii\libogc.a(pad.o)
                0x8002b11c                PAD_Read
 .text.PAD_Init
                0x8002b3e8       0xf8 C:/devkitPro/libogc/lib/wii\libogc.a(pad.o)
                0x8002b3e8                PAD_Init
 .text.PAD_ScanPads
                0x8002b4e0      0x13c C:/devkitPro/libogc/lib/wii\libogc.a(pad.o)
                0x8002b4e0                PAD_ScanPads
 .text.PAD_ButtonsUp
                0x8002b61c       0x40 C:/devkitPro/libogc/lib/wii\libogc.a(pad.o)
                0x8002b61c                PAD_ButtonsUp
 .text.PAD_ButtonsDown
                0x8002b65c       0x40 C:/devkitPro/libogc/lib/wii\libogc.a(pad.o)
                0x8002b65c                PAD_ButtonsDown
 .text.PAD_ButtonsHeld
                0x8002b69c       0x40 C:/devkitPro/libogc/lib/wii\libogc.a(pad.o)
                0x8002b69c                PAD_ButtonsHeld
 .text.PAD_SubStickX
                0x8002b6dc       0x40 C:/devkitPro/libogc/lib/wii\libogc.a(pad.o)
                0x8002b6dc                PAD_SubStickX
 .text.PAD_SubStickY
                0x8002b71c       0x40 C:/devkitPro/libogc/lib/wii\libogc.a(pad.o)
                0x8002b71c                PAD_SubStickY
 .text.PAD_StickX
                0x8002b75c       0x40 C:/devkitPro/libogc/lib/wii\libogc.a(pad.o)
                0x8002b75c                PAD_StickX
 .text.PAD_StickY
                0x8002b79c       0x40 C:/devkitPro/libogc/lib/wii\libogc.a(pad.o)
                0x8002b79c                PAD_StickY
 .text.__call_resetfuncs
                0x8002b7dc       0xbc C:/devkitPro/libogc/lib/wii\libogc.a(system.o)
 .text.__MEMInterruptHandler
                0x8002b898       0x14 C:/devkitPro/libogc/lib/wii\libogc.a(system.o)
 .text.__RSWDefaultHandler
                0x8002b8ac        0x4 C:/devkitPro/libogc/lib/wii\libogc.a(system.o)
 .text.__POWDefaultHandler
                0x8002b8b0        0x4 C:/devkitPro/libogc/lib/wii\libogc.a(system.o)
 .text.__STMEventHandler
                0x8002b8b4       0xf4 C:/devkitPro/libogc/lib/wii\libogc.a(system.o)
 .text.__getrtc
                0x8002b9a8      0x14c C:/devkitPro/libogc/lib/wii\libogc.a(system.o)
 .text.__sram_write
                0x8002baf4      0x144 C:/devkitPro/libogc/lib/wii\libogc.a(system.o)
 .text.__sram_writecallback
                0x8002bc38       0x54 C:/devkitPro/libogc/lib/wii\libogc.a(system.o)
 .text.__mem_onreset
                0x8002bc8c       0x48 C:/devkitPro/libogc/lib/wii\libogc.a(system.o)
 .text.__unlocksram
                0x8002bcd4      0x130 C:/devkitPro/libogc/lib/wii\libogc.a(system.o)
 .text.__sys_alarmhandler
                0x8002be04      0x14c C:/devkitPro/libogc/lib/wii\libogc.a(system.o)
 .text.__syscall_malloc_lock
                0x8002bf50        0x4 C:/devkitPro/libogc/lib/wii\libogc.a(system.o)
                0x8002bf50                __syscall_malloc_lock
 .text.__syscall_malloc_unlock
                0x8002bf54        0x4 C:/devkitPro/libogc/lib/wii\libogc.a(system.o)
                0x8002bf54                __syscall_malloc_unlock
 .text.__syscall_nanosleep
                0x8002bf58        0x4 C:/devkitPro/libogc/lib/wii\libogc.a(system.o)
                0x8002bf58                __syscall_nanosleep
 .text.__SYS_GetRTC
                0x8002bf5c       0x98 C:/devkitPro/libogc/lib/wii\libogc.a(system.o)
                0x8002bf5c                __SYS_GetRTC
 .text.__SYS_SetBootTime
                0x8002bff4       0xf4 C:/devkitPro/libogc/lib/wii\libogc.a(system.o)
                0x8002bff4                __SYS_SetBootTime
 .text.__SYS_GetIPCBufferLo
                0x8002c0e8        0x8 C:/devkitPro/libogc/lib/wii\libogc.a(system.o)
                0x8002c0e8                __SYS_GetIPCBufferLo
 .text.__SYS_GetIPCBufferHi
                0x8002c0f0        0x8 C:/devkitPro/libogc/lib/wii\libogc.a(system.o)
                0x8002c0f0                __SYS_GetIPCBufferHi
 .text.__SYS_DoPowerCB
                0x8002c0f8       0x74 C:/devkitPro/libogc/lib/wii\libogc.a(system.o)
                0x8002c0f8                __SYS_DoPowerCB
 .text.__SYS_PreInit
                0x8002c16c        0x4 C:/devkitPro/libogc/lib/wii\libogc.a(system.o)
                0x8002c16c                __SYS_PreInit
 .text.SYS_PreMain
                0x8002c170       0x7c C:/devkitPro/libogc/lib/wii\libogc.a(system.o)
                0x8002c170                SYS_PreMain
 .text.SYS_ResetButtonDown
                0x8002c1ec       0x18 C:/devkitPro/libogc/lib/wii\libogc.a(system.o)
                0x8002c1ec                SYS_ResetButtonDown
 .text.SYS_ResetSystem
                0x8002c204      0x1f8 C:/devkitPro/libogc/lib/wii\libogc.a(system.o)
                0x8002c204                SYS_ResetSystem
 .text.__reload
                0x8002c3fc       0x7c C:/devkitPro/libogc/lib/wii\libogc.a(system.o)
                0x8002c3fc                __reload
 .text.__syscall_exit
                0x8002c478       0x84 C:/devkitPro/libogc/lib/wii\libogc.a(system.o)
                0x8002c478                __syscall_exit
 .text.SYS_RegisterResetFunc
                0x8002c4fc       0x78 C:/devkitPro/libogc/lib/wii\libogc.a(system.o)
                0x8002c4fc                SYS_RegisterResetFunc
 .text.SYS_SetArena1Lo
                0x8002c574       0x38 C:/devkitPro/libogc/lib/wii\libogc.a(system.o)
                0x8002c574                SYS_SetArena1Lo
 .text.SYS_GetArena1Lo
                0x8002c5ac       0x38 C:/devkitPro/libogc/lib/wii\libogc.a(system.o)
                0x8002c5ac                SYS_GetArena1Lo
 .text.SYS_GetArena1Hi
                0x8002c5e4       0x38 C:/devkitPro/libogc/lib/wii\libogc.a(system.o)
                0x8002c5e4                SYS_GetArena1Hi
 .text.SYS_SetArena2Lo
                0x8002c61c       0x38 C:/devkitPro/libogc/lib/wii\libogc.a(system.o)
                0x8002c61c                SYS_SetArena2Lo
 .text.SYS_GetArena2Lo
                0x8002c654       0x38 C:/devkitPro/libogc/lib/wii\libogc.a(system.o)
                0x8002c654                SYS_GetArena2Lo
 .text.SYS_SetArena2Hi
                0x8002c68c       0x38 C:/devkitPro/libogc/lib/wii\libogc.a(system.o)
                0x8002c68c                SYS_SetArena2Hi
 .text.SYS_GetArena2Hi
                0x8002c6c4       0x38 C:/devkitPro/libogc/lib/wii\libogc.a(system.o)
                0x8002c6c4                SYS_GetArena2Hi
 .text.SYS_AllocateFramebuffer
                0x8002c6fc       0x28 C:/devkitPro/libogc/lib/wii\libogc.a(system.o)
                0x8002c6fc                SYS_AllocateFramebuffer
 .text.SYS_CreateAlarm
                0x8002c724      0x104 C:/devkitPro/libogc/lib/wii\libogc.a(system.o)
                0x8002c724                SYS_CreateAlarm
 .text.SYS_SetAlarm
                0x8002c828      0x1e0 C:/devkitPro/libogc/lib/wii\libogc.a(system.o)
                0x8002c828                SYS_SetAlarm
 .text.SYS_SetPeriodicAlarm
                0x8002ca08      0x258 C:/devkitPro/libogc/lib/wii\libogc.a(system.o)
                0x8002ca08                SYS_SetPeriodicAlarm
 .text.SYS_RemoveAlarm
                0x8002cc60      0x10c C:/devkitPro/libogc/lib/wii\libogc.a(system.o)
                0x8002cc60                SYS_RemoveAlarm
 .text.SYS_CancelAlarm
                0x8002cd6c       0xbc C:/devkitPro/libogc/lib/wii\libogc.a(system.o)
                0x8002cd6c                SYS_CancelAlarm
 .text.SYS_GetWirelessID
                0x8002ce28       0x90 C:/devkitPro/libogc/lib/wii\libogc.a(system.o)
                0x8002ce28                SYS_GetWirelessID
 .text.SYS_SetWirelessID
                0x8002ceb8       0x90 C:/devkitPro/libogc/lib/wii\libogc.a(system.o)
                0x8002ceb8                SYS_SetWirelessID
 .text.SYS_SetGBSMode
                0x8002cf48       0xa8 C:/devkitPro/libogc/lib/wii\libogc.a(system.o)
                0x8002cf48                SYS_SetGBSMode
 .text.__sram_init
                0x8002cff0      0x1c4 C:/devkitPro/libogc/lib/wii\libogc.a(system.o)
                0x8002cff0                __sram_init
 .text.SYS_Init
                0x8002d1b4      0x5b0 C:/devkitPro/libogc/lib/wii\libogc.a(system.o)
                0x8002d1b4                SYS_Init
 .text.SYS_GetHollywoodRevision
                0x8002d764       0x3c C:/devkitPro/libogc/lib/wii\libogc.a(system.o)
                0x8002d764                SYS_GetHollywoodRevision
 .text.SYS_Time
                0x8002d7a0       0x78 C:/devkitPro/libogc/lib/wii\libogc.a(system.o)
                0x8002d7a0                SYS_Time
 .text.__lwp_cond_init
                0x8002d818       0x14 C:/devkitPro/libogc/lib/wii\libogc.a(cond.o)
                0x8002d818                __lwp_cond_init
 .text.__GX_InitRevBits
                0x8002d82c       0x9c C:/devkitPro/libogc/lib/wii\libogc.a(gx.o)
 .text.__GXTokenInterruptHandler
                0x8002d8c8       0x6c C:/devkitPro/libogc/lib/wii\libogc.a(gx.o)
 .text.__GXDefTexRegionCallback
                0x8002d934       0x7c C:/devkitPro/libogc/lib/wii\libogc.a(gx.o)
 .text.__GXDefTlutRegionCallback
                0x8002d9b0       0x18 C:/devkitPro/libogc/lib/wii\libogc.a(gx.o)
 .text.__SetSURegs
                0x8002d9c8       0x90 C:/devkitPro/libogc/lib/wii\libogc.a(gx.o)
 .text.__SETVCDATTR
                0x8002da58      0x230 C:/devkitPro/libogc/lib/wii\libogc.a(gx.o)
 .text.__SETVCDFMT
                0x8002dc88      0x4cc C:/devkitPro/libogc/lib/wii\libogc.a(gx.o)
 .text.__GXCPInterruptHandler
                0x8002e154      0x160 C:/devkitPro/libogc/lib/wii\libogc.a(gx.o)
 .text.__GXFinishInterruptHandler
                0x8002e2b4       0x58 C:/devkitPro/libogc/lib/wii\libogc.a(gx.o)
 .text.GX_SetTexCoordGen2.part.0
                0x8002e30c      0x278 C:/devkitPro/libogc/lib/wii\libogc.a(gx.o)
 .text.GX_InitTexObj.part.0
                0x8002e584      0x1c4 C:/devkitPro/libogc/lib/wii\libogc.a(gx.o)
 .text.__GX_SetDirtyState
                0x8002e748      0x61c C:/devkitPro/libogc/lib/wii\libogc.a(gx.o)
 .text.GX_SetCPUFifo
                0x8002ed64      0x20c C:/devkitPro/libogc/lib/wii\libogc.a(gx.o)
                0x8002ed64                GX_SetCPUFifo
 .text.GX_SetGPFifo
                0x8002ef70      0x250 C:/devkitPro/libogc/lib/wii\libogc.a(gx.o)
                0x8002ef70                GX_SetGPFifo
 .text.GX_Flush
                0x8002f1c0       0x94 C:/devkitPro/libogc/lib/wii\libogc.a(gx.o)
                0x8002f1c0                GX_Flush
 .text.GX_AbortFrame
                0x8002f254      0x374 C:/devkitPro/libogc/lib/wii\libogc.a(gx.o)
                0x8002f254                GX_AbortFrame
 .text.__gx_onreset
                0x8002f5c8       0x7c C:/devkitPro/libogc/lib/wii\libogc.a(gx.o)
 .text.GX_DrawDone
                0x8002f644       0xfc C:/devkitPro/libogc/lib/wii\libogc.a(gx.o)
                0x8002f644                GX_DrawDone
 .text.GX_SetViewport
                0x8002f740       0x78 C:/devkitPro/libogc/lib/wii\libogc.a(gx.o)
                0x8002f740                GX_SetViewport
 .text.GX_LoadProjectionMtx
                0x8002f7b8       0xf0 C:/devkitPro/libogc/lib/wii\libogc.a(gx.o)
                0x8002f7b8                GX_LoadProjectionMtx
 .text.GX_SetCopyClear
                0x8002f8a8       0x4c C:/devkitPro/libogc/lib/wii\libogc.a(gx.o)
                0x8002f8a8                GX_SetCopyClear
 .text.GX_SetDispCopyGamma
                0x8002f8f4       0x18 C:/devkitPro/libogc/lib/wii\libogc.a(gx.o)
                0x8002f8f4                GX_SetDispCopyGamma
 .text.GX_SetCopyFilter
                0x8002f90c      0x25c C:/devkitPro/libogc/lib/wii\libogc.a(gx.o)
                0x8002f90c                GX_SetCopyFilter
 .text.GX_SetDispCopyYScale
                0x8002fb68       0xf8 C:/devkitPro/libogc/lib/wii\libogc.a(gx.o)
                0x8002fb68                GX_SetDispCopyYScale
 .text.GX_SetDispCopyDst
                0x8002fc60       0x20 C:/devkitPro/libogc/lib/wii\libogc.a(gx.o)
                0x8002fc60                GX_SetDispCopyDst
 .text.GX_SetDispCopySrc
                0x8002fc80       0x38 C:/devkitPro/libogc/lib/wii\libogc.a(gx.o)
                0x8002fc80                GX_SetDispCopySrc
 .text.GX_CopyDisp
                0x8002fcb8      0x124 C:/devkitPro/libogc/lib/wii\libogc.a(gx.o)
                0x8002fcb8                GX_CopyDisp
 .text.GX_SetVtxDesc
                0x8002fddc       0x34 C:/devkitPro/libogc/lib/wii\libogc.a(gx.o)
                0x8002fddc                GX_SetVtxDesc
 .text.GX_SetVtxAttrFmt
                0x8002fe10       0x54 C:/devkitPro/libogc/lib/wii\libogc.a(gx.o)
                0x8002fe10                GX_SetVtxAttrFmt
 .text.GX_Begin
                0x8002fe64       0x6c C:/devkitPro/libogc/lib/wii\libogc.a(gx.o)
                0x8002fe64                GX_Begin
 .text.GX_SetTexCoordGen
                0x8002fed0       0x14 C:/devkitPro/libogc/lib/wii\libogc.a(gx.o)
                0x8002fed0                GX_SetTexCoordGen
 .text.GX_LoadPosMtxImm
                0x8002fee4       0x50 C:/devkitPro/libogc/lib/wii\libogc.a(gx.o)
                0x8002fee4                GX_LoadPosMtxImm
 .text.GX_SetNumTexGens
                0x8002ff34       0x28 C:/devkitPro/libogc/lib/wii\libogc.a(gx.o)
                0x8002ff34                GX_SetNumTexGens
 .text.GX_InvVtxCache
                0x8002ff5c       0x14 C:/devkitPro/libogc/lib/wii\libogc.a(gx.o)
                0x8002ff5c                GX_InvVtxCache
 .text.GX_SetZMode
                0x8002ff70       0x38 C:/devkitPro/libogc/lib/wii\libogc.a(gx.o)
                0x8002ff70                GX_SetZMode
 .text.GX_InitTexObj
                0x8002ffa8        0xc C:/devkitPro/libogc/lib/wii\libogc.a(gx.o)
                0x8002ffa8                GX_InitTexObj
 .text.GX_InitTexObjLOD
                0x8002ffb4      0x238 C:/devkitPro/libogc/lib/wii\libogc.a(gx.o)
                0x8002ffb4                GX_InitTexObjLOD
 .text.GX_LoadTexObjPreloaded
                0x800301ec      0x188 C:/devkitPro/libogc/lib/wii\libogc.a(gx.o)
                0x800301ec                GX_LoadTexObjPreloaded
 .text.GX_LoadTexObj
                0x80030374       0x58 C:/devkitPro/libogc/lib/wii\libogc.a(gx.o)
                0x80030374                GX_LoadTexObj
 .text.GX_InvalidateTexAll
                0x800303cc       0x50 C:/devkitPro/libogc/lib/wii\libogc.a(gx.o)
                0x800303cc                GX_InvalidateTexAll
 .text.GX_SetBlendMode
                0x8003041c       0xd4 C:/devkitPro/libogc/lib/wii\libogc.a(gx.o)
                0x8003041c                GX_SetBlendMode
 .text.GX_ClearVtxDesc
                0x800304f0       0x38 C:/devkitPro/libogc/lib/wii\libogc.a(gx.o)
                0x800304f0                GX_ClearVtxDesc
 .text.GX_SetTevColorIn
                0x80030528       0x44 C:/devkitPro/libogc/lib/wii\libogc.a(gx.o)
                0x80030528                GX_SetTevColorIn
 .text.GX_SetTevAlphaIn
                0x8003056c       0x44 C:/devkitPro/libogc/lib/wii\libogc.a(gx.o)
                0x8003056c                GX_SetTevAlphaIn
 .text.GX_SetTevColorOp
                0x800305b0       0x98 C:/devkitPro/libogc/lib/wii\libogc.a(gx.o)
                0x800305b0                GX_SetTevColorOp
 .text.GX_SetTevAlphaOp
                0x80030648       0x98 C:/devkitPro/libogc/lib/wii\libogc.a(gx.o)
                0x80030648                GX_SetTevAlphaOp
 .text.GX_SetTevOp
                0x800306e0      0x170 C:/devkitPro/libogc/lib/wii\libogc.a(gx.o)
                0x800306e0                GX_SetTevOp
 .text.GX_SetCullMode
                0x80030850       0x2c C:/devkitPro/libogc/lib/wii\libogc.a(gx.o)
                0x80030850                GX_SetCullMode
 .text.GX_SetScissor
                0x8003087c       0x78 C:/devkitPro/libogc/lib/wii\libogc.a(gx.o)
                0x8003087c                GX_SetScissor
 .text.GX_SetNumChans
                0x800308f4       0x28 C:/devkitPro/libogc/lib/wii\libogc.a(gx.o)
                0x800308f4                GX_SetNumChans
 .text.GX_SetTevOrder
                0x8003091c      0x178 C:/devkitPro/libogc/lib/wii\libogc.a(gx.o)
                0x8003091c                GX_SetTevOrder
 .text.GX_SetAlphaCompare
                0x80030a94       0x3c C:/devkitPro/libogc/lib/wii\libogc.a(gx.o)
                0x80030a94                GX_SetAlphaCompare
 .text.GX_SetTevKColorSel
                0x80030ad0       0x54 C:/devkitPro/libogc/lib/wii\libogc.a(gx.o)
                0x80030ad0                GX_SetTevKColorSel
 .text.GX_SetTevKAlphaSel
                0x80030b24       0x54 C:/devkitPro/libogc/lib/wii\libogc.a(gx.o)
                0x80030b24                GX_SetTevKAlphaSel
 .text.GX_SetTevSwapModeTable
                0x80030b78       0x64 C:/devkitPro/libogc/lib/wii\libogc.a(gx.o)
                0x80030b78                GX_SetTevSwapModeTable
 .text.GX_SetFog
                0x80030bdc      0x244 C:/devkitPro/libogc/lib/wii\libogc.a(gx.o)
                0x80030bdc                GX_SetFog
 .text.GX_SetColorUpdate
                0x80030e20       0x30 C:/devkitPro/libogc/lib/wii\libogc.a(gx.o)
                0x80030e20                GX_SetColorUpdate
 .text.GX_SetAlphaUpdate
                0x80030e50       0x30 C:/devkitPro/libogc/lib/wii\libogc.a(gx.o)
                0x80030e50                GX_SetAlphaUpdate
 .text.GX_SetPixelFmt
                0x80030e80       0xe0 C:/devkitPro/libogc/lib/wii\libogc.a(gx.o)
                0x80030e80                GX_SetPixelFmt
 .text.GX_SetFieldMode
                0x80030f60       0x58 C:/devkitPro/libogc/lib/wii\libogc.a(gx.o)
                0x80030f60                GX_SetFieldMode
 .text.GX_SetGPMetric
                0x80030fb8      0x7fc C:/devkitPro/libogc/lib/wii\libogc.a(gx.o)
                0x80030fb8                GX_SetGPMetric
 .text.GX_Init  0x800317b4     0x1160 C:/devkitPro/libogc/lib/wii\libogc.a(gx.o)
                0x800317b4                GX_Init
 .text.GX_GetYScaleFactor
                0x80032914      0x2c0 C:/devkitPro/libogc/lib/wii\libogc.a(gx.o)
                0x80032914                GX_GetYScaleFactor
 .text.guOrtho  0x80032bd4       0x98 C:/devkitPro/libogc/lib/wii\libogc.a(gu.o)
                0x80032bd4                guOrtho
 .text.__AISRCINIT
                0x80032c6c      0x1cc C:/devkitPro/libogc/lib/wii\libogc.a(audio.o)
 .text.__AIDHandler
                0x80032e38       0xd4 C:/devkitPro/libogc/lib/wii\libogc.a(audio.o)
 .text.AUDIO_Init
                0x80032f0c      0x154 C:/devkitPro/libogc/lib/wii\libogc.a(audio.o)
                0x80032f0c                AUDIO_Init
 .text.AUDIO_RegisterDMACallback
                0x80033060       0x40 C:/devkitPro/libogc/lib/wii\libogc.a(audio.o)
                0x80033060                AUDIO_RegisterDMACallback
 .text.AUDIO_InitDMA
                0x800330a0       0x64 C:/devkitPro/libogc/lib/wii\libogc.a(audio.o)
                0x800330a0                AUDIO_InitDMA
 .text.AUDIO_StartDMA
                0x80033104       0x1c C:/devkitPro/libogc/lib/wii\libogc.a(audio.o)
                0x80033104                AUDIO_StartDMA
 .text.AUDIO_StopDMA
                0x80033120       0x18 C:/devkitPro/libogc/lib/wii\libogc.a(audio.o)
                0x80033120                AUDIO_StopDMA
 .text.AUDIO_SetDSPSampleRate
                0x80033138       0xa0 C:/devkitPro/libogc/lib/wii\libogc.a(audio.o)
                0x80033138                AUDIO_SetDSPSampleRate
 .text.__decrementer_init
                0x800331d8        0x4 C:/devkitPro/libogc/lib/wii\libogc.a(decrementer.o)
                0x800331d8                __decrementer_init
 .text.c_decrementer_handler
                0x800331dc        0xc C:/devkitPro/libogc/lib/wii\libogc.a(decrementer.o)
                0x800331dc                c_decrementer_handler
 .text.__lwp_mqbox_init
                0x800331e8       0x14 C:/devkitPro/libogc/lib/wii\libogc.a(message.o)
                0x800331e8                __lwp_mqbox_init
 .text.__dsp_exectask
                0x800331fc      0x264 C:/devkitPro/libogc/lib/wii\libogc.a(dsp.o)
 .text.__dsp_inthandler
                0x80033460       0x30 C:/devkitPro/libogc/lib/wii\libogc.a(dsp.o)
 .text.__dsp_removetask
                0x80033490       0x74 C:/devkitPro/libogc/lib/wii\libogc.a(dsp.o)
 .text.__dsp_def_taskcb
                0x80033504      0x404 C:/devkitPro/libogc/lib/wii\libogc.a(dsp.o)
 .text.DSP_Init
                0x80033908       0xec C:/devkitPro/libogc/lib/wii\libogc.a(dsp.o)
                0x80033908                DSP_Init
 .text.DSP_CheckMailTo
                0x800339f4       0x14 C:/devkitPro/libogc/lib/wii\libogc.a(dsp.o)
                0x800339f4                DSP_CheckMailTo
 .text.DSP_SendMailTo
                0x80033a08       0x18 C:/devkitPro/libogc/lib/wii\libogc.a(dsp.o)
                0x80033a08                DSP_SendMailTo
 .text.DSP_AddTask
                0x80033a20      0x2ac C:/devkitPro/libogc/lib/wii\libogc.a(dsp.o)
                0x80033a20                DSP_AddTask
 .text.__si_transfer
                0x80033ccc      0x1d0 C:/devkitPro/libogc/lib/wii\libogc.a(si.o)
 .text.__si_alarmhandler
                0x80033e9c       0xa0 C:/devkitPro/libogc/lib/wii\libogc.a(si.o)
 .text.__si_completetransfer
                0x80033f3c      0x1fc C:/devkitPro/libogc/lib/wii\libogc.a(si.o)
 .text.__si_transfernext
                0x80034138       0xd8 C:/devkitPro/libogc/lib/wii\libogc.a(si.o)
 .text.SI_Busy  0x80034210       0x18 C:/devkitPro/libogc/lib/wii\libogc.a(si.o)
                0x80034210                SI_Busy
 .text.SI_IsChanBusy
                0x80034228       0x38 C:/devkitPro/libogc/lib/wii\libogc.a(si.o)
                0x80034228                SI_IsChanBusy
 .text.SI_SetXY
                0x80034260       0x64 C:/devkitPro/libogc/lib/wii\libogc.a(si.o)
                0x80034260                SI_SetXY
 .text.SI_EnablePolling
                0x800342c4       0x78 C:/devkitPro/libogc/lib/wii\libogc.a(si.o)
                0x800342c4                SI_EnablePolling
 .text.SI_DisablePolling
                0x8003433c       0x58 C:/devkitPro/libogc/lib/wii\libogc.a(si.o)
                0x8003433c                SI_DisablePolling
 .text.SI_SetSamplingRate
                0x80034394       0xd8 C:/devkitPro/libogc/lib/wii\libogc.a(si.o)
                0x80034394                SI_SetSamplingRate
 .text.SI_RefreshSamplingRate
                0x8003446c        0x8 C:/devkitPro/libogc/lib/wii\libogc.a(si.o)
                0x8003446c                SI_RefreshSamplingRate
 .text.SI_GetStatus
                0x80034474       0x78 C:/devkitPro/libogc/lib/wii\libogc.a(si.o)
                0x80034474                SI_GetStatus
 .text.SI_GetResponseRaw
                0x800344ec       0xe8 C:/devkitPro/libogc/lib/wii\libogc.a(si.o)
                0x800344ec                SI_GetResponseRaw
 .text.SI_GetResponse
                0x800345d4       0xb8 C:/devkitPro/libogc/lib/wii\libogc.a(si.o)
                0x800345d4                SI_GetResponse
 .text.SI_SetCommand
                0x8003468c       0x10 C:/devkitPro/libogc/lib/wii\libogc.a(si.o)
                0x8003468c                SI_SetCommand
 .text.SI_Transfer
                0x8003469c      0x29c C:/devkitPro/libogc/lib/wii\libogc.a(si.o)
                0x8003469c                SI_Transfer
 .text.__si_gettypecallback
                0x80034938      0x2b8 C:/devkitPro/libogc/lib/wii\libogc.a(si.o)
 .text.__si_interrupthandler
                0x80034bf0      0x278 C:/devkitPro/libogc/lib/wii\libogc.a(si.o)
 .text.SI_GetType
                0x80034e68      0x214 C:/devkitPro/libogc/lib/wii\libogc.a(si.o)
                0x80034e68                SI_GetType
 .text.SI_GetTypeAsync
                0x8003507c      0x13c C:/devkitPro/libogc/lib/wii\libogc.a(si.o)
                0x8003507c                SI_GetTypeAsync
 .text.SI_EnablePollingInterrupt
                0x800351b8       0x8c C:/devkitPro/libogc/lib/wii\libogc.a(si.o)
                0x800351b8                SI_EnablePollingInterrupt
 .text.SI_UnregisterPollingHandler
                0x80035244       0xf4 C:/devkitPro/libogc/lib/wii\libogc.a(si.o)
                0x80035244                SI_UnregisterPollingHandler
 .text.__si_init
                0x80035338       0xe0 C:/devkitPro/libogc/lib/wii\libogc.a(si.o)
                0x80035338                __si_init
 .text.__ipc_sendrequest.part.0
                0x80035418       0xd8 C:/devkitPro/libogc/lib/wii\libogc.a(ipc.o)
 .text.__ipc_syncrequest
                0x800354f0       0xf4 C:/devkitPro/libogc/lib/wii\libogc.a(ipc.o)
 .text.__ioctlvfmtCB
                0x800355e4      0x158 C:/devkitPro/libogc/lib/wii\libogc.a(ipc.o)
 .text.__ios_ioctlvformat_parse
                0x8003573c      0x824 C:/devkitPro/libogc/lib/wii\libogc.a(ipc.o)
 .text.__ipc_asyncrequest
                0x80035f60      0x144 C:/devkitPro/libogc/lib/wii\libogc.a(ipc.o)
 .text.__ipc_interrupthandler
                0x800360a4      0x384 C:/devkitPro/libogc/lib/wii\libogc.a(ipc.o)
 .text.iosCreateHeap
                0x80036428      0x138 C:/devkitPro/libogc/lib/wii\libogc.a(ipc.o)
                0x80036428                iosCreateHeap
 .text.iosAlloc
                0x80036560       0x30 C:/devkitPro/libogc/lib/wii\libogc.a(ipc.o)
                0x80036560                iosAlloc
 .text.iosFree  0x80036590       0x28 C:/devkitPro/libogc/lib/wii\libogc.a(ipc.o)
                0x80036590                iosFree
 .text.__IPC_ClntInit
                0x800365b8       0xc4 C:/devkitPro/libogc/lib/wii\libogc.a(ipc.o)
                0x800365b8                __IPC_ClntInit
 .text.IOS_Open
                0x8003667c      0x110 C:/devkitPro/libogc/lib/wii\libogc.a(ipc.o)
                0x8003667c                IOS_Open
 .text.IOS_Close
                0x8003678c       0xf0 C:/devkitPro/libogc/lib/wii\libogc.a(ipc.o)
                0x8003678c                IOS_Close
 .text.IOS_CloseAsync
                0x8003687c       0xb4 C:/devkitPro/libogc/lib/wii\libogc.a(ipc.o)
                0x8003687c                IOS_CloseAsync
 .text.IOS_Read
                0x80036930      0x10c C:/devkitPro/libogc/lib/wii\libogc.a(ipc.o)
                0x80036930                IOS_Read
 .text.IOS_Write
                0x80036a3c      0x10c C:/devkitPro/libogc/lib/wii\libogc.a(ipc.o)
                0x80036a3c                IOS_Write
 .text.IOS_Ioctl
                0x80036b48      0x158 C:/devkitPro/libogc/lib/wii\libogc.a(ipc.o)
                0x80036b48                IOS_Ioctl
 .text.IOS_IoctlAsync
                0x80036ca0      0x148 C:/devkitPro/libogc/lib/wii\libogc.a(ipc.o)
                0x80036ca0                IOS_IoctlAsync
 .text.IOS_Ioctlv
                0x80036de8      0x1f0 C:/devkitPro/libogc/lib/wii\libogc.a(ipc.o)
                0x80036de8                IOS_Ioctlv
 .text.IOS_IoctlvAsync